[2.345s] Invoking command in '/home/agustin/Proyectos/Proyecto-Integrador-de-Competencias-2/codigo/ros/src/Descripcion_Brazo': DEBUGINFOD_URLS=https://debuginfod.archlinux.org PYTHONPATH=/home/agustin/Proyectos/Proyecto-Integrador-de-Competencias-2/codigo/ros/build/descripcion_brazo/prefix_override:/usr/lib/python3/dist-packages/colcon_core/task/python/colcon_distutils_commands:/home/agustin/Proyectos/Proyecto-Integrador-de-Competencias-2/codigo/ros/install/descripcion_brazo/lib/python3.12/site-packages:${PYTHONPATH} /usr/bin/python3 -W ignore:setup.py install is deprecated -W ignore:easy_install command is deprecated setup.py egg_info --egg-base ../../build/descripcion_brazo build --build-base /home/agustin/Proyectos/Proyecto-Integrador-de-Competencias-2/codigo/ros/build/descripcion_brazo/build install --record /home/agustin/Proyectos/Proyecto-Integrador-de-Competencias-2/codigo/ros/build/descripcion_brazo/install.log --install-scripts $base/lib/Descripcion_Brazo --single-version-externally-managed install_data
[2.862s] running egg_info
[2.900s] writing ../../build/descripcion_brazo/descripcion_brazo.egg-info/PKG-INFO
[2.901s] writing dependency_links to ../../build/descripcion_brazo/descripcion_brazo.egg-info/dependency_links.txt
[2.911s] writing requirements to ../../build/descripcion_brazo/descripcion_brazo.egg-info/requires.txt
[2.912s] writing top-level names to ../../build/descripcion_brazo/descripcion_brazo.egg-info/top_level.txt
[2.989s] reading manifest file '../../build/descripcion_brazo/descripcion_brazo.egg-info/SOURCES.txt'
[2.991s] writing manifest file '../../build/descripcion_brazo/descripcion_brazo.egg-info/SOURCES.txt'
[2.992s] running build
[2.992s] running build_py
[2.993s] running install
[3.008s] running install_lib
[3.060s] running install_data
[3.061s] copying urdf/Brazo.urdf -> /home/agustin/Proyectos/Proyecto-Integrador-de-Competencias-2/codigo/ros/install/descripcion_brazo/share/descripcion_brazo/urdf
[3.084s] copying launch/display.launch.py -> /home/agustin/Proyectos/Proyecto-Integrador-de-Competencias-2/codigo/ros/install/descripcion_brazo/share/descripcion_brazo/launch
[3.095s] running install_egg_info
[3.136s] removing '/home/agustin/Proyectos/Proyecto-Integrador-de-Competencias-2/codigo/ros/install/descripcion_brazo/lib/python3.12/site-packages/descripcion_brazo-0.0.0-py3.12.egg-info' (and everything under it)
[3.137s] Copying ../../build/descripcion_brazo/descripcion_brazo.egg-info to /home/agustin/Proyectos/Proyecto-Integrador-de-Competencias-2/codigo/ros/install/descripcion_brazo/lib/python3.12/site-packages/descripcion_brazo-0.0.0-py3.12.egg-info
[3.140s] running install_scripts
[3.402s] writing list of installed files to '/home/agustin/Proyectos/Proyecto-Integrador-de-Competencias-2/codigo/ros/build/descripcion_brazo/install.log'
[3.481s] Invoked command in '/home/agustin/Proyectos/Proyecto-Integrador-de-Competencias-2/codigo/ros/src/Descripcion_Brazo' returned '0': DEBUGINFOD_URLS=https://debuginfod.archlinux.org PYTHONPATH=/home/agustin/Proyectos/Proyecto-Integrador-de-Competencias-2/codigo/ros/build/descripcion_brazo/prefix_override:/usr/lib/python3/dist-packages/colcon_core/task/python/colcon_distutils_commands:/home/agustin/Proyectos/Proyecto-Integrador-de-Competencias-2/codigo/ros/install/descripcion_brazo/lib/python3.12/site-packages:${PYTHONPATH} /usr/bin/python3 -W ignore:setup.py install is deprecated -W ignore:easy_install command is deprecated setup.py egg_info --egg-base ../../build/descripcion_brazo build --build-base /home/agustin/Proyectos/Proyecto-Integrador-de-Competencias-2/codigo/ros/build/descripcion_brazo/build install --record /home/agustin/Proyectos/Proyecto-Integrador-de-Competencias-2/codigo/ros/build/descripcion_brazo/install.log --install-scripts $base/lib/Descripcion_Brazo --single-version-externally-managed install_data
