[  5%] Built target control_brazo__rs
[  5%] Built target control_brazo__rosidl_generator_type_description
[ 18%] Built target control_brazo__rosidl_generator_c
[ 18%] Built target ament_cmake_python_copy_control_brazo
[ 21%] Built target control_brazo__cpp
[ 29%] Built target control_brazo__rosidl_typesupport_c
[ 37%] Built target control_brazo__rosidl_typesupport_introspection_c
[ 45%] Built target control_brazo__rosidl_typesupport_introspection_cpp
[ 54%] Built target control_brazo__rosidl_typesupport_cpp
[ 62%] Built target control_brazo__rosidl_typesupport_fastrtps_c
[ 70%] Built target control_brazo__rosidl_typesupport_fastrtps_cpp
[ 75%] Built target nodo_control
[ 75%] Built target control_brazo
[ 78%] Built target control_brazo__py
[ 83%] Built target control_brazo__rosidl_generator_py
[ 89%] Built target control_brazo_s__rosidl_typesupport_fastrtps_c
running egg_info
writing control_brazo.egg-info/PKG-INFO
writing dependency_links to control_brazo.egg-info/dependency_links.txt
writing top-level names to control_brazo.egg-info/top_level.txt
[ 94%] Built target control_brazo_s__rosidl_typesupport_introspection_c
interrupted
gmake[1]: *** [CMakeFiles/Makefile2:616: CMakeFiles/control_brazo_s__rosidl_typesupport_c.dir/all] Interrupt
gmake[2]: *** [CMakeFiles/ament_cmake_python_build_control_brazo_egg.dir/build.make:70: CMakeFiles/ament_cmake_python_build_control_brazo_egg] Interrupt
gmake[1]: *** [CMakeFiles/Makefile2:499: CMakeFiles/ament_cmake_python_build_control_brazo_egg.dir/all] Interrupt
gmake: *** [Makefile:146: all] Interrupt
