[0.031s] Invoking command in '/home/agustin/Proyectos/Proyecto-Integrador-de-Competencias-2/codigo/ros/build/control_brazo': CMAKE_PREFIX_PATH=${CMAKE_PREFIX_PATH}:/home/agustin/Proyectos/Proyecto-Integrador-de-Competencias-2/codigo/ros/install/descripcion_brazo:/opt/ros/jazzy DEBUGINFOD_URLS=https://debuginfod.archlinux.org /usr/bin/cmake --build /home/agustin/Proyectos/Proyecto-Integrador-de-Competencias-2/codigo/ros/build/control_brazo -- -j2 -l2
[0.150s] [  2%] Built target control_brazo__rosidl_generator_type_description
[0.168s] [  5%] Built target control_brazo__rs
[0.210s] [  5%] Built target ament_cmake_python_copy_control_brazo
[0.254s] [ 18%] Built target control_brazo__rosidl_generator_c
[0.274s] [ 21%] Built target control_brazo__cpp
[0.356s] [ 29%] Built target control_brazo__rosidl_typesupport_fastrtps_c
[0.448s] [ 37%] Built target control_brazo__rosidl_typesupport_fastrtps_cpp
[0.540s] [ 45%] Built target control_brazo__rosidl_typesupport_introspection_c
[0.631s] [ 54%] Built target control_brazo__rosidl_typesupport_c
[0.702s] [ 62%] Built target control_brazo__rosidl_typesupport_introspection_cpp
[0.790s] [ 70%] Built target control_brazo__rosidl_typesupport_cpp
[0.868s] [ 70%] Built target control_brazo
[0.947s] running egg_info
[0.982s] [ 75%] Built target nodo_control
[0.993s] writing control_brazo.egg-info/PKG-INFO
[0.994s] writing dependency_links to control_brazo.egg-info/dependency_links.txt
[0.994s] writing top-level names to control_brazo.egg-info/top_level.txt
[1.063s] [ 78%] Built target control_brazo__py
[1.151s] [ 83%] Built target control_brazo__rosidl_generator_py
[1.153s] reading manifest file 'control_brazo.egg-info/SOURCES.txt'
[1.156s] writing manifest file 'control_brazo.egg-info/SOURCES.txt'
[1.246s] [ 89%] Built target control_brazo_s__rosidl_typesupport_fastrtps_c
[1.321s] [ 89%] Built target ament_cmake_python_build_control_brazo_egg
[1.334s] [ 94%] Built target control_brazo_s__rosidl_typesupport_introspection_c
[1.370s] [100%] Built target control_brazo_s__rosidl_typesupport_c
[1.392s] Invoked command in '/home/agustin/Proyectos/Proyecto-Integrador-de-Competencias-2/codigo/ros/build/control_brazo' returned '0': CMAKE_PREFIX_PATH=${CMAKE_PREFIX_PATH}:/home/agustin/Proyectos/Proyecto-Integrador-de-Competencias-2/codigo/ros/install/descripcion_brazo:/opt/ros/jazzy DEBUGINFOD_URLS=https://debuginfod.archlinux.org /usr/bin/cmake --build /home/agustin/Proyectos/Proyecto-Integrador-de-Competencias-2/codigo/ros/build/control_brazo -- -j2 -l2
[1.412s] Invoking command in '/home/agustin/Proyectos/Proyecto-Integrador-de-Competencias-2/codigo/ros/build/control_brazo': CMAKE_PREFIX_PATH=${CMAKE_PREFIX_PATH}:/home/agustin/Proyectos/Proyecto-Integrador-de-Competencias-2/codigo/ros/install/descripcion_brazo:/opt/ros/jazzy DEBUGINFOD_URLS=https://debuginfod.archlinux.org /usr/bin/cmake --install /home/agustin/Proyectos/Proyecto-Integrador-de-Competencias-2/codigo/ros/build/control_brazo
[1.430s] -- Install configuration: ""
[1.431s] -- Up-to-date: /home/agustin/Proyectos/Proyecto-Integrador-de-Competencias-2/codigo/ros/install/control_brazo/share/ament_index/resource_index/rosidl_interfaces/control_brazo
[1.431s] -- Up-to-date: /home/agustin/Proyectos/Proyecto-Integrador-de-Competencias-2/codigo/ros/install/control_brazo/share/control_brazo/action/MoverBrazo.json
[1.432s] -- Up-to-date: /home/agustin/Proyectos/Proyecto-Integrador-de-Competencias-2/codigo/ros/install/control_brazo/include/control_brazo/control_brazo
[1.432s] -- Up-to-date: /home/agustin/Proyectos/Proyecto-Integrador-de-Competencias-2/codigo/ros/install/control_brazo/include/control_brazo/control_brazo/msg
[1.433s] -- Up-to-date: /home/agustin/Proyectos/Proyecto-Integrador-de-Competencias-2/codigo/ros/install/control_brazo/include/control_brazo/control_brazo/msg/rosidl_generator_c__visibility_control.h
[1.433s] -- Up-to-date: /home/agustin/Proyectos/Proyecto-Integrador-de-Competencias-2/codigo/ros/install/control_brazo/include/control_brazo/control_brazo/action
[1.434s] -- Up-to-date: /home/agustin/Proyectos/Proyecto-Integrador-de-Competencias-2/codigo/ros/install/control_brazo/include/control_brazo/control_brazo/action/mover_brazo.h
[1.434s] -- Up-to-date: /home/agustin/Proyectos/Proyecto-Integrador-de-Competencias-2/codigo/ros/install/control_brazo/include/control_brazo/control_brazo/action/detail
[1.434s] -- Up-to-date: /home/agustin/Proyectos/Proyecto-Integrador-de-Competencias-2/codigo/ros/install/control_brazo/include/control_brazo/control_brazo/action/detail/mover_brazo__struct.h
[1.435s] -- Up-to-date: /home/agustin/Proyectos/Proyecto-Integrador-de-Competencias-2/codigo/ros/install/control_brazo/include/control_brazo/control_brazo/action/detail/mover_brazo__type_support.h
[1.435s] -- Up-to-date: /home/agustin/Proyectos/Proyecto-Integrador-de-Competencias-2/codigo/ros/install/control_brazo/include/control_brazo/control_brazo/action/detail/mover_brazo__functions.c
[1.436s] -- Up-to-date: /home/agustin/Proyectos/Proyecto-Integrador-de-Competencias-2/codigo/ros/install/control_brazo/include/control_brazo/control_brazo/action/detail/mover_brazo__description.c
[1.436s] -- Installing: /home/agustin/Proyectos/Proyecto-Integrador-de-Competencias-2/codigo/ros/install/control_brazo/include/control_brazo/control_brazo/action/detail/mover_brazo__type_support.c
[1.436s] -- Up-to-date: /home/agustin/Proyectos/Proyecto-Integrador-de-Competencias-2/codigo/ros/install/control_brazo/include/control_brazo/control_brazo/action/detail/mover_brazo__functions.h
[1.436s] -- Up-to-date: /home/agustin/Proyectos/Proyecto-Integrador-de-Competencias-2/codigo/ros/install/control_brazo/share/control_brazo/environment/library_path.sh
[1.438s] -- Up-to-date: /home/agustin/Proyectos/Proyecto-Integrador-de-Competencias-2/codigo/ros/install/control_brazo/share/control_brazo/environment/library_path.dsv
[1.438s] -- Up-to-date: /home/agustin/Proyectos/Proyecto-Integrador-de-Competencias-2/codigo/ros/install/control_brazo/lib/libcontrol_brazo__rosidl_generator_c.so
[1.438s] -- Up-to-date: /home/agustin/Proyectos/Proyecto-Integrador-de-Competencias-2/codigo/ros/install/control_brazo/include/control_brazo/control_brazo
[1.438s] -- Up-to-date: /home/agustin/Proyectos/Proyecto-Integrador-de-Competencias-2/codigo/ros/install/control_brazo/include/control_brazo/control_brazo/msg
[1.438s] -- Up-to-date: /home/agustin/Proyectos/Proyecto-Integrador-de-Competencias-2/codigo/ros/install/control_brazo/include/control_brazo/control_brazo/msg/rosidl_typesupport_fastrtps_c__visibility_control.h
[1.439s] -- Up-to-date: /home/agustin/Proyectos/Proyecto-Integrador-de-Competencias-2/codigo/ros/install/control_brazo/include/control_brazo/control_brazo/action
[1.440s] -- Up-to-date: /home/agustin/Proyectos/Proyecto-Integrador-de-Competencias-2/codigo/ros/install/control_brazo/include/control_brazo/control_brazo/action/detail
[1.440s] -- Up-to-date: /home/agustin/Proyectos/Proyecto-Integrador-de-Competencias-2/codigo/ros/install/control_brazo/include/control_brazo/control_brazo/action/detail/mover_brazo__rosidl_typesupport_fastrtps_c.h
[1.440s] -- Up-to-date: /home/agustin/Proyectos/Proyecto-Integrador-de-Competencias-2/codigo/ros/install/control_brazo/lib/libcontrol_brazo__rosidl_typesupport_fastrtps_c.so
[1.440s] -- Up-to-date: /home/agustin/Proyectos/Proyecto-Integrador-de-Competencias-2/codigo/ros/install/control_brazo/include/control_brazo/control_brazo
[1.442s] -- Up-to-date: /home/agustin/Proyectos/Proyecto-Integrador-de-Competencias-2/codigo/ros/install/control_brazo/include/control_brazo/control_brazo/msg
[1.442s] -- Up-to-date: /home/agustin/Proyectos/Proyecto-Integrador-de-Competencias-2/codigo/ros/install/control_brazo/include/control_brazo/control_brazo/msg/rosidl_generator_cpp__visibility_control.hpp
[1.442s] -- Up-to-date: /home/agustin/Proyectos/Proyecto-Integrador-de-Competencias-2/codigo/ros/install/control_brazo/include/control_brazo/control_brazo/action
[1.442s] -- Up-to-date: /home/agustin/Proyectos/Proyecto-Integrador-de-Competencias-2/codigo/ros/install/control_brazo/include/control_brazo/control_brazo/action/mover_brazo.hpp
[1.444s] -- Up-to-date: /home/agustin/Proyectos/Proyecto-Integrador-de-Competencias-2/codigo/ros/install/control_brazo/include/control_brazo/control_brazo/action/detail
[1.444s] -- Up-to-date: /home/agustin/Proyectos/Proyecto-Integrador-de-Competencias-2/codigo/ros/install/control_brazo/include/control_brazo/control_brazo/action/detail/mover_brazo__builder.hpp
[1.444s] -- Up-to-date: /home/agustin/Proyectos/Proyecto-Integrador-de-Competencias-2/codigo/ros/install/control_brazo/include/control_brazo/control_brazo/action/detail/mover_brazo__traits.hpp
[1.444s] -- Up-to-date: /home/agustin/Proyectos/Proyecto-Integrador-de-Competencias-2/codigo/ros/install/control_brazo/include/control_brazo/control_brazo/action/detail/mover_brazo__struct.hpp
[1.444s] -- Up-to-date: /home/agustin/Proyectos/Proyecto-Integrador-de-Competencias-2/codigo/ros/install/control_brazo/include/control_brazo/control_brazo/action/detail/mover_brazo__type_support.hpp
[1.445s] -- Up-to-date: /home/agustin/Proyectos/Proyecto-Integrador-de-Competencias-2/codigo/ros/install/control_brazo/include/control_brazo/control_brazo
[1.445s] -- Up-to-date: /home/agustin/Proyectos/Proyecto-Integrador-de-Competencias-2/codigo/ros/install/control_brazo/include/control_brazo/control_brazo/msg
[1.446s] -- Up-to-date: /home/agustin/Proyectos/Proyecto-Integrador-de-Competencias-2/codigo/ros/install/control_brazo/include/control_brazo/control_brazo/msg/rosidl_typesupport_fastrtps_cpp__visibility_control.h
[1.446s] -- Up-to-date: /home/agustin/Proyectos/Proyecto-Integrador-de-Competencias-2/codigo/ros/install/control_brazo/include/control_brazo/control_brazo/action
[1.447s] -- Up-to-date: /home/agustin/Proyectos/Proyecto-Integrador-de-Competencias-2/codigo/ros/install/control_brazo/include/control_brazo/control_brazo/action/detail
[1.447s] -- Up-to-date: /home/agustin/Proyectos/Proyecto-Integrador-de-Competencias-2/codigo/ros/install/control_brazo/include/control_brazo/control_brazo/action/detail/dds_fastrtps
[1.447s] -- Up-to-date: /home/agustin/Proyectos/Proyecto-Integrador-de-Competencias-2/codigo/ros/install/control_brazo/include/control_brazo/control_brazo/action/detail/mover_brazo__rosidl_typesupport_fastrtps_cpp.hpp
[1.447s] -- Up-to-date: /home/agustin/Proyectos/Proyecto-Integrador-de-Competencias-2/codigo/ros/install/control_brazo/lib/libcontrol_brazo__rosidl_typesupport_fastrtps_cpp.so
[1.447s] -- Up-to-date: /home/agustin/Proyectos/Proyecto-Integrador-de-Competencias-2/codigo/ros/install/control_brazo/include/control_brazo/control_brazo
[1.449s] -- Up-to-date: /home/agustin/Proyectos/Proyecto-Integrador-de-Competencias-2/codigo/ros/install/control_brazo/include/control_brazo/control_brazo/msg
[1.449s] -- Up-to-date: /home/agustin/Proyectos/Proyecto-Integrador-de-Competencias-2/codigo/ros/install/control_brazo/include/control_brazo/control_brazo/msg/rosidl_typesupport_introspection_c__visibility_control.h
[1.449s] -- Up-to-date: /home/agustin/Proyectos/Proyecto-Integrador-de-Competencias-2/codigo/ros/install/control_brazo/include/control_brazo/control_brazo/action
[1.449s] -- Up-to-date: /home/agustin/Proyectos/Proyecto-Integrador-de-Competencias-2/codigo/ros/install/control_brazo/include/control_brazo/control_brazo/action/detail
[1.449s] -- Up-to-date: /home/agustin/Proyectos/Proyecto-Integrador-de-Competencias-2/codigo/ros/install/control_brazo/include/control_brazo/control_brazo/action/detail/mover_brazo__rosidl_typesupport_introspection_c.h
[1.450s] -- Installing: /home/agustin/Proyectos/Proyecto-Integrador-de-Competencias-2/codigo/ros/install/control_brazo/include/control_brazo/control_brazo/action/detail/mover_brazo__type_support.c
[1.451s] -- Up-to-date: /home/agustin/Proyectos/Proyecto-Integrador-de-Competencias-2/codigo/ros/install/control_brazo/lib/libcontrol_brazo__rosidl_typesupport_introspection_c.so
[1.451s] -- Up-to-date: /home/agustin/Proyectos/Proyecto-Integrador-de-Competencias-2/codigo/ros/install/control_brazo/lib/libcontrol_brazo__rosidl_typesupport_c.so
[1.451s] -- Up-to-date: /home/agustin/Proyectos/Proyecto-Integrador-de-Competencias-2/codigo/ros/install/control_brazo/include/control_brazo/control_brazo
[1.452s] -- Up-to-date: /home/agustin/Proyectos/Proyecto-Integrador-de-Competencias-2/codigo/ros/install/control_brazo/include/control_brazo/control_brazo/action
[1.452s] -- Up-to-date: /home/agustin/Proyectos/Proyecto-Integrador-de-Competencias-2/codigo/ros/install/control_brazo/include/control_brazo/control_brazo/action/detail
[1.452s] -- Up-to-date: /home/agustin/Proyectos/Proyecto-Integrador-de-Competencias-2/codigo/ros/install/control_brazo/include/control_brazo/control_brazo/action/detail/mover_brazo__rosidl_typesupport_introspection_cpp.hpp
[1.453s] -- Up-to-date: /home/agustin/Proyectos/Proyecto-Integrador-de-Competencias-2/codigo/ros/install/control_brazo/include/control_brazo/control_brazo/action/detail/mover_brazo__type_support.cpp
[1.453s] -- Up-to-date: /home/agustin/Proyectos/Proyecto-Integrador-de-Competencias-2/codigo/ros/install/control_brazo/lib/libcontrol_brazo__rosidl_typesupport_introspection_cpp.so
[1.455s] -- Up-to-date: /home/agustin/Proyectos/Proyecto-Integrador-de-Competencias-2/codigo/ros/install/control_brazo/lib/libcontrol_brazo__rosidl_typesupport_cpp.so
[1.455s] -- Up-to-date: /home/agustin/Proyectos/Proyecto-Integrador-de-Competencias-2/codigo/ros/install/control_brazo/share/control_brazo/environment/pythonpath.sh
[1.455s] -- Up-to-date: /home/agustin/Proyectos/Proyecto-Integrador-de-Competencias-2/codigo/ros/install/control_brazo/share/control_brazo/environment/pythonpath.dsv
[1.455s] -- Up-to-date: /home/agustin/Proyectos/Proyecto-Integrador-de-Competencias-2/codigo/ros/install/control_brazo/lib/python3.12/site-packages/control_brazo-0.0.0-py3.12.egg-info
[1.455s] -- Installing: /home/agustin/Proyectos/Proyecto-Integrador-de-Competencias-2/codigo/ros/install/control_brazo/lib/python3.12/site-packages/control_brazo-0.0.0-py3.12.egg-info/SOURCES.txt
[1.456s] -- Installing: /home/agustin/Proyectos/Proyecto-Integrador-de-Competencias-2/codigo/ros/install/control_brazo/lib/python3.12/site-packages/control_brazo-0.0.0-py3.12.egg-info/dependency_links.txt
[1.456s] -- Installing: /home/agustin/Proyectos/Proyecto-Integrador-de-Competencias-2/codigo/ros/install/control_brazo/lib/python3.12/site-packages/control_brazo-0.0.0-py3.12.egg-info/top_level.txt
[1.456s] -- Installing: /home/agustin/Proyectos/Proyecto-Integrador-de-Competencias-2/codigo/ros/install/control_brazo/lib/python3.12/site-packages/control_brazo-0.0.0-py3.12.egg-info/PKG-INFO
[1.457s] -- Up-to-date: /home/agustin/Proyectos/Proyecto-Integrador-de-Competencias-2/codigo/ros/install/control_brazo/lib/python3.12/site-packages/control_brazo
[1.458s] -- Up-to-date: /home/agustin/Proyectos/Proyecto-Integrador-de-Competencias-2/codigo/ros/install/control_brazo/lib/python3.12/site-packages/control_brazo/_control_brazo_s.ep.rosidl_typesupport_c.c
[1.458s] -- Up-to-date: /home/agustin/Proyectos/Proyecto-Integrador-de-Competencias-2/codigo/ros/install/control_brazo/lib/python3.12/site-packages/control_brazo/_control_brazo_s.ep.rosidl_typesupport_introspection_c.c
[1.458s] -- Up-to-date: /home/agustin/Proyectos/Proyecto-Integrador-de-Competencias-2/codigo/ros/install/control_brazo/lib/python3.12/site-packages/control_brazo/control_brazo_s__rosidl_typesupport_c.so
[1.458s] -- Up-to-date: /home/agustin/Proyectos/Proyecto-Integrador-de-Competencias-2/codigo/ros/install/control_brazo/lib/python3.12/site-packages/control_brazo/control_brazo_s__rosidl_typesupport_introspection_c.so
[1.458s] -- Up-to-date: /home/agustin/Proyectos/Proyecto-Integrador-de-Competencias-2/codigo/ros/install/control_brazo/lib/python3.12/site-packages/control_brazo/__init__.py
[1.459s] -- Up-to-date: /home/agustin/Proyectos/Proyecto-Integrador-de-Competencias-2/codigo/ros/install/control_brazo/lib/python3.12/site-packages/control_brazo/control_brazo_s__rosidl_typesupport_fastrtps_c.so
[1.460s] -- Up-to-date: /home/agustin/Proyectos/Proyecto-Integrador-de-Competencias-2/codigo/ros/install/control_brazo/lib/python3.12/site-packages/control_brazo/action
[1.460s] -- Up-to-date: /home/agustin/Proyectos/Proyecto-Integrador-de-Competencias-2/codigo/ros/install/control_brazo/lib/python3.12/site-packages/control_brazo/action/_mover_brazo.py
[1.460s] -- Up-to-date: /home/agustin/Proyectos/Proyecto-Integrador-de-Competencias-2/codigo/ros/install/control_brazo/lib/python3.12/site-packages/control_brazo/action/_mover_brazo_s.c
[1.460s] -- Up-to-date: /home/agustin/Proyectos/Proyecto-Integrador-de-Competencias-2/codigo/ros/install/control_brazo/lib/python3.12/site-packages/control_brazo/action/__init__.py
[1.461s] -- Up-to-date: /home/agustin/Proyectos/Proyecto-Integrador-de-Competencias-2/codigo/ros/install/control_brazo/lib/python3.12/site-packages/control_brazo/_control_brazo_s.ep.rosidl_typesupport_fastrtps_c.c
[1.528s] Listing '/home/agustin/Proyectos/Proyecto-Integrador-de-Competencias-2/codigo/ros/install/control_brazo/lib/python3.12/site-packages/control_brazo'...
[1.528s] Listing '/home/agustin/Proyectos/Proyecto-Integrador-de-Competencias-2/codigo/ros/install/control_brazo/lib/python3.12/site-packages/control_brazo/action'...
[1.542s] -- Up-to-date: /home/agustin/Proyectos/Proyecto-Integrador-de-Competencias-2/codigo/ros/install/control_brazo/lib/python3.12/site-packages/control_brazo/control_brazo_s__rosidl_typesupport_fastrtps_c.so
[1.543s] -- Up-to-date: /home/agustin/Proyectos/Proyecto-Integrador-de-Competencias-2/codigo/ros/install/control_brazo/lib/python3.12/site-packages/control_brazo/control_brazo_s__rosidl_typesupport_introspection_c.so
[1.544s] -- Up-to-date: /home/agustin/Proyectos/Proyecto-Integrador-de-Competencias-2/codigo/ros/install/control_brazo/lib/python3.12/site-packages/control_brazo/control_brazo_s__rosidl_typesupport_c.so
[1.544s] -- Up-to-date: /home/agustin/Proyectos/Proyecto-Integrador-de-Competencias-2/codigo/ros/install/control_brazo/lib/libcontrol_brazo__rosidl_generator_py.so
[1.545s] -- Up-to-date: /home/agustin/Proyectos/Proyecto-Integrador-de-Competencias-2/codigo/ros/install/control_brazo/share/control_brazo/rust
[1.545s] -- Up-to-date: /home/agustin/Proyectos/Proyecto-Integrador-de-Competencias-2/codigo/ros/install/control_brazo/share/control_brazo/rust/build.rs
[1.546s] -- Up-to-date: /home/agustin/Proyectos/Proyecto-Integrador-de-Competencias-2/codigo/ros/install/control_brazo/share/control_brazo/rust/src
[1.546s] -- Up-to-date: /home/agustin/Proyectos/Proyecto-Integrador-de-Competencias-2/codigo/ros/install/control_brazo/share/control_brazo/rust/src/action
[1.546s] -- Up-to-date: /home/agustin/Proyectos/Proyecto-Integrador-de-Competencias-2/codigo/ros/install/control_brazo/share/control_brazo/rust/src/action/rmw.rs
[1.547s] -- Up-to-date: /home/agustin/Proyectos/Proyecto-Integrador-de-Competencias-2/codigo/ros/install/control_brazo/share/control_brazo/rust/src/lib.rs
[1.548s] -- Up-to-date: /home/agustin/Proyectos/Proyecto-Integrador-de-Competencias-2/codigo/ros/install/control_brazo/share/control_brazo/rust/src/action.rs
[1.548s] -- Up-to-date: /home/agustin/Proyectos/Proyecto-Integrador-de-Competencias-2/codigo/ros/install/control_brazo/share/control_brazo/rust/Cargo.toml
[1.548s] -- Up-to-date: /home/agustin/Proyectos/Proyecto-Integrador-de-Competencias-2/codigo/ros/install/control_brazo/share/control_brazo/action/MoverBrazo.idl
[1.548s] -- Up-to-date: /home/agustin/Proyectos/Proyecto-Integrador-de-Competencias-2/codigo/ros/install/control_brazo/share/control_brazo/action/MoverBrazo.action
[1.548s] -- Up-to-date: /home/agustin/Proyectos/Proyecto-Integrador-de-Competencias-2/codigo/ros/install/control_brazo/lib/control_brazo/nodo_control
[1.549s] -- Up-to-date: /home/agustin/Proyectos/Proyecto-Integrador-de-Competencias-2/codigo/ros/install/control_brazo/share/ament_index/resource_index/package_run_dependencies/control_brazo
[1.549s] -- Up-to-date: /home/agustin/Proyectos/Proyecto-Integrador-de-Competencias-2/codigo/ros/install/control_brazo/share/ament_index/resource_index/parent_prefix_path/control_brazo
[1.550s] -- Up-to-date: /home/agustin/Proyectos/Proyecto-Integrador-de-Competencias-2/codigo/ros/install/control_brazo/share/control_brazo/environment/ament_prefix_path.sh
[1.551s] -- Up-to-date: /home/agustin/Proyectos/Proyecto-Integrador-de-Competencias-2/codigo/ros/install/control_brazo/share/control_brazo/environment/ament_prefix_path.dsv
[1.551s] -- Up-to-date: /home/agustin/Proyectos/Proyecto-Integrador-de-Competencias-2/codigo/ros/install/control_brazo/share/control_brazo/environment/path.sh
[1.552s] -- Up-to-date: /home/agustin/Proyectos/Proyecto-Integrador-de-Competencias-2/codigo/ros/install/control_brazo/share/control_brazo/environment/path.dsv
[1.552s] -- Up-to-date: /home/agustin/Proyectos/Proyecto-Integrador-de-Competencias-2/codigo/ros/install/control_brazo/share/control_brazo/local_setup.bash
[1.552s] -- Up-to-date: /home/agustin/Proyectos/Proyecto-Integrador-de-Competencias-2/codigo/ros/install/control_brazo/share/control_brazo/local_setup.sh
[1.552s] -- Up-to-date: /home/agustin/Proyectos/Proyecto-Integrador-de-Competencias-2/codigo/ros/install/control_brazo/share/control_brazo/local_setup.zsh
[1.553s] -- Up-to-date: /home/agustin/Proyectos/Proyecto-Integrador-de-Competencias-2/codigo/ros/install/control_brazo/share/control_brazo/local_setup.dsv
[1.553s] -- Installing: /home/agustin/Proyectos/Proyecto-Integrador-de-Competencias-2/codigo/ros/install/control_brazo/share/control_brazo/package.dsv
[1.553s] -- Up-to-date: /home/agustin/Proyectos/Proyecto-Integrador-de-Competencias-2/codigo/ros/install/control_brazo/share/ament_index/resource_index/packages/control_brazo
[1.554s] -- Up-to-date: /home/agustin/Proyectos/Proyecto-Integrador-de-Competencias-2/codigo/ros/install/control_brazo/share/control_brazo/cmake/export_control_brazo__rosidl_generator_cExport.cmake
[1.554s] -- Up-to-date: /home/agustin/Proyectos/Proyecto-Integrador-de-Competencias-2/codigo/ros/install/control_brazo/share/control_brazo/cmake/export_control_brazo__rosidl_generator_cExport-noconfig.cmake
[1.555s] -- Up-to-date: /home/agustin/Proyectos/Proyecto-Integrador-de-Competencias-2/codigo/ros/install/control_brazo/share/control_brazo/cmake/export_control_brazo__rosidl_typesupport_fastrtps_cExport.cmake
[1.555s] -- Up-to-date: /home/agustin/Proyectos/Proyecto-Integrador-de-Competencias-2/codigo/ros/install/control_brazo/share/control_brazo/cmake/export_control_brazo__rosidl_typesupport_fastrtps_cExport-noconfig.cmake
[1.555s] -- Up-to-date: /home/agustin/Proyectos/Proyecto-Integrador-de-Competencias-2/codigo/ros/install/control_brazo/share/control_brazo/cmake/export_control_brazo__rosidl_generator_cppExport.cmake
[1.555s] -- Up-to-date: /home/agustin/Proyectos/Proyecto-Integrador-de-Competencias-2/codigo/ros/install/control_brazo/share/control_brazo/cmake/export_control_brazo__rosidl_typesupport_fastrtps_cppExport.cmake
[1.556s] -- Up-to-date: /home/agustin/Proyectos/Proyecto-Integrador-de-Competencias-2/codigo/ros/install/control_brazo/share/control_brazo/cmake/export_control_brazo__rosidl_typesupport_fastrtps_cppExport-noconfig.cmake
[1.557s] -- Up-to-date: /home/agustin/Proyectos/Proyecto-Integrador-de-Competencias-2/codigo/ros/install/control_brazo/share/control_brazo/cmake/control_brazo__rosidl_typesupport_introspection_cExport.cmake
[1.557s] -- Up-to-date: /home/agustin/Proyectos/Proyecto-Integrador-de-Competencias-2/codigo/ros/install/control_brazo/share/control_brazo/cmake/control_brazo__rosidl_typesupport_introspection_cExport-noconfig.cmake
[1.557s] -- Up-to-date: /home/agustin/Proyectos/Proyecto-Integrador-de-Competencias-2/codigo/ros/install/control_brazo/share/control_brazo/cmake/control_brazo__rosidl_typesupport_cExport.cmake
[1.557s] -- Up-to-date: /home/agustin/Proyectos/Proyecto-Integrador-de-Competencias-2/codigo/ros/install/control_brazo/share/control_brazo/cmake/control_brazo__rosidl_typesupport_cExport-noconfig.cmake
[1.558s] -- Up-to-date: /home/agustin/Proyectos/Proyecto-Integrador-de-Competencias-2/codigo/ros/install/control_brazo/share/control_brazo/cmake/control_brazo__rosidl_typesupport_introspection_cppExport.cmake
[1.558s] -- Up-to-date: /home/agustin/Proyectos/Proyecto-Integrador-de-Competencias-2/codigo/ros/install/control_brazo/share/control_brazo/cmake/control_brazo__rosidl_typesupport_introspection_cppExport-noconfig.cmake
[1.559s] -- Up-to-date: /home/agustin/Proyectos/Proyecto-Integrador-de-Competencias-2/codigo/ros/install/control_brazo/share/control_brazo/cmake/control_brazo__rosidl_typesupport_cppExport.cmake
[1.559s] -- Up-to-date: /home/agustin/Proyectos/Proyecto-Integrador-de-Competencias-2/codigo/ros/install/control_brazo/share/control_brazo/cmake/control_brazo__rosidl_typesupport_cppExport-noconfig.cmake
[1.559s] -- Up-to-date: /home/agustin/Proyectos/Proyecto-Integrador-de-Competencias-2/codigo/ros/install/control_brazo/share/control_brazo/cmake/export_control_brazo__rosidl_generator_pyExport.cmake
[1.561s] -- Up-to-date: /home/agustin/Proyectos/Proyecto-Integrador-de-Competencias-2/codigo/ros/install/control_brazo/share/control_brazo/cmake/export_control_brazo__rosidl_generator_pyExport-noconfig.cmake
[1.561s] -- Up-to-date: /home/agustin/Proyectos/Proyecto-Integrador-de-Competencias-2/codigo/ros/install/control_brazo/share/control_brazo/cmake/rosidl_cmake-extras.cmake
[1.561s] -- Up-to-date: /home/agustin/Proyectos/Proyecto-Integrador-de-Competencias-2/codigo/ros/install/control_brazo/share/control_brazo/cmake/ament_cmake_export_dependencies-extras.cmake
[1.561s] -- Up-to-date: /home/agustin/Proyectos/Proyecto-Integrador-de-Competencias-2/codigo/ros/install/control_brazo/share/control_brazo/cmake/ament_cmake_export_include_directories-extras.cmake
[1.562s] -- Up-to-date: /home/agustin/Proyectos/Proyecto-Integrador-de-Competencias-2/codigo/ros/install/control_brazo/share/control_brazo/cmake/ament_cmake_export_libraries-extras.cmake
[1.562s] -- Up-to-date: /home/agustin/Proyectos/Proyecto-Integrador-de-Competencias-2/codigo/ros/install/control_brazo/share/control_brazo/cmake/ament_cmake_export_targets-extras.cmake
[1.563s] -- Up-to-date: /home/agustin/Proyectos/Proyecto-Integrador-de-Competencias-2/codigo/ros/install/control_brazo/share/control_brazo/cmake/rosidl_cmake_export_typesupport_targets-extras.cmake
[1.563s] -- Up-to-date: /home/agustin/Proyectos/Proyecto-Integrador-de-Competencias-2/codigo/ros/install/control_brazo/share/control_brazo/cmake/rosidl_cmake_export_typesupport_libraries-extras.cmake
[1.563s] -- Up-to-date: /home/agustin/Proyectos/Proyecto-Integrador-de-Competencias-2/codigo/ros/install/control_brazo/share/control_brazo/cmake/rosidl_cmake_aggregate_target-extras.cmake
[1.564s] -- Up-to-date: /home/agustin/Proyectos/Proyecto-Integrador-de-Competencias-2/codigo/ros/install/control_brazo/share/control_brazo/cmake/control_brazoConfig.cmake
[1.564s] -- Up-to-date: /home/agustin/Proyectos/Proyecto-Integrador-de-Competencias-2/codigo/ros/install/control_brazo/share/control_brazo/cmake/control_brazoConfig-version.cmake
[1.564s] -- Up-to-date: /home/agustin/Proyectos/Proyecto-Integrador-de-Competencias-2/codigo/ros/install/control_brazo/share/control_brazo/package.xml
[1.566s] Invoked command in '/home/agustin/Proyectos/Proyecto-Integrador-de-Competencias-2/codigo/ros/build/control_brazo' returned '0': CMAKE_PREFIX_PATH=${CMAKE_PREFIX_PATH}:/home/agustin/Proyectos/Proyecto-Integrador-de-Competencias-2/codigo/ros/install/descripcion_brazo:/opt/ros/jazzy DEBUGINFOD_URLS=https://debuginfod.archlinux.org /usr/bin/cmake --install /home/agustin/Proyectos/Proyecto-Integrador-de-Competencias-2/codigo/ros/build/control_brazo
