[0.035s] Invoking command in '/home/agustin/Proyectos/Proyecto-Integrador-de-Competencias-2/codigo/ros/build/control_brazo': CMAKE_PREFIX_PATH=${CMAKE_PREFIX_PATH}:/home/agustin/Proyectos/Proyecto-Integrador-de-Competencias-2/codigo/ros/install/descripcion_brazo:/opt/ros/jazzy DEBUGINFOD_URLS=https://debuginfod.archlinux.org /usr/bin/cmake --build /home/agustin/Proyectos/Proyecto-Integrador-de-Competencias-2/codigo/ros/build/control_brazo -- -j2 -l2
[0.144s] [  2%] Built target control_brazo__rs
[0.170s] [  5%] Built target control_brazo__rosidl_generator_type_description
[0.227s] [ 18%] Built target control_brazo__rosidl_generator_c
[0.268s] [ 18%] Built target ament_cmake_python_copy_control_brazo
[0.300s] [ 21%] Built target control_brazo__cpp
[0.342s] [ 29%] Built target control_brazo__rosidl_typesupport_introspection_c
[0.361s] [ 37%] Built target control_brazo__rosidl_typesupport_c
[0.422s] [ 45%] Built target control_brazo__rosidl_typesupport_cpp
[0.428s] [ 54%] Built target control_brazo__rosidl_typesupport_introspection_cpp
[0.521s] [ 59%] Built target nodo_control
[0.611s] [ 67%] Built target control_brazo__rosidl_typesupport_fastrtps_c
[0.694s] [ 75%] Built target control_brazo__rosidl_typesupport_fastrtps_cpp
[0.772s] [ 75%] Built target control_brazo
[0.846s] [ 78%] Built target control_brazo__py
[0.931s] [ 83%] Built target control_brazo__rosidl_generator_py
[0.994s] running egg_info
[1.015s] [ 89%] Built target control_brazo_s__rosidl_typesupport_fastrtps_c
[1.041s] writing control_brazo.egg-info/PKG-INFO
[1.043s] writing dependency_links to control_brazo.egg-info/dependency_links.txt
[1.043s] writing top-level names to control_brazo.egg-info/top_level.txt
[1.102s] [ 94%] Built target control_brazo_s__rosidl_typesupport_introspection_c
[1.165s] reading manifest file 'control_brazo.egg-info/SOURCES.txt'
[1.167s] writing manifest file 'control_brazo.egg-info/SOURCES.txt'
[1.188s] [100%] Built target control_brazo_s__rosidl_typesupport_c
[1.245s] [100%] Built target ament_cmake_python_build_control_brazo_egg
[1.270s] Invoked command in '/home/agustin/Proyectos/Proyecto-Integrador-de-Competencias-2/codigo/ros/build/control_brazo' returned '0': CMAKE_PREFIX_PATH=${CMAKE_PREFIX_PATH}:/home/agustin/Proyectos/Proyecto-Integrador-de-Competencias-2/codigo/ros/install/descripcion_brazo:/opt/ros/jazzy DEBUGINFOD_URLS=https://debuginfod.archlinux.org /usr/bin/cmake --build /home/agustin/Proyectos/Proyecto-Integrador-de-Competencias-2/codigo/ros/build/control_brazo -- -j2 -l2
[1.288s] Invoking command in '/home/agustin/Proyectos/Proyecto-Integrador-de-Competencias-2/codigo/ros/build/control_brazo': CMAKE_PREFIX_PATH=${CMAKE_PREFIX_PATH}:/home/agustin/Proyectos/Proyecto-Integrador-de-Competencias-2/codigo/ros/install/descripcion_brazo:/opt/ros/jazzy DEBUGINFOD_URLS=https://debuginfod.archlinux.org /usr/bin/cmake --install /home/agustin/Proyectos/Proyecto-Integrador-de-Competencias-2/codigo/ros/build/control_brazo
[1.306s] -- Install configuration: ""
[1.307s] -- Up-to-date: /home/agustin/Proyectos/Proyecto-Integrador-de-Competencias-2/codigo/ros/install/control_brazo/share/ament_index/resource_index/rosidl_interfaces/control_brazo
[1.307s] -- Up-to-date: /home/agustin/Proyectos/Proyecto-Integrador-de-Competencias-2/codigo/ros/install/control_brazo/share/control_brazo/action/MoverBrazo.json
[1.307s] -- Up-to-date: /home/agustin/Proyectos/Proyecto-Integrador-de-Competencias-2/codigo/ros/install/control_brazo/include/control_brazo/control_brazo
[1.308s] -- Up-to-date: /home/agustin/Proyectos/Proyecto-Integrador-de-Competencias-2/codigo/ros/install/control_brazo/include/control_brazo/control_brazo/msg
[1.309s] -- Up-to-date: /home/agustin/Proyectos/Proyecto-Integrador-de-Competencias-2/codigo/ros/install/control_brazo/include/control_brazo/control_brazo/msg/rosidl_generator_c__visibility_control.h
[1.310s] -- Up-to-date: /home/agustin/Proyectos/Proyecto-Integrador-de-Competencias-2/codigo/ros/install/control_brazo/include/control_brazo/control_brazo/action
[1.310s] -- Up-to-date: /home/agustin/Proyectos/Proyecto-Integrador-de-Competencias-2/codigo/ros/install/control_brazo/include/control_brazo/control_brazo/action/mover_brazo.h
[1.310s] -- Up-to-date: /home/agustin/Proyectos/Proyecto-Integrador-de-Competencias-2/codigo/ros/install/control_brazo/include/control_brazo/control_brazo/action/detail
[1.310s] -- Up-to-date: /home/agustin/Proyectos/Proyecto-Integrador-de-Competencias-2/codigo/ros/install/control_brazo/include/control_brazo/control_brazo/action/detail/mover_brazo__struct.h
[1.311s] -- Up-to-date: /home/agustin/Proyectos/Proyecto-Integrador-de-Competencias-2/codigo/ros/install/control_brazo/include/control_brazo/control_brazo/action/detail/mover_brazo__type_support.h
[1.312s] -- Up-to-date: /home/agustin/Proyectos/Proyecto-Integrador-de-Competencias-2/codigo/ros/install/control_brazo/include/control_brazo/control_brazo/action/detail/mover_brazo__functions.c
[1.312s] -- Up-to-date: /home/agustin/Proyectos/Proyecto-Integrador-de-Competencias-2/codigo/ros/install/control_brazo/include/control_brazo/control_brazo/action/detail/mover_brazo__description.c
[1.312s] -- Installing: /home/agustin/Proyectos/Proyecto-Integrador-de-Competencias-2/codigo/ros/install/control_brazo/include/control_brazo/control_brazo/action/detail/mover_brazo__type_support.c
[1.312s] -- Up-to-date: /home/agustin/Proyectos/Proyecto-Integrador-de-Competencias-2/codigo/ros/install/control_brazo/include/control_brazo/control_brazo/action/detail/mover_brazo__functions.h
[1.313s] -- Up-to-date: /home/agustin/Proyectos/Proyecto-Integrador-de-Competencias-2/codigo/ros/install/control_brazo/share/control_brazo/environment/library_path.sh
[1.314s] -- Up-to-date: /home/agustin/Proyectos/Proyecto-Integrador-de-Competencias-2/codigo/ros/install/control_brazo/share/control_brazo/environment/library_path.dsv
[1.314s] -- Up-to-date: /home/agustin/Proyectos/Proyecto-Integrador-de-Competencias-2/codigo/ros/install/control_brazo/lib/libcontrol_brazo__rosidl_generator_c.so
[1.315s] -- Up-to-date: /home/agustin/Proyectos/Proyecto-Integrador-de-Competencias-2/codigo/ros/install/control_brazo/include/control_brazo/control_brazo
[1.315s] -- Up-to-date: /home/agustin/Proyectos/Proyecto-Integrador-de-Competencias-2/codigo/ros/install/control_brazo/include/control_brazo/control_brazo/msg
[1.315s] -- Up-to-date: /home/agustin/Proyectos/Proyecto-Integrador-de-Competencias-2/codigo/ros/install/control_brazo/include/control_brazo/control_brazo/msg/rosidl_typesupport_fastrtps_c__visibility_control.h
[1.317s] -- Up-to-date: /home/agustin/Proyectos/Proyecto-Integrador-de-Competencias-2/codigo/ros/install/control_brazo/include/control_brazo/control_brazo/action
[1.317s] -- Up-to-date: /home/agustin/Proyectos/Proyecto-Integrador-de-Competencias-2/codigo/ros/install/control_brazo/include/control_brazo/control_brazo/action/detail
[1.317s] -- Up-to-date: /home/agustin/Proyectos/Proyecto-Integrador-de-Competencias-2/codigo/ros/install/control_brazo/include/control_brazo/control_brazo/action/detail/mover_brazo__rosidl_typesupport_fastrtps_c.h
[1.319s] -- Up-to-date: /home/agustin/Proyectos/Proyecto-Integrador-de-Competencias-2/codigo/ros/install/control_brazo/lib/libcontrol_brazo__rosidl_typesupport_fastrtps_c.so
[1.319s] -- Up-to-date: /home/agustin/Proyectos/Proyecto-Integrador-de-Competencias-2/codigo/ros/install/control_brazo/include/control_brazo/control_brazo
[1.319s] -- Up-to-date: /home/agustin/Proyectos/Proyecto-Integrador-de-Competencias-2/codigo/ros/install/control_brazo/include/control_brazo/control_brazo/msg
[1.320s] -- Up-to-date: /home/agustin/Proyectos/Proyecto-Integrador-de-Competencias-2/codigo/ros/install/control_brazo/include/control_brazo/control_brazo/msg/rosidl_generator_cpp__visibility_control.hpp
[1.321s] -- Up-to-date: /home/agustin/Proyectos/Proyecto-Integrador-de-Competencias-2/codigo/ros/install/control_brazo/include/control_brazo/control_brazo/action
[1.321s] -- Up-to-date: /home/agustin/Proyectos/Proyecto-Integrador-de-Competencias-2/codigo/ros/install/control_brazo/include/control_brazo/control_brazo/action/mover_brazo.hpp
[1.321s] -- Up-to-date: /home/agustin/Proyectos/Proyecto-Integrador-de-Competencias-2/codigo/ros/install/control_brazo/include/control_brazo/control_brazo/action/detail
[1.321s] -- Up-to-date: /home/agustin/Proyectos/Proyecto-Integrador-de-Competencias-2/codigo/ros/install/control_brazo/include/control_brazo/control_brazo/action/detail/mover_brazo__builder.hpp
[1.321s] -- Up-to-date: /home/agustin/Proyectos/Proyecto-Integrador-de-Competencias-2/codigo/ros/install/control_brazo/include/control_brazo/control_brazo/action/detail/mover_brazo__traits.hpp
[1.323s] -- Up-to-date: /home/agustin/Proyectos/Proyecto-Integrador-de-Competencias-2/codigo/ros/install/control_brazo/include/control_brazo/control_brazo/action/detail/mover_brazo__struct.hpp
[1.323s] -- Up-to-date: /home/agustin/Proyectos/Proyecto-Integrador-de-Competencias-2/codigo/ros/install/control_brazo/include/control_brazo/control_brazo/action/detail/mover_brazo__type_support.hpp
[1.323s] -- Up-to-date: /home/agustin/Proyectos/Proyecto-Integrador-de-Competencias-2/codigo/ros/install/control_brazo/include/control_brazo/control_brazo
[1.323s] -- Up-to-date: /home/agustin/Proyectos/Proyecto-Integrador-de-Competencias-2/codigo/ros/install/control_brazo/include/control_brazo/control_brazo/msg
[1.323s] -- Up-to-date: /home/agustin/Proyectos/Proyecto-Integrador-de-Competencias-2/codigo/ros/install/control_brazo/include/control_brazo/control_brazo/msg/rosidl_typesupport_fastrtps_cpp__visibility_control.h
[1.324s] -- Up-to-date: /home/agustin/Proyectos/Proyecto-Integrador-de-Competencias-2/codigo/ros/install/control_brazo/include/control_brazo/control_brazo/action
[1.324s] -- Up-to-date: /home/agustin/Proyectos/Proyecto-Integrador-de-Competencias-2/codigo/ros/install/control_brazo/include/control_brazo/control_brazo/action/detail
[1.324s] -- Up-to-date: /home/agustin/Proyectos/Proyecto-Integrador-de-Competencias-2/codigo/ros/install/control_brazo/include/control_brazo/control_brazo/action/detail/dds_fastrtps
[1.325s] -- Up-to-date: /home/agustin/Proyectos/Proyecto-Integrador-de-Competencias-2/codigo/ros/install/control_brazo/include/control_brazo/control_brazo/action/detail/mover_brazo__rosidl_typesupport_fastrtps_cpp.hpp
[1.326s] -- Up-to-date: /home/agustin/Proyectos/Proyecto-Integrador-de-Competencias-2/codigo/ros/install/control_brazo/lib/libcontrol_brazo__rosidl_typesupport_fastrtps_cpp.so
[1.326s] -- Up-to-date: /home/agustin/Proyectos/Proyecto-Integrador-de-Competencias-2/codigo/ros/install/control_brazo/include/control_brazo/control_brazo
[1.327s] -- Up-to-date: /home/agustin/Proyectos/Proyecto-Integrador-de-Competencias-2/codigo/ros/install/control_brazo/include/control_brazo/control_brazo/msg
[1.327s] -- Up-to-date: /home/agustin/Proyectos/Proyecto-Integrador-de-Competencias-2/codigo/ros/install/control_brazo/include/control_brazo/control_brazo/msg/rosidl_typesupport_introspection_c__visibility_control.h
[1.327s] -- Up-to-date: /home/agustin/Proyectos/Proyecto-Integrador-de-Competencias-2/codigo/ros/install/control_brazo/include/control_brazo/control_brazo/action
[1.328s] -- Up-to-date: /home/agustin/Proyectos/Proyecto-Integrador-de-Competencias-2/codigo/ros/install/control_brazo/include/control_brazo/control_brazo/action/detail
[1.328s] -- Up-to-date: /home/agustin/Proyectos/Proyecto-Integrador-de-Competencias-2/codigo/ros/install/control_brazo/include/control_brazo/control_brazo/action/detail/mover_brazo__rosidl_typesupport_introspection_c.h
[1.328s] -- Installing: /home/agustin/Proyectos/Proyecto-Integrador-de-Competencias-2/codigo/ros/install/control_brazo/include/control_brazo/control_brazo/action/detail/mover_brazo__type_support.c
[1.328s] -- Up-to-date: /home/agustin/Proyectos/Proyecto-Integrador-de-Competencias-2/codigo/ros/install/control_brazo/lib/libcontrol_brazo__rosidl_typesupport_introspection_c.so
[1.329s] -- Up-to-date: /home/agustin/Proyectos/Proyecto-Integrador-de-Competencias-2/codigo/ros/install/control_brazo/lib/libcontrol_brazo__rosidl_typesupport_c.so
[1.330s] -- Up-to-date: /home/agustin/Proyectos/Proyecto-Integrador-de-Competencias-2/codigo/ros/install/control_brazo/include/control_brazo/control_brazo
[1.330s] -- Up-to-date: /home/agustin/Proyectos/Proyecto-Integrador-de-Competencias-2/codigo/ros/install/control_brazo/include/control_brazo/control_brazo/action
[1.330s] -- Up-to-date: /home/agustin/Proyectos/Proyecto-Integrador-de-Competencias-2/codigo/ros/install/control_brazo/include/control_brazo/control_brazo/action/detail
[1.330s] -- Up-to-date: /home/agustin/Proyectos/Proyecto-Integrador-de-Competencias-2/codigo/ros/install/control_brazo/include/control_brazo/control_brazo/action/detail/mover_brazo__rosidl_typesupport_introspection_cpp.hpp
[1.331s] -- Up-to-date: /home/agustin/Proyectos/Proyecto-Integrador-de-Competencias-2/codigo/ros/install/control_brazo/include/control_brazo/control_brazo/action/detail/mover_brazo__type_support.cpp
[1.331s] -- Up-to-date: /home/agustin/Proyectos/Proyecto-Integrador-de-Competencias-2/codigo/ros/install/control_brazo/lib/libcontrol_brazo__rosidl_typesupport_introspection_cpp.so
[1.332s] -- Up-to-date: /home/agustin/Proyectos/Proyecto-Integrador-de-Competencias-2/codigo/ros/install/control_brazo/lib/libcontrol_brazo__rosidl_typesupport_cpp.so
[1.333s] -- Up-to-date: /home/agustin/Proyectos/Proyecto-Integrador-de-Competencias-2/codigo/ros/install/control_brazo/share/control_brazo/environment/pythonpath.sh
[1.333s] -- Up-to-date: /home/agustin/Proyectos/Proyecto-Integrador-de-Competencias-2/codigo/ros/install/control_brazo/share/control_brazo/environment/pythonpath.dsv
[1.333s] -- Up-to-date: /home/agustin/Proyectos/Proyecto-Integrador-de-Competencias-2/codigo/ros/install/control_brazo/lib/python3.12/site-packages/control_brazo-0.0.0-py3.12.egg-info
[1.333s] -- Installing: /home/agustin/Proyectos/Proyecto-Integrador-de-Competencias-2/codigo/ros/install/control_brazo/lib/python3.12/site-packages/control_brazo-0.0.0-py3.12.egg-info/SOURCES.txt
[1.334s] -- Installing: /home/agustin/Proyectos/Proyecto-Integrador-de-Competencias-2/codigo/ros/install/control_brazo/lib/python3.12/site-packages/control_brazo-0.0.0-py3.12.egg-info/dependency_links.txt
[1.335s] -- Installing: /home/agustin/Proyectos/Proyecto-Integrador-de-Competencias-2/codigo/ros/install/control_brazo/lib/python3.12/site-packages/control_brazo-0.0.0-py3.12.egg-info/top_level.txt
[1.335s] -- Installing: /home/agustin/Proyectos/Proyecto-Integrador-de-Competencias-2/codigo/ros/install/control_brazo/lib/python3.12/site-packages/control_brazo-0.0.0-py3.12.egg-info/PKG-INFO
[1.335s] -- Up-to-date: /home/agustin/Proyectos/Proyecto-Integrador-de-Competencias-2/codigo/ros/install/control_brazo/lib/python3.12/site-packages/control_brazo
[1.335s] -- Up-to-date: /home/agustin/Proyectos/Proyecto-Integrador-de-Competencias-2/codigo/ros/install/control_brazo/lib/python3.12/site-packages/control_brazo/_control_brazo_s.ep.rosidl_typesupport_c.c
[1.335s] -- Up-to-date: /home/agustin/Proyectos/Proyecto-Integrador-de-Competencias-2/codigo/ros/install/control_brazo/lib/python3.12/site-packages/control_brazo/_control_brazo_s.ep.rosidl_typesupport_introspection_c.c
[1.336s] -- Up-to-date: /home/agustin/Proyectos/Proyecto-Integrador-de-Competencias-2/codigo/ros/install/control_brazo/lib/python3.12/site-packages/control_brazo/control_brazo_s__rosidl_typesupport_c.so
[1.336s] -- Up-to-date: /home/agustin/Proyectos/Proyecto-Integrador-de-Competencias-2/codigo/ros/install/control_brazo/lib/python3.12/site-packages/control_brazo/control_brazo_s__rosidl_typesupport_introspection_c.so
[1.337s] -- Up-to-date: /home/agustin/Proyectos/Proyecto-Integrador-de-Competencias-2/codigo/ros/install/control_brazo/lib/python3.12/site-packages/control_brazo/__init__.py
[1.337s] -- Up-to-date: /home/agustin/Proyectos/Proyecto-Integrador-de-Competencias-2/codigo/ros/install/control_brazo/lib/python3.12/site-packages/control_brazo/control_brazo_s__rosidl_typesupport_fastrtps_c.so
[1.337s] -- Up-to-date: /home/agustin/Proyectos/Proyecto-Integrador-de-Competencias-2/codigo/ros/install/control_brazo/lib/python3.12/site-packages/control_brazo/action
[1.338s] -- Up-to-date: /home/agustin/Proyectos/Proyecto-Integrador-de-Competencias-2/codigo/ros/install/control_brazo/lib/python3.12/site-packages/control_brazo/action/_mover_brazo.py
[1.338s] -- Up-to-date: /home/agustin/Proyectos/Proyecto-Integrador-de-Competencias-2/codigo/ros/install/control_brazo/lib/python3.12/site-packages/control_brazo/action/_mover_brazo_s.c
[1.338s] -- Up-to-date: /home/agustin/Proyectos/Proyecto-Integrador-de-Competencias-2/codigo/ros/install/control_brazo/lib/python3.12/site-packages/control_brazo/action/__init__.py
[1.338s] -- Up-to-date: /home/agustin/Proyectos/Proyecto-Integrador-de-Competencias-2/codigo/ros/install/control_brazo/lib/python3.12/site-packages/control_brazo/_control_brazo_s.ep.rosidl_typesupport_fastrtps_c.c
[1.399s] Listing '/home/agustin/Proyectos/Proyecto-Integrador-de-Competencias-2/codigo/ros/install/control_brazo/lib/python3.12/site-packages/control_brazo'...
[1.400s] Listing '/home/agustin/Proyectos/Proyecto-Integrador-de-Competencias-2/codigo/ros/install/control_brazo/lib/python3.12/site-packages/control_brazo/action'...
[1.414s] -- Up-to-date: /home/agustin/Proyectos/Proyecto-Integrador-de-Competencias-2/codigo/ros/install/control_brazo/lib/python3.12/site-packages/control_brazo/control_brazo_s__rosidl_typesupport_fastrtps_c.so
[1.417s] -- Up-to-date: /home/agustin/Proyectos/Proyecto-Integrador-de-Competencias-2/codigo/ros/install/control_brazo/lib/python3.12/site-packages/control_brazo/control_brazo_s__rosidl_typesupport_introspection_c.so
[1.417s] -- Up-to-date: /home/agustin/Proyectos/Proyecto-Integrador-de-Competencias-2/codigo/ros/install/control_brazo/lib/python3.12/site-packages/control_brazo/control_brazo_s__rosidl_typesupport_c.so
[1.418s] -- Up-to-date: /home/agustin/Proyectos/Proyecto-Integrador-de-Competencias-2/codigo/ros/install/control_brazo/lib/libcontrol_brazo__rosidl_generator_py.so
[1.419s] -- Up-to-date: /home/agustin/Proyectos/Proyecto-Integrador-de-Competencias-2/codigo/ros/install/control_brazo/share/control_brazo/rust
[1.419s] -- Up-to-date: /home/agustin/Proyectos/Proyecto-Integrador-de-Competencias-2/codigo/ros/install/control_brazo/share/control_brazo/rust/build.rs
[1.420s] -- Up-to-date: /home/agustin/Proyectos/Proyecto-Integrador-de-Competencias-2/codigo/ros/install/control_brazo/share/control_brazo/rust/src
[1.420s] -- Up-to-date: /home/agustin/Proyectos/Proyecto-Integrador-de-Competencias-2/codigo/ros/install/control_brazo/share/control_brazo/rust/src/action
[1.421s] -- Up-to-date: /home/agustin/Proyectos/Proyecto-Integrador-de-Competencias-2/codigo/ros/install/control_brazo/share/control_brazo/rust/src/action/rmw.rs
[1.421s] -- Up-to-date: /home/agustin/Proyectos/Proyecto-Integrador-de-Competencias-2/codigo/ros/install/control_brazo/share/control_brazo/rust/src/lib.rs
[1.422s] -- Up-to-date: /home/agustin/Proyectos/Proyecto-Integrador-de-Competencias-2/codigo/ros/install/control_brazo/share/control_brazo/rust/src/action.rs
[1.422s] -- Up-to-date: /home/agustin/Proyectos/Proyecto-Integrador-de-Competencias-2/codigo/ros/install/control_brazo/share/control_brazo/rust/Cargo.toml
[1.422s] -- Up-to-date: /home/agustin/Proyectos/Proyecto-Integrador-de-Competencias-2/codigo/ros/install/control_brazo/share/control_brazo/action/MoverBrazo.idl
[1.423s] -- Up-to-date: /home/agustin/Proyectos/Proyecto-Integrador-de-Competencias-2/codigo/ros/install/control_brazo/share/control_brazo/action/MoverBrazo.action
[1.423s] -- Up-to-date: /home/agustin/Proyectos/Proyecto-Integrador-de-Competencias-2/codigo/ros/install/control_brazo/lib/control_brazo/nodo_control
[1.423s] -- Up-to-date: /home/agustin/Proyectos/Proyecto-Integrador-de-Competencias-2/codigo/ros/install/control_brazo/share/ament_index/resource_index/package_run_dependencies/control_brazo
[1.424s] -- Up-to-date: /home/agustin/Proyectos/Proyecto-Integrador-de-Competencias-2/codigo/ros/install/control_brazo/share/ament_index/resource_index/parent_prefix_path/control_brazo
[1.424s] -- Up-to-date: /home/agustin/Proyectos/Proyecto-Integrador-de-Competencias-2/codigo/ros/install/control_brazo/share/control_brazo/environment/ament_prefix_path.sh
[1.425s] -- Up-to-date: /home/agustin/Proyectos/Proyecto-Integrador-de-Competencias-2/codigo/ros/install/control_brazo/share/control_brazo/environment/ament_prefix_path.dsv
[1.425s] -- Up-to-date: /home/agustin/Proyectos/Proyecto-Integrador-de-Competencias-2/codigo/ros/install/control_brazo/share/control_brazo/environment/path.sh
[1.426s] -- Up-to-date: /home/agustin/Proyectos/Proyecto-Integrador-de-Competencias-2/codigo/ros/install/control_brazo/share/control_brazo/environment/path.dsv
[1.426s] -- Up-to-date: /home/agustin/Proyectos/Proyecto-Integrador-de-Competencias-2/codigo/ros/install/control_brazo/share/control_brazo/local_setup.bash
[1.426s] -- Up-to-date: /home/agustin/Proyectos/Proyecto-Integrador-de-Competencias-2/codigo/ros/install/control_brazo/share/control_brazo/local_setup.sh
[1.427s] -- Up-to-date: /home/agustin/Proyectos/Proyecto-Integrador-de-Competencias-2/codigo/ros/install/control_brazo/share/control_brazo/local_setup.zsh
[1.427s] -- Up-to-date: /home/agustin/Proyectos/Proyecto-Integrador-de-Competencias-2/codigo/ros/install/control_brazo/share/control_brazo/local_setup.dsv
[1.428s] -- Installing: /home/agustin/Proyectos/Proyecto-Integrador-de-Competencias-2/codigo/ros/install/control_brazo/share/control_brazo/package.dsv
[1.428s] -- Up-to-date: /home/agustin/Proyectos/Proyecto-Integrador-de-Competencias-2/codigo/ros/install/control_brazo/share/ament_index/resource_index/packages/control_brazo
[1.428s] -- Up-to-date: /home/agustin/Proyectos/Proyecto-Integrador-de-Competencias-2/codigo/ros/install/control_brazo/share/control_brazo/cmake/export_control_brazo__rosidl_generator_cExport.cmake
[1.428s] -- Up-to-date: /home/agustin/Proyectos/Proyecto-Integrador-de-Competencias-2/codigo/ros/install/control_brazo/share/control_brazo/cmake/export_control_brazo__rosidl_generator_cExport-noconfig.cmake
[1.429s] -- Up-to-date: /home/agustin/Proyectos/Proyecto-Integrador-de-Competencias-2/codigo/ros/install/control_brazo/share/control_brazo/cmake/export_control_brazo__rosidl_typesupport_fastrtps_cExport.cmake
[1.429s] -- Up-to-date: /home/agustin/Proyectos/Proyecto-Integrador-de-Competencias-2/codigo/ros/install/control_brazo/share/control_brazo/cmake/export_control_brazo__rosidl_typesupport_fastrtps_cExport-noconfig.cmake
[1.430s] -- Up-to-date: /home/agustin/Proyectos/Proyecto-Integrador-de-Competencias-2/codigo/ros/install/control_brazo/share/control_brazo/cmake/export_control_brazo__rosidl_generator_cppExport.cmake
[1.430s] -- Up-to-date: /home/agustin/Proyectos/Proyecto-Integrador-de-Competencias-2/codigo/ros/install/control_brazo/share/control_brazo/cmake/export_control_brazo__rosidl_typesupport_fastrtps_cppExport.cmake
[1.430s] -- Up-to-date: /home/agustin/Proyectos/Proyecto-Integrador-de-Competencias-2/codigo/ros/install/control_brazo/share/control_brazo/cmake/export_control_brazo__rosidl_typesupport_fastrtps_cppExport-noconfig.cmake
[1.430s] -- Up-to-date: /home/agustin/Proyectos/Proyecto-Integrador-de-Competencias-2/codigo/ros/install/control_brazo/share/control_brazo/cmake/control_brazo__rosidl_typesupport_introspection_cExport.cmake
[1.431s] -- Up-to-date: /home/agustin/Proyectos/Proyecto-Integrador-de-Competencias-2/codigo/ros/install/control_brazo/share/control_brazo/cmake/control_brazo__rosidl_typesupport_introspection_cExport-noconfig.cmake
[1.432s] -- Up-to-date: /home/agustin/Proyectos/Proyecto-Integrador-de-Competencias-2/codigo/ros/install/control_brazo/share/control_brazo/cmake/control_brazo__rosidl_typesupport_cExport.cmake
[1.432s] -- Up-to-date: /home/agustin/Proyectos/Proyecto-Integrador-de-Competencias-2/codigo/ros/install/control_brazo/share/control_brazo/cmake/control_brazo__rosidl_typesupport_cExport-noconfig.cmake
[1.432s] -- Up-to-date: /home/agustin/Proyectos/Proyecto-Integrador-de-Competencias-2/codigo/ros/install/control_brazo/share/control_brazo/cmake/control_brazo__rosidl_typesupport_introspection_cppExport.cmake
[1.432s] -- Up-to-date: /home/agustin/Proyectos/Proyecto-Integrador-de-Competencias-2/codigo/ros/install/control_brazo/share/control_brazo/cmake/control_brazo__rosidl_typesupport_introspection_cppExport-noconfig.cmake
[1.433s] -- Up-to-date: /home/agustin/Proyectos/Proyecto-Integrador-de-Competencias-2/codigo/ros/install/control_brazo/share/control_brazo/cmake/control_brazo__rosidl_typesupport_cppExport.cmake
[1.434s] -- Up-to-date: /home/agustin/Proyectos/Proyecto-Integrador-de-Competencias-2/codigo/ros/install/control_brazo/share/control_brazo/cmake/control_brazo__rosidl_typesupport_cppExport-noconfig.cmake
[1.434s] -- Up-to-date: /home/agustin/Proyectos/Proyecto-Integrador-de-Competencias-2/codigo/ros/install/control_brazo/share/control_brazo/cmake/export_control_brazo__rosidl_generator_pyExport.cmake
[1.434s] -- Up-to-date: /home/agustin/Proyectos/Proyecto-Integrador-de-Competencias-2/codigo/ros/install/control_brazo/share/control_brazo/cmake/export_control_brazo__rosidl_generator_pyExport-noconfig.cmake
[1.434s] -- Up-to-date: /home/agustin/Proyectos/Proyecto-Integrador-de-Competencias-2/codigo/ros/install/control_brazo/share/control_brazo/cmake/rosidl_cmake-extras.cmake
[1.435s] -- Up-to-date: /home/agustin/Proyectos/Proyecto-Integrador-de-Competencias-2/codigo/ros/install/control_brazo/share/control_brazo/cmake/ament_cmake_export_dependencies-extras.cmake
[1.435s] -- Up-to-date: /home/agustin/Proyectos/Proyecto-Integrador-de-Competencias-2/codigo/ros/install/control_brazo/share/control_brazo/cmake/ament_cmake_export_include_directories-extras.cmake
[1.435s] -- Up-to-date: /home/agustin/Proyectos/Proyecto-Integrador-de-Competencias-2/codigo/ros/install/control_brazo/share/control_brazo/cmake/ament_cmake_export_libraries-extras.cmake
[1.436s] -- Up-to-date: /home/agustin/Proyectos/Proyecto-Integrador-de-Competencias-2/codigo/ros/install/control_brazo/share/control_brazo/cmake/ament_cmake_export_targets-extras.cmake
[1.437s] -- Up-to-date: /home/agustin/Proyectos/Proyecto-Integrador-de-Competencias-2/codigo/ros/install/control_brazo/share/control_brazo/cmake/rosidl_cmake_export_typesupport_targets-extras.cmake
[1.437s] -- Up-to-date: /home/agustin/Proyectos/Proyecto-Integrador-de-Competencias-2/codigo/ros/install/control_brazo/share/control_brazo/cmake/rosidl_cmake_export_typesupport_libraries-extras.cmake
[1.437s] -- Up-to-date: /home/agustin/Proyectos/Proyecto-Integrador-de-Competencias-2/codigo/ros/install/control_brazo/share/control_brazo/cmake/rosidl_cmake_aggregate_target-extras.cmake
[1.437s] -- Up-to-date: /home/agustin/Proyectos/Proyecto-Integrador-de-Competencias-2/codigo/ros/install/control_brazo/share/control_brazo/cmake/control_brazoConfig.cmake
[1.437s] -- Up-to-date: /home/agustin/Proyectos/Proyecto-Integrador-de-Competencias-2/codigo/ros/install/control_brazo/share/control_brazo/cmake/control_brazoConfig-version.cmake
[1.437s] -- Up-to-date: /home/agustin/Proyectos/Proyecto-Integrador-de-Competencias-2/codigo/ros/install/control_brazo/share/control_brazo/package.xml
[1.440s] Invoked command in '/home/agustin/Proyectos/Proyecto-Integrador-de-Competencias-2/codigo/ros/build/control_brazo' returned '0': CMAKE_PREFIX_PATH=${CMAKE_PREFIX_PATH}:/home/agustin/Proyectos/Proyecto-Integrador-de-Competencias-2/codigo/ros/install/descripcion_brazo:/opt/ros/jazzy DEBUGINFOD_URLS=https://debuginfod.archlinux.org /usr/bin/cmake --install /home/agustin/Proyectos/Proyecto-Integrador-de-Competencias-2/codigo/ros/build/control_brazo
