[  2%] Built target control_brazo__rosidl_generator_type_description
[  5%] Built target control_brazo__rs
[  5%] Built target ament_cmake_python_copy_control_brazo
[ 18%] Built target control_brazo__rosidl_generator_c
[ 21%] Built target control_brazo__cpp
[ 29%] Built target control_brazo__rosidl_typesupport_fastrtps_c
[ 37%] Built target control_brazo__rosidl_typesupport_fastrtps_cpp
[ 45%] Built target control_brazo__rosidl_typesupport_introspection_c
[ 54%] Built target control_brazo__rosidl_typesupport_c
[ 62%] Built target control_brazo__rosidl_typesupport_introspection_cpp
[ 70%] Built target control_brazo__rosidl_typesupport_cpp
[ 70%] Built target control_brazo
[ 72%] [32mBuilding CXX object CMakeFiles/nodo_control.dir/src/nodo_control.cpp.o[0m
running egg_info
writing control_brazo.egg-info/PKG-INFO
writing dependency_links to control_brazo.egg-info/dependency_links.txt
writing top-level names to control_brazo.egg-info/top_level.txt
reading manifest file 'control_brazo.egg-info/SOURCES.txt'
writing manifest file 'control_brazo.egg-info/SOURCES.txt'
[ 72%] Built target ament_cmake_python_build_control_brazo_egg
[ 75%] Built target control_brazo__py
[ 81%] Built target control_brazo__rosidl_generator_py
[ 86%] Built target control_brazo_s__rosidl_typesupport_fastrtps_c
[ 91%] Built target control_brazo_s__rosidl_typesupport_introspection_c
[ 97%] Built target control_brazo_s__rosidl_typesupport_c
