[0.189s] DEBUG:colcon:Command line arguments: ['/usr/bin/colcon', 'build']
[0.189s] DEBUG:colcon:Parsed command line arguments: Namespace(log_base=None, log_level=None, verb_name='build', build_base='build', install_base='install', merge_install=False, symlink_install=False, test_result_base=None, continue_on_error=False, executor='parallel', parallel_workers=2, event_handlers=None, ignore_user_meta=False, metas=['./colcon.meta'], base_paths=['.'], packages_ignore=None, packages_ignore_regex=None, paths=None, packages_up_to=None, packages_up_to_regex=None, packages_above=None, packages_above_and_dependencies=None, packages_above_depth=None, packages_select_by_dep=None, packages_skip_by_dep=None, packages_skip_up_to=None, packages_select_build_failed=False, packages_skip_build_finished=False, packages_select_test_failures=False, packages_skip_test_passed=False, packages_select=None, packages_skip=None, packages_select_regex=None, packages_skip_regex=None, packages_start=None, packages_end=None, allow_overriding=[], cmake_args=None, cmake_target=None, cmake_target_skip_unavailable=False, cmake_clean_cache=False, cmake_clean_first=False, cmake_force_configure=False, ament_cmake_args=None, catkin_cmake_args=None, catkin_skip_building_tests=False, verb_parser=<colcon_defaults.argument_parser.defaults.DefaultArgumentsDecorator object at 0x7f079abc0d10>, verb_extension=<colcon_core.verb.build.BuildVerb object at 0x7f079abc0c80>, main=<bound method BuildVerb.main of <colcon_core.verb.build.BuildVerb object at 0x7f079abc0c80>>)
[0.261s] Level 1:colcon.colcon_core.package_discovery:discover_packages(colcon_meta) check parameters
[0.261s] Level 1:colcon.colcon_core.package_discovery:discover_packages(recursive) check parameters
[0.261s] Level 1:colcon.colcon_core.package_discovery:discover_packages(ignore) check parameters
[0.261s] Level 1:colcon.colcon_core.package_discovery:discover_packages(path) check parameters
[0.261s] Level 1:colcon.colcon_core.package_discovery:discover_packages(colcon_meta) discover
[0.262s] Level 1:colcon.colcon_core.package_discovery:discover_packages(recursive) discover
[0.262s] INFO:colcon.colcon_core.package_discovery:Crawling recursively for packages in '/home/agustin/Proyectos/Proyecto-Integrador-de-Competencias-2/codigo/ros'
[0.262s] Level 1:colcon.colcon_core.package_identification:_identify(.) by extensions ['ignore', 'ignore_ament_install']
[0.262s] Level 1:colcon.colcon_core.package_identification:_identify(.) by extension 'ignore'
[0.262s] Level 1:colcon.colcon_core.package_identification:_identify(.) by extension 'ignore_ament_install'
[0.262s] Level 1:colcon.colcon_core.package_identification:_identify(.) by extensions ['colcon_pkg']
[0.262s] Level 1:colcon.colcon_core.package_identification:_identify(.) by extension 'colcon_pkg'
[0.262s] Level 1:colcon.colcon_core.package_identification:_identify(.) by extensions ['colcon_meta']
[0.262s] Level 1:colcon.colcon_core.package_identification:_identify(.) by extension 'colcon_meta'
[0.262s] Level 1:colcon.colcon_core.package_identification:_identify(.) by extensions ['ros']
[0.263s] Level 1:colcon.colcon_core.package_identification:_identify(.) by extension 'ros'
[0.310s] Level 1:colcon.colcon_core.package_identification:_identify(.) by extensions ['cmake', 'python']
[0.310s] Level 1:colcon.colcon_core.package_identification:_identify(.) by extension 'cmake'
[0.310s] Level 1:colcon.colcon_core.package_identification:_identify(.) by extension 'python'
[0.310s] Level 1:colcon.colcon_core.package_identification:_identify(.) by extensions ['python_setup_py']
[0.310s] Level 1:colcon.colcon_core.package_identification:_identify(.) by extension 'python_setup_py'
[0.311s] Level 1:colcon.colcon_core.package_identification:_identify(build) by extensions ['ignore', 'ignore_ament_install']
[0.311s] Level 1:colcon.colcon_core.package_identification:_identify(build) by extension 'ignore'
[0.311s] Level 1:colcon.colcon_core.package_identification:_identify(build) ignored
[0.311s] Level 1:colcon.colcon_core.package_identification:_identify(install) by extensions ['ignore', 'ignore_ament_install']
[0.311s] Level 1:colcon.colcon_core.package_identification:_identify(install) by extension 'ignore'
[0.311s] Level 1:colcon.colcon_core.package_identification:_identify(install) ignored
[0.312s] Level 1:colcon.colcon_core.package_identification:_identify(log) by extensions ['ignore', 'ignore_ament_install']
[0.312s] Level 1:colcon.colcon_core.package_identification:_identify(log) by extension 'ignore'
[0.312s] Level 1:colcon.colcon_core.package_identification:_identify(log) ignored
[0.312s] Level 1:colcon.colcon_core.package_identification:_identify(src) by extensions ['ignore', 'ignore_ament_install']
[0.312s] Level 1:colcon.colcon_core.package_identification:_identify(src) by extension 'ignore'
[0.312s] Level 1:colcon.colcon_core.package_identification:_identify(src) by extension 'ignore_ament_install'
[0.312s] Level 1:colcon.colcon_core.package_identification:_identify(src) by extensions ['colcon_pkg']
[0.312s] Level 1:colcon.colcon_core.package_identification:_identify(src) by extension 'colcon_pkg'
[0.312s] Level 1:colcon.colcon_core.package_identification:_identify(src) by extensions ['colcon_meta']
[0.313s] Level 1:colcon.colcon_core.package_identification:_identify(src) by extension 'colcon_meta'
[0.313s] Level 1:colcon.colcon_core.package_identification:_identify(src) by extensions ['ros']
[0.313s] Level 1:colcon.colcon_core.package_identification:_identify(src) by extension 'ros'
[0.313s] Level 1:colcon.colcon_core.package_identification:_identify(src) by extensions ['cmake', 'python']
[0.313s] Level 1:colcon.colcon_core.package_identification:_identify(src) by extension 'cmake'
[0.313s] Level 1:colcon.colcon_core.package_identification:_identify(src) by extension 'python'
[0.313s] Level 1:colcon.colcon_core.package_identification:_identify(src) by extensions ['python_setup_py']
[0.313s] Level 1:colcon.colcon_core.package_identification:_identify(src) by extension 'python_setup_py'
[0.313s] Level 1:colcon.colcon_core.package_identification:_identify(src/Descripcion_Brazo) by extensions ['ignore', 'ignore_ament_install']
[0.313s] Level 1:colcon.colcon_core.package_identification:_identify(src/Descripcion_Brazo) by extension 'ignore'
[0.314s] Level 1:colcon.colcon_core.package_identification:_identify(src/Descripcion_Brazo) by extension 'ignore_ament_install'
[0.314s] Level 1:colcon.colcon_core.package_identification:_identify(src/Descripcion_Brazo) by extensions ['colcon_pkg']
[0.314s] Level 1:colcon.colcon_core.package_identification:_identify(src/Descripcion_Brazo) by extension 'colcon_pkg'
[0.314s] Level 1:colcon.colcon_core.package_identification:_identify(src/Descripcion_Brazo) by extensions ['colcon_meta']
[0.314s] Level 1:colcon.colcon_core.package_identification:_identify(src/Descripcion_Brazo) by extension 'colcon_meta'
[0.314s] Level 1:colcon.colcon_core.package_identification:_identify(src/Descripcion_Brazo) by extensions ['ros']
[0.314s] Level 1:colcon.colcon_core.package_identification:_identify(src/Descripcion_Brazo) by extension 'ros'
[0.320s] DEBUG:colcon.colcon_core.package_identification:Package 'src/Descripcion_Brazo' with type 'ros.ament_python' and name 'descripcion_brazo'
[0.320s] Level 1:colcon.colcon_core.package_identification:_identify(src/control_brazo) by extensions ['ignore', 'ignore_ament_install']
[0.320s] Level 1:colcon.colcon_core.package_identification:_identify(src/control_brazo) by extension 'ignore'
[0.320s] Level 1:colcon.colcon_core.package_identification:_identify(src/control_brazo) by extension 'ignore_ament_install'
[0.320s] Level 1:colcon.colcon_core.package_identification:_identify(src/control_brazo) by extensions ['colcon_pkg']
[0.320s] Level 1:colcon.colcon_core.package_identification:_identify(src/control_brazo) by extension 'colcon_pkg'
[0.320s] Level 1:colcon.colcon_core.package_identification:_identify(src/control_brazo) by extensions ['colcon_meta']
[0.321s] Level 1:colcon.colcon_core.package_identification:_identify(src/control_brazo) by extension 'colcon_meta'
[0.321s] Level 1:colcon.colcon_core.package_identification:_identify(src/control_brazo) by extensions ['ros']
[0.321s] Level 1:colcon.colcon_core.package_identification:_identify(src/control_brazo) by extension 'ros'
[0.322s] DEBUG:colcon.colcon_core.package_identification:Package 'src/control_brazo' with type 'ros.ament_cmake' and name 'control_brazo'
[0.322s] Level 1:colcon.colcon_core.package_discovery:discover_packages(recursive) using defaults
[0.322s] Level 1:colcon.colcon_core.package_discovery:discover_packages(ignore) discover
[0.322s] Level 1:colcon.colcon_core.package_discovery:discover_packages(ignore) using defaults
[0.322s] Level 1:colcon.colcon_core.package_discovery:discover_packages(path) discover
[0.322s] Level 1:colcon.colcon_core.package_discovery:discover_packages(path) using defaults
[0.354s] Level 1:colcon.colcon_core.package_discovery:discover_packages(prefix_path) check parameters
[0.354s] Level 1:colcon.colcon_core.package_discovery:discover_packages(prefix_path) discover
[0.356s] WARNING:colcon.colcon_ros.prefix_path.ament:The path '/home/agustin/Proyectos/Proyecto-Integrador-de-Competencias-2/codigo/ros/install/control_brazo' in the environment variable AMENT_PREFIX_PATH doesn't exist
[0.356s] WARNING:colcon.colcon_ros.prefix_path.catkin:The path '/home/agustin/Proyectos/Proyecto-Integrador-de-Competencias-2/codigo/ros/install/control_brazo' in the environment variable CMAKE_PREFIX_PATH doesn't exist
[0.357s] DEBUG:colcon.colcon_installed_package_information.package_discovery:Found 1 installed packages in /home/agustin/Proyectos/Proyecto-Integrador-de-Competencias-2/codigo/ros/install
[0.361s] DEBUG:colcon.colcon_installed_package_information.package_discovery:Found 289 installed packages in /opt/ros/jazzy
[0.362s] Level 1:colcon.colcon_core.package_discovery:discover_packages(prefix_path) using defaults
[0.460s] Level 5:colcon.colcon_core.verb:set package 'control_brazo' build argument 'cmake_args' from command line to 'None'
[0.461s] Level 5:colcon.colcon_core.verb:set package 'control_brazo' build argument 'cmake_target' from command line to 'None'
[0.461s] Level 5:colcon.colcon_core.verb:set package 'control_brazo' build argument 'cmake_target_skip_unavailable' from command line to 'False'
[0.461s] Level 5:colcon.colcon_core.verb:set package 'control_brazo' build argument 'cmake_clean_cache' from command line to 'False'
[0.461s] Level 5:colcon.colcon_core.verb:set package 'control_brazo' build argument 'cmake_clean_first' from command line to 'False'
[0.461s] Level 5:colcon.colcon_core.verb:set package 'control_brazo' build argument 'cmake_force_configure' from command line to 'False'
[0.461s] Level 5:colcon.colcon_core.verb:set package 'control_brazo' build argument 'ament_cmake_args' from command line to 'None'
[0.461s] Level 5:colcon.colcon_core.verb:set package 'control_brazo' build argument 'catkin_cmake_args' from command line to 'None'
[0.461s] Level 5:colcon.colcon_core.verb:set package 'control_brazo' build argument 'catkin_skip_building_tests' from command line to 'False'
[0.461s] DEBUG:colcon.colcon_core.verb:Building package 'control_brazo' with the following arguments: {'ament_cmake_args': None, 'build_base': '/home/agustin/Proyectos/Proyecto-Integrador-de-Competencias-2/codigo/ros/build/control_brazo', 'catkin_cmake_args': None, 'catkin_skip_building_tests': False, 'cmake_args': None, 'cmake_clean_cache': False, 'cmake_clean_first': False, 'cmake_force_configure': False, 'cmake_target': None, 'cmake_target_skip_unavailable': False, 'install_base': '/home/agustin/Proyectos/Proyecto-Integrador-de-Competencias-2/codigo/ros/install/control_brazo', 'merge_install': False, 'path': '/home/agustin/Proyectos/Proyecto-Integrador-de-Competencias-2/codigo/ros/src/control_brazo', 'symlink_install': False, 'test_result_base': None}
[0.462s] Level 5:colcon.colcon_core.verb:set package 'descripcion_brazo' build argument 'cmake_args' from command line to 'None'
[0.462s] Level 5:colcon.colcon_core.verb:set package 'descripcion_brazo' build argument 'cmake_target' from command line to 'None'
[0.462s] Level 5:colcon.colcon_core.verb:set package 'descripcion_brazo' build argument 'cmake_target_skip_unavailable' from command line to 'False'
[0.462s] Level 5:colcon.colcon_core.verb:set package 'descripcion_brazo' build argument 'cmake_clean_cache' from command line to 'False'
[0.462s] Level 5:colcon.colcon_core.verb:set package 'descripcion_brazo' build argument 'cmake_clean_first' from command line to 'False'
[0.462s] Level 5:colcon.colcon_core.verb:set package 'descripcion_brazo' build argument 'cmake_force_configure' from command line to 'False'
[0.462s] Level 5:colcon.colcon_core.verb:set package 'descripcion_brazo' build argument 'ament_cmake_args' from command line to 'None'
[0.462s] Level 5:colcon.colcon_core.verb:set package 'descripcion_brazo' build argument 'catkin_cmake_args' from command line to 'None'
[0.462s] Level 5:colcon.colcon_core.verb:set package 'descripcion_brazo' build argument 'catkin_skip_building_tests' from command line to 'False'
[0.462s] DEBUG:colcon.colcon_core.verb:Building package 'descripcion_brazo' with the following arguments: {'ament_cmake_args': None, 'build_base': '/home/agustin/Proyectos/Proyecto-Integrador-de-Competencias-2/codigo/ros/build/descripcion_brazo', 'catkin_cmake_args': None, 'catkin_skip_building_tests': False, 'cmake_args': None, 'cmake_clean_cache': False, 'cmake_clean_first': False, 'cmake_force_configure': False, 'cmake_target': None, 'cmake_target_skip_unavailable': False, 'install_base': '/home/agustin/Proyectos/Proyecto-Integrador-de-Competencias-2/codigo/ros/install/descripcion_brazo', 'merge_install': False, 'path': '/home/agustin/Proyectos/Proyecto-Integrador-de-Competencias-2/codigo/ros/src/Descripcion_Brazo', 'symlink_install': False, 'test_result_base': None}
[0.462s] INFO:colcon.colcon_core.executor:Executing jobs using 'parallel' executor
[0.464s] DEBUG:colcon.colcon_parallel_executor.executor.parallel:run_until_complete
[0.465s] INFO:colcon.colcon_ros.task.ament_cmake.build:Building ROS package in '/home/agustin/Proyectos/Proyecto-Integrador-de-Competencias-2/codigo/ros/src/control_brazo' with build type 'ament_cmake'
[0.465s] INFO:colcon.colcon_cmake.task.cmake.build:Building CMake package in '/home/agustin/Proyectos/Proyecto-Integrador-de-Competencias-2/codigo/ros/src/control_brazo'
[0.469s] INFO:colcon.colcon_core.plugin_system:Skipping extension 'colcon_core.shell.bat': Not used on non-Windows systems
[0.469s] INFO:colcon.colcon_core.shell:Skip shell extension 'powershell' for command environment: Not usable outside of PowerShell
[0.469s] DEBUG:colcon.colcon_core.shell:Skip shell extension 'dsv' for command environment
[0.476s] INFO:colcon.colcon_ros.task.ament_python.build:Building ROS package in '/home/agustin/Proyectos/Proyecto-Integrador-de-Competencias-2/codigo/ros/src/Descripcion_Brazo' with build type 'ament_python'
[0.476s] Level 1:colcon.colcon_core.shell:create_environment_hook('descripcion_brazo', 'ament_prefix_path')
[0.476s] INFO:colcon.colcon_core.shell:Creating environment hook '/home/agustin/Proyectos/Proyecto-Integrador-de-Competencias-2/codigo/ros/install/descripcion_brazo/share/descripcion_brazo/hook/ament_prefix_path.ps1'
[0.478s] INFO:colcon.colcon_core.shell:Creating environment descriptor '/home/agustin/Proyectos/Proyecto-Integrador-de-Competencias-2/codigo/ros/install/descripcion_brazo/share/descripcion_brazo/hook/ament_prefix_path.dsv'
[0.478s] INFO:colcon.colcon_core.shell:Creating environment hook '/home/agustin/Proyectos/Proyecto-Integrador-de-Competencias-2/codigo/ros/install/descripcion_brazo/share/descripcion_brazo/hook/ament_prefix_path.sh'
[0.480s] INFO:colcon.colcon_core.shell:Skip shell extension 'powershell' for command environment: Not usable outside of PowerShell
[0.480s] DEBUG:colcon.colcon_core.shell:Skip shell extension 'dsv' for command environment
[0.494s] DEBUG:colcon.colcon_core.event_handler.log_command:Invoking command in '/home/agustin/Proyectos/Proyecto-Integrador-de-Competencias-2/codigo/ros/build/control_brazo': CMAKE_PREFIX_PATH=${CMAKE_PREFIX_PATH}:/home/agustin/Proyectos/Proyecto-Integrador-de-Competencias-2/codigo/ros/install/descripcion_brazo:/opt/ros/jazzy DEBUGINFOD_URLS=https://debuginfod.archlinux.org /usr/bin/cmake /home/agustin/Proyectos/Proyecto-Integrador-de-Competencias-2/codigo/ros/src/control_brazo -DCMAKE_INSTALL_PREFIX=/home/agustin/Proyectos/Proyecto-Integrador-de-Competencias-2/codigo/ros/install/control_brazo
[0.947s] INFO:colcon.colcon_core.task.python.build:Building Python package in '/home/agustin/Proyectos/Proyecto-Integrador-de-Competencias-2/codigo/ros/src/Descripcion_Brazo'
[0.947s] INFO:colcon.colcon_core.shell:Skip shell extension 'powershell' for command environment: Not usable outside of PowerShell
[0.947s] DEBUG:colcon.colcon_core.shell:Skip shell extension 'dsv' for command environment
[2.071s] DEBUG:colcon.colcon_core.task.python.build:Available setuptools commands: alias, build_scripts, install_headers, bdist_egg, develop, bdist_rpm, saveopts, build, rotate, build_py, build_ext, egg_info, symlink_data, clean, install_lib, sdist, build_clib, check, install_data, bdist, install_egg_info, upload, install, install_scripts, test, upload_docs, editable_wheel, register, setopt, easy_install, bdist_dumb, dist_info
[2.076s] DEBUG:colcon.colcon_core.event_handler.log_command:Invoking command in '/home/agustin/Proyectos/Proyecto-Integrador-de-Competencias-2/codigo/ros/src/Descripcion_Brazo': DEBUGINFOD_URLS=https://debuginfod.archlinux.org PYTHONPATH=/home/agustin/Proyectos/Proyecto-Integrador-de-Competencias-2/codigo/ros/build/descripcion_brazo/prefix_override:/usr/lib/python3/dist-packages/colcon_core/task/python/colcon_distutils_commands:/home/agustin/Proyectos/Proyecto-Integrador-de-Competencias-2/codigo/ros/install/descripcion_brazo/lib/python3.12/site-packages:${PYTHONPATH} /usr/bin/python3 -W ignore:setup.py install is deprecated -W ignore:easy_install command is deprecated setup.py egg_info --egg-base ../../build/descripcion_brazo build --build-base /home/agustin/Proyectos/Proyecto-Integrador-de-Competencias-2/codigo/ros/build/descripcion_brazo/build install --record /home/agustin/Proyectos/Proyecto-Integrador-de-Competencias-2/codigo/ros/build/descripcion_brazo/install.log --install-scripts $base/lib/Descripcion_Brazo --single-version-externally-managed install_data
[3.175s] DEBUG:colcon.colcon_core.event_handler.log_command:Invoked command in '/home/agustin/Proyectos/Proyecto-Integrador-de-Competencias-2/codigo/ros/src/Descripcion_Brazo' returned '0': DEBUGINFOD_URLS=https://debuginfod.archlinux.org PYTHONPATH=/home/agustin/Proyectos/Proyecto-Integrador-de-Competencias-2/codigo/ros/build/descripcion_brazo/prefix_override:/usr/lib/python3/dist-packages/colcon_core/task/python/colcon_distutils_commands:/home/agustin/Proyectos/Proyecto-Integrador-de-Competencias-2/codigo/ros/install/descripcion_brazo/lib/python3.12/site-packages:${PYTHONPATH} /usr/bin/python3 -W ignore:setup.py install is deprecated -W ignore:easy_install command is deprecated setup.py egg_info --egg-base ../../build/descripcion_brazo build --build-base /home/agustin/Proyectos/Proyecto-Integrador-de-Competencias-2/codigo/ros/build/descripcion_brazo/build install --record /home/agustin/Proyectos/Proyecto-Integrador-de-Competencias-2/codigo/ros/build/descripcion_brazo/install.log --install-scripts $base/lib/Descripcion_Brazo --single-version-externally-managed install_data
[3.181s] Level 1:colcon.colcon_core.environment:checking '/home/agustin/Proyectos/Proyecto-Integrador-de-Competencias-2/codigo/ros/install/descripcion_brazo' for CMake module files
[3.182s] Level 1:colcon.colcon_core.environment:checking '/home/agustin/Proyectos/Proyecto-Integrador-de-Competencias-2/codigo/ros/install/descripcion_brazo' for CMake config files
[3.183s] Level 1:colcon.colcon_core.environment:checking '/home/agustin/Proyectos/Proyecto-Integrador-de-Competencias-2/codigo/ros/install/descripcion_brazo/lib'
[3.184s] Level 1:colcon.colcon_core.environment:checking '/home/agustin/Proyectos/Proyecto-Integrador-de-Competencias-2/codigo/ros/install/descripcion_brazo/bin'
[3.184s] Level 1:colcon.colcon_core.environment:checking '/home/agustin/Proyectos/Proyecto-Integrador-de-Competencias-2/codigo/ros/install/descripcion_brazo/lib/pkgconfig/descripcion_brazo.pc'
[3.184s] Level 1:colcon.colcon_core.environment:checking '/home/agustin/Proyectos/Proyecto-Integrador-de-Competencias-2/codigo/ros/install/descripcion_brazo/lib/python3.12/site-packages'
[3.184s] Level 1:colcon.colcon_core.shell:create_environment_hook('descripcion_brazo', 'pythonpath')
[3.185s] INFO:colcon.colcon_core.shell:Creating environment hook '/home/agustin/Proyectos/Proyecto-Integrador-de-Competencias-2/codigo/ros/install/descripcion_brazo/share/descripcion_brazo/hook/pythonpath.ps1'
[3.186s] INFO:colcon.colcon_core.shell:Creating environment descriptor '/home/agustin/Proyectos/Proyecto-Integrador-de-Competencias-2/codigo/ros/install/descripcion_brazo/share/descripcion_brazo/hook/pythonpath.dsv'
[3.186s] INFO:colcon.colcon_core.shell:Creating environment hook '/home/agustin/Proyectos/Proyecto-Integrador-de-Competencias-2/codigo/ros/install/descripcion_brazo/share/descripcion_brazo/hook/pythonpath.sh'
[3.188s] Level 1:colcon.colcon_core.environment:checking '/home/agustin/Proyectos/Proyecto-Integrador-de-Competencias-2/codigo/ros/install/descripcion_brazo/bin'
[3.188s] Level 1:colcon.colcon_core.environment:create_environment_scripts_only(descripcion_brazo)
[3.188s] INFO:colcon.colcon_core.shell:Creating package script '/home/agustin/Proyectos/Proyecto-Integrador-de-Competencias-2/codigo/ros/install/descripcion_brazo/share/descripcion_brazo/package.ps1'
[3.191s] INFO:colcon.colcon_core.shell:Creating package descriptor '/home/agustin/Proyectos/Proyecto-Integrador-de-Competencias-2/codigo/ros/install/descripcion_brazo/share/descripcion_brazo/package.dsv'
[3.192s] INFO:colcon.colcon_core.shell:Creating package script '/home/agustin/Proyectos/Proyecto-Integrador-de-Competencias-2/codigo/ros/install/descripcion_brazo/share/descripcion_brazo/package.sh'
[3.202s] INFO:colcon.colcon_core.shell:Creating package script '/home/agustin/Proyectos/Proyecto-Integrador-de-Competencias-2/codigo/ros/install/descripcion_brazo/share/descripcion_brazo/package.bash'
[3.204s] INFO:colcon.colcon_core.shell:Creating package script '/home/agustin/Proyectos/Proyecto-Integrador-de-Competencias-2/codigo/ros/install/descripcion_brazo/share/descripcion_brazo/package.zsh'
[3.205s] Level 1:colcon.colcon_core.environment:create_file_with_runtime_dependencies(/home/agustin/Proyectos/Proyecto-Integrador-de-Competencias-2/codigo/ros/install/descripcion_brazo/share/colcon-core/packages/descripcion_brazo)
[7.168s] DEBUG:colcon.colcon_core.event_handler.log_command:Invoked command in '/home/agustin/Proyectos/Proyecto-Integrador-de-Competencias-2/codigo/ros/build/control_brazo' returned '0': CMAKE_PREFIX_PATH=${CMAKE_PREFIX_PATH}:/home/agustin/Proyectos/Proyecto-Integrador-de-Competencias-2/codigo/ros/install/descripcion_brazo:/opt/ros/jazzy DEBUGINFOD_URLS=https://debuginfod.archlinux.org /usr/bin/cmake /home/agustin/Proyectos/Proyecto-Integrador-de-Competencias-2/codigo/ros/src/control_brazo -DCMAKE_INSTALL_PREFIX=/home/agustin/Proyectos/Proyecto-Integrador-de-Competencias-2/codigo/ros/install/control_brazo
[7.171s] DEBUG:colcon.colcon_core.event_handler.log_command:Invoking command in '/home/agustin/Proyectos/Proyecto-Integrador-de-Competencias-2/codigo/ros/build/control_brazo': CMAKE_PREFIX_PATH=${CMAKE_PREFIX_PATH}:/home/agustin/Proyectos/Proyecto-Integrador-de-Competencias-2/codigo/ros/install/descripcion_brazo:/opt/ros/jazzy DEBUGINFOD_URLS=https://debuginfod.archlinux.org /usr/bin/cmake --build /home/agustin/Proyectos/Proyecto-Integrador-de-Competencias-2/codigo/ros/build/control_brazo -- -j2 -l2
[28.079s] DEBUG:colcon.colcon_core.event_handler.log_command:Invoked command in '/home/agustin/Proyectos/Proyecto-Integrador-de-Competencias-2/codigo/ros/build/control_brazo' returned '0': CMAKE_PREFIX_PATH=${CMAKE_PREFIX_PATH}:/home/agustin/Proyectos/Proyecto-Integrador-de-Competencias-2/codigo/ros/install/descripcion_brazo:/opt/ros/jazzy DEBUGINFOD_URLS=https://debuginfod.archlinux.org /usr/bin/cmake --build /home/agustin/Proyectos/Proyecto-Integrador-de-Competencias-2/codigo/ros/build/control_brazo -- -j2 -l2
[28.098s] DEBUG:colcon.colcon_core.event_handler.log_command:Invoking command in '/home/agustin/Proyectos/Proyecto-Integrador-de-Competencias-2/codigo/ros/build/control_brazo': CMAKE_PREFIX_PATH=${CMAKE_PREFIX_PATH}:/home/agustin/Proyectos/Proyecto-Integrador-de-Competencias-2/codigo/ros/install/descripcion_brazo:/opt/ros/jazzy DEBUGINFOD_URLS=https://debuginfod.archlinux.org /usr/bin/cmake --install /home/agustin/Proyectos/Proyecto-Integrador-de-Competencias-2/codigo/ros/build/control_brazo
[28.278s] Level 1:colcon.colcon_core.environment:create_environment_scripts_only(control_brazo)
[28.279s] Level 1:colcon.colcon_core.environment:checking '/home/agustin/Proyectos/Proyecto-Integrador-de-Competencias-2/codigo/ros/install/control_brazo' for CMake module files
[28.280s] DEBUG:colcon.colcon_core.event_handler.log_command:Invoked command in '/home/agustin/Proyectos/Proyecto-Integrador-de-Competencias-2/codigo/ros/build/control_brazo' returned '0': CMAKE_PREFIX_PATH=${CMAKE_PREFIX_PATH}:/home/agustin/Proyectos/Proyecto-Integrador-de-Competencias-2/codigo/ros/install/descripcion_brazo:/opt/ros/jazzy DEBUGINFOD_URLS=https://debuginfod.archlinux.org /usr/bin/cmake --install /home/agustin/Proyectos/Proyecto-Integrador-de-Competencias-2/codigo/ros/build/control_brazo
[28.281s] Level 1:colcon.colcon_core.environment:checking '/home/agustin/Proyectos/Proyecto-Integrador-de-Competencias-2/codigo/ros/install/control_brazo' for CMake config files
[28.282s] Level 1:colcon.colcon_core.shell:create_environment_hook('control_brazo', 'cmake_prefix_path')
[28.282s] INFO:colcon.colcon_core.shell:Creating environment hook '/home/agustin/Proyectos/Proyecto-Integrador-de-Competencias-2/codigo/ros/install/control_brazo/share/control_brazo/hook/cmake_prefix_path.ps1'
[28.283s] INFO:colcon.colcon_core.shell:Creating environment descriptor '/home/agustin/Proyectos/Proyecto-Integrador-de-Competencias-2/codigo/ros/install/control_brazo/share/control_brazo/hook/cmake_prefix_path.dsv'
[28.284s] INFO:colcon.colcon_core.shell:Creating environment hook '/home/agustin/Proyectos/Proyecto-Integrador-de-Competencias-2/codigo/ros/install/control_brazo/share/control_brazo/hook/cmake_prefix_path.sh'
[28.285s] Level 1:colcon.colcon_core.environment:checking '/home/agustin/Proyectos/Proyecto-Integrador-de-Competencias-2/codigo/ros/install/control_brazo/lib'
[28.285s] Level 1:colcon.colcon_core.shell:create_environment_hook('control_brazo', 'ld_library_path_lib')
[28.285s] INFO:colcon.colcon_core.shell:Creating environment hook '/home/agustin/Proyectos/Proyecto-Integrador-de-Competencias-2/codigo/ros/install/control_brazo/share/control_brazo/hook/ld_library_path_lib.ps1'
[28.286s] INFO:colcon.colcon_core.shell:Creating environment descriptor '/home/agustin/Proyectos/Proyecto-Integrador-de-Competencias-2/codigo/ros/install/control_brazo/share/control_brazo/hook/ld_library_path_lib.dsv'
[28.286s] INFO:colcon.colcon_core.shell:Creating environment hook '/home/agustin/Proyectos/Proyecto-Integrador-de-Competencias-2/codigo/ros/install/control_brazo/share/control_brazo/hook/ld_library_path_lib.sh'
[28.287s] Level 1:colcon.colcon_core.environment:checking '/home/agustin/Proyectos/Proyecto-Integrador-de-Competencias-2/codigo/ros/install/control_brazo/bin'
[28.287s] Level 1:colcon.colcon_core.environment:checking '/home/agustin/Proyectos/Proyecto-Integrador-de-Competencias-2/codigo/ros/install/control_brazo/lib/pkgconfig/control_brazo.pc'
[28.288s] Level 1:colcon.colcon_core.environment:checking '/home/agustin/Proyectos/Proyecto-Integrador-de-Competencias-2/codigo/ros/install/control_brazo/lib/python3.12/site-packages'
[28.288s] Level 1:colcon.colcon_core.shell:create_environment_hook('control_brazo', 'pythonpath')
[28.288s] INFO:colcon.colcon_core.shell:Creating environment hook '/home/agustin/Proyectos/Proyecto-Integrador-de-Competencias-2/codigo/ros/install/control_brazo/share/control_brazo/hook/pythonpath.ps1'
[28.289s] INFO:colcon.colcon_core.shell:Creating environment descriptor '/home/agustin/Proyectos/Proyecto-Integrador-de-Competencias-2/codigo/ros/install/control_brazo/share/control_brazo/hook/pythonpath.dsv'
[28.290s] INFO:colcon.colcon_core.shell:Creating environment hook '/home/agustin/Proyectos/Proyecto-Integrador-de-Competencias-2/codigo/ros/install/control_brazo/share/control_brazo/hook/pythonpath.sh'
[28.291s] Level 1:colcon.colcon_core.environment:checking '/home/agustin/Proyectos/Proyecto-Integrador-de-Competencias-2/codigo/ros/install/control_brazo/bin'
[28.291s] INFO:colcon.colcon_core.shell:Creating package script '/home/agustin/Proyectos/Proyecto-Integrador-de-Competencias-2/codigo/ros/install/control_brazo/share/control_brazo/package.ps1'
[28.293s] INFO:colcon.colcon_core.shell:Creating package descriptor '/home/agustin/Proyectos/Proyecto-Integrador-de-Competencias-2/codigo/ros/install/control_brazo/share/control_brazo/package.dsv'
[28.294s] INFO:colcon.colcon_core.shell:Creating package script '/home/agustin/Proyectos/Proyecto-Integrador-de-Competencias-2/codigo/ros/install/control_brazo/share/control_brazo/package.sh'
[28.294s] INFO:colcon.colcon_core.shell:Creating package script '/home/agustin/Proyectos/Proyecto-Integrador-de-Competencias-2/codigo/ros/install/control_brazo/share/control_brazo/package.bash'
[28.295s] INFO:colcon.colcon_core.shell:Creating package script '/home/agustin/Proyectos/Proyecto-Integrador-de-Competencias-2/codigo/ros/install/control_brazo/share/control_brazo/package.zsh'
[28.296s] Level 1:colcon.colcon_core.environment:create_file_with_runtime_dependencies(/home/agustin/Proyectos/Proyecto-Integrador-de-Competencias-2/codigo/ros/install/control_brazo/share/colcon-core/packages/control_brazo)
[28.297s] Level 1:colcon.colcon_core.environment:create_environment_scripts_only(control_brazo)
[28.297s] Level 1:colcon.colcon_core.environment:checking '/home/agustin/Proyectos/Proyecto-Integrador-de-Competencias-2/codigo/ros/install/control_brazo' for CMake module files
[28.299s] Level 1:colcon.colcon_core.environment:checking '/home/agustin/Proyectos/Proyecto-Integrador-de-Competencias-2/codigo/ros/install/control_brazo' for CMake config files
[28.299s] Level 1:colcon.colcon_core.shell:create_environment_hook('control_brazo', 'cmake_prefix_path')
[28.300s] INFO:colcon.colcon_core.shell:Creating environment hook '/home/agustin/Proyectos/Proyecto-Integrador-de-Competencias-2/codigo/ros/install/control_brazo/share/control_brazo/hook/cmake_prefix_path.ps1'
[28.300s] INFO:colcon.colcon_core.shell:Creating environment descriptor '/home/agustin/Proyectos/Proyecto-Integrador-de-Competencias-2/codigo/ros/install/control_brazo/share/control_brazo/hook/cmake_prefix_path.dsv'
[28.301s] INFO:colcon.colcon_core.shell:Creating environment hook '/home/agustin/Proyectos/Proyecto-Integrador-de-Competencias-2/codigo/ros/install/control_brazo/share/control_brazo/hook/cmake_prefix_path.sh'
[28.302s] Level 1:colcon.colcon_core.environment:checking '/home/agustin/Proyectos/Proyecto-Integrador-de-Competencias-2/codigo/ros/install/control_brazo/lib'
[28.302s] Level 1:colcon.colcon_core.shell:create_environment_hook('control_brazo', 'ld_library_path_lib')
[28.302s] INFO:colcon.colcon_core.shell:Creating environment hook '/home/agustin/Proyectos/Proyecto-Integrador-de-Competencias-2/codigo/ros/install/control_brazo/share/control_brazo/hook/ld_library_path_lib.ps1'
[28.303s] INFO:colcon.colcon_core.shell:Creating environment descriptor '/home/agustin/Proyectos/Proyecto-Integrador-de-Competencias-2/codigo/ros/install/control_brazo/share/control_brazo/hook/ld_library_path_lib.dsv'
[28.303s] INFO:colcon.colcon_core.shell:Creating environment hook '/home/agustin/Proyectos/Proyecto-Integrador-de-Competencias-2/codigo/ros/install/control_brazo/share/control_brazo/hook/ld_library_path_lib.sh'
[28.304s] Level 1:colcon.colcon_core.environment:checking '/home/agustin/Proyectos/Proyecto-Integrador-de-Competencias-2/codigo/ros/install/control_brazo/bin'
[28.304s] Level 1:colcon.colcon_core.environment:checking '/home/agustin/Proyectos/Proyecto-Integrador-de-Competencias-2/codigo/ros/install/control_brazo/lib/pkgconfig/control_brazo.pc'
[28.305s] Level 1:colcon.colcon_core.environment:checking '/home/agustin/Proyectos/Proyecto-Integrador-de-Competencias-2/codigo/ros/install/control_brazo/lib/python3.12/site-packages'
[28.305s] Level 1:colcon.colcon_core.shell:create_environment_hook('control_brazo', 'pythonpath')
[28.305s] INFO:colcon.colcon_core.shell:Creating environment hook '/home/agustin/Proyectos/Proyecto-Integrador-de-Competencias-2/codigo/ros/install/control_brazo/share/control_brazo/hook/pythonpath.ps1'
[28.306s] INFO:colcon.colcon_core.shell:Creating environment descriptor '/home/agustin/Proyectos/Proyecto-Integrador-de-Competencias-2/codigo/ros/install/control_brazo/share/control_brazo/hook/pythonpath.dsv'
[28.306s] INFO:colcon.colcon_core.shell:Creating environment hook '/home/agustin/Proyectos/Proyecto-Integrador-de-Competencias-2/codigo/ros/install/control_brazo/share/control_brazo/hook/pythonpath.sh'
[28.308s] Level 1:colcon.colcon_core.environment:checking '/home/agustin/Proyectos/Proyecto-Integrador-de-Competencias-2/codigo/ros/install/control_brazo/bin'
[28.308s] INFO:colcon.colcon_core.shell:Creating package script '/home/agustin/Proyectos/Proyecto-Integrador-de-Competencias-2/codigo/ros/install/control_brazo/share/control_brazo/package.ps1'
[28.310s] INFO:colcon.colcon_core.shell:Creating package descriptor '/home/agustin/Proyectos/Proyecto-Integrador-de-Competencias-2/codigo/ros/install/control_brazo/share/control_brazo/package.dsv'
[28.311s] INFO:colcon.colcon_core.shell:Creating package script '/home/agustin/Proyectos/Proyecto-Integrador-de-Competencias-2/codigo/ros/install/control_brazo/share/control_brazo/package.sh'
[28.312s] INFO:colcon.colcon_core.shell:Creating package script '/home/agustin/Proyectos/Proyecto-Integrador-de-Competencias-2/codigo/ros/install/control_brazo/share/control_brazo/package.bash'
[28.312s] INFO:colcon.colcon_core.shell:Creating package script '/home/agustin/Proyectos/Proyecto-Integrador-de-Competencias-2/codigo/ros/install/control_brazo/share/control_brazo/package.zsh'
[28.313s] Level 1:colcon.colcon_core.environment:create_file_with_runtime_dependencies(/home/agustin/Proyectos/Proyecto-Integrador-de-Competencias-2/codigo/ros/install/control_brazo/share/colcon-core/packages/control_brazo)
[28.313s] DEBUG:colcon.colcon_parallel_executor.executor.parallel:closing loop
[28.314s] DEBUG:colcon.colcon_parallel_executor.executor.parallel:loop closed
[28.314s] DEBUG:colcon.colcon_parallel_executor.executor.parallel:run_until_complete finished with '0'
[28.315s] DEBUG:colcon.colcon_core.event_reactor:joining thread
[28.340s] INFO:colcon.colcon_core.plugin_system:Skipping extension 'colcon_notification.desktop_notification.notify_send': Could not find 'notify-send'
[28.341s] INFO:colcon.colcon_core.plugin_system:Skipping extension 'colcon_notification.desktop_notification.terminal_notifier': Not used on non-Darwin systems
[28.341s] INFO:colcon.colcon_core.plugin_system:Skipping extension 'colcon_notification.desktop_notification.win32': Not used on non-Windows systems
[28.341s] INFO:colcon.colcon_notification.desktop_notification:Sending desktop notification using 'notify2'
[28.342s] DEBUG:colcon.colcon_notification.desktop_notification.notify2:Failed to initialize notify2: org.freedesktop.DBus.Error.ServiceUnknown: The name is not activatable
[28.342s] DEBUG:colcon.colcon_core.event_reactor:joined thread
[28.343s] INFO:colcon.colcon_core.shell:Creating prefix script '/home/agustin/Proyectos/Proyecto-Integrador-de-Competencias-2/codigo/ros/install/local_setup.ps1'
[28.345s] INFO:colcon.colcon_core.shell:Creating prefix util module '/home/agustin/Proyectos/Proyecto-Integrador-de-Competencias-2/codigo/ros/install/_local_setup_util_ps1.py'
[28.347s] INFO:colcon.colcon_core.shell:Creating prefix chain script '/home/agustin/Proyectos/Proyecto-Integrador-de-Competencias-2/codigo/ros/install/setup.ps1'
[28.349s] INFO:colcon.colcon_core.shell:Creating prefix script '/home/agustin/Proyectos/Proyecto-Integrador-de-Competencias-2/codigo/ros/install/local_setup.sh'
[28.350s] INFO:colcon.colcon_core.shell:Creating prefix util module '/home/agustin/Proyectos/Proyecto-Integrador-de-Competencias-2/codigo/ros/install/_local_setup_util_sh.py'
[28.352s] INFO:colcon.colcon_core.shell:Creating prefix chain script '/home/agustin/Proyectos/Proyecto-Integrador-de-Competencias-2/codigo/ros/install/setup.sh'
[28.354s] INFO:colcon.colcon_core.shell:Creating prefix script '/home/agustin/Proyectos/Proyecto-Integrador-de-Competencias-2/codigo/ros/install/local_setup.bash'
[28.355s] INFO:colcon.colcon_core.shell:Creating prefix chain script '/home/agustin/Proyectos/Proyecto-Integrador-de-Competencias-2/codigo/ros/install/setup.bash'
[28.357s] INFO:colcon.colcon_core.shell:Creating prefix script '/home/agustin/Proyectos/Proyecto-Integrador-de-Competencias-2/codigo/ros/install/local_setup.zsh'
[28.358s] INFO:colcon.colcon_core.shell:Creating prefix chain script '/home/agustin/Proyectos/Proyecto-Integrador-de-Competencias-2/codigo/ros/install/setup.zsh'
