-- Found ament_cmake: 2.5.6 (/opt/ros/jazzy/share/ament_cmake/cmake)
-- Found rclcpp: 28.1.22 (/opt/ros/jazzy/share/rclcpp/cmake)
-- Found rosidl_generator_c: 4.6.9 (/opt/ros/jazzy/share/rosidl_generator_c/cmake)
-- Found rosidl_generator_cpp: 4.6.9 (/opt/ros/jazzy/share/rosidl_generator_cpp/cmake)
-- Using all available rosidl_typesupport_c: rosidl_typesupport_fastrtps_c;rosidl_typesupport_introspection_c
-- Using all available rosidl_typesupport_cpp: rosidl_typesupport_fastrtps_cpp;rosidl_typesupport_introspection_cpp
-- Found rmw_implementation_cmake: 7.3.3 (/opt/ros/jazzy/share/rmw_implementation_cmake/cmake)
-- Found rmw_fastrtps_cpp: 8.4.4 (/opt/ros/jazzy/share/rmw_fastrtps_cpp/cmake)
-- Using RMW implementation 'rmw_fastrtps_cpp' as default
-- Found sensor_msgs: 5.3.8 (/opt/ros/jazzy/share/sensor_msgs/cmake)
-- Found rclcpp_action: 28.1.22 (/opt/ros/jazzy/share/rclcpp_action/cmake)
-- Found interactive_markers: 2.5.5 (/opt/ros/jazzy/share/interactive_markers/cmake)
-- Found rosidl_default_generators: 1.6.1 (/opt/ros/jazzy/share/rosidl_default_generators/cmake)
-- Found rosidl_adapter: 4.6.9 (/opt/ros/jazzy/share/rosidl_adapter/cmake)
-- Found ament_cmake_ros: 0.12.1 (/opt/ros/jazzy/share/ament_cmake_ros/cmake)
-- Using all available rosidl_typesupport_c: rosidl_typesupport_fastrtps_c;rosidl_typesupport_introspection_c
-- Using all available rosidl_typesupport_cpp: rosidl_typesupport_fastrtps_cpp;rosidl_typesupport_introspection_cpp
-- Found python_cmake_module: 0.11.1 (/opt/ros/jazzy/share/python_cmake_module/cmake)
-- Found Python3: /usr/bin/python3 (found version "3.12.3") found components: Interpreter Development NumPy Development.Module Development.Embed 
-- Found Python3: /usr/bin/python3 (found version "3.12.3") found components: Interpreter 
-- Configuring done (2.9s)
-- Generating done (0.1s)
-- Build files have been written to: /home/agustin/Proyectos/Proyecto-Integrador-de-Competencias-2/codigo/ros/build/control_brazo
[  5%] Built target control_brazo__rs
[  5%] Built target control_brazo__rosidl_generator_type_description
[  8%] Built target ament_cmake_python_copy_control_brazo
[  8%] [32mBuilding CXX object CMakeFiles/nodo_control.dir/src/nodo_control.cpp.o[0m
[ 21%] Built target control_brazo__rosidl_generator_c
[ 24%] [34m[1mGenerating C++ code for ROS interfaces[0m
[01m[K/home/agustin/Proyectos/Proyecto-Integrador-de-Competencias-2/codigo/ros/src/control_brazo/src/nodo_control.cpp:2:10:[m[K [01;31m[Kfatal error: [m[Krclcpp_action/rclcpp_action.hpp: No such file or directory
    2 | #include [01;31m[K"rclcpp_action/rclcpp_action.hpp"[m[K
      |          [01;31m[K^~~~~~~~~~~~~~~~~~~~~~~~~~~~~~~~~[m[K
compilation terminated.
gmake[2]: *** [CMakeFiles/nodo_control.dir/build.make:76: CMakeFiles/nodo_control.dir/src/nodo_control.cpp.o] Error 1
gmake[1]: *** [CMakeFiles/Makefile2:642: CMakeFiles/nodo_control.dir/all] Error 2
gmake[1]: *** Waiting for unfinished jobs....
[ 24%] Built target control_brazo__cpp
gmake: *** [Makefile:146: all] Error 2
