[0.205s] DEBUG:colcon:Command line arguments: ['/usr/bin/colcon', 'build']
[0.205s] DEBUG:colcon:Parsed command line arguments: Namespace(log_base=None, log_level=None, verb_name='build', build_base='build', install_base='install', merge_install=False, symlink_install=False, test_result_base=None, continue_on_error=False, executor='parallel', parallel_workers=2, event_handlers=None, ignore_user_meta=False, metas=['./colcon.meta'], base_paths=['.'], packages_ignore=None, packages_ignore_regex=None, paths=None, packages_up_to=None, packages_up_to_regex=None, packages_above=None, packages_above_and_dependencies=None, packages_above_depth=None, packages_select_by_dep=None, packages_skip_by_dep=None, packages_skip_up_to=None, packages_select_build_failed=False, packages_skip_build_finished=False, packages_select_test_failures=False, packages_skip_test_passed=False, packages_select=None, packages_skip=None, packages_select_regex=None, packages_skip_regex=None, packages_start=None, packages_end=None, allow_overriding=[], cmake_args=None, cmake_target=None, cmake_target_skip_unavailable=False, cmake_clean_cache=False, cmake_clean_first=False, cmake_force_configure=False, ament_cmake_args=None, catkin_cmake_args=None, catkin_skip_building_tests=False, verb_parser=<colcon_defaults.argument_parser.defaults.DefaultArgumentsDecorator object at 0x7f04735d9040>, verb_extension=<colcon_core.verb.build.BuildVerb object at 0x7f047358f500>, main=<bound method BuildVerb.main of <colcon_core.verb.build.BuildVerb object at 0x7f047358f500>>)
[0.279s] Level 1:colcon.colcon_core.package_discovery:discover_packages(colcon_meta) check parameters
[0.280s] Level 1:colcon.colcon_core.package_discovery:discover_packages(recursive) check parameters
[0.280s] Level 1:colcon.colcon_core.package_discovery:discover_packages(ignore) check parameters
[0.280s] Level 1:colcon.colcon_core.package_discovery:discover_packages(path) check parameters
[0.280s] Level 1:colcon.colcon_core.package_discovery:discover_packages(colcon_meta) discover
[0.280s] Level 1:colcon.colcon_core.package_discovery:discover_packages(recursive) discover
[0.280s] INFO:colcon.colcon_core.package_discovery:Crawling recursively for packages in '/home/agustin/Proyectos/Proyecto-Integrador-de-Competencias-2/codigo/ros'
[0.280s] Level 1:colcon.colcon_core.package_identification:_identify(.) by extensions ['ignore', 'ignore_ament_install']
[0.280s] Level 1:colcon.colcon_core.package_identification:_identify(.) by extension 'ignore'
[0.280s] Level 1:colcon.colcon_core.package_identification:_identify(.) by extension 'ignore_ament_install'
[0.280s] Level 1:colcon.colcon_core.package_identification:_identify(.) by extensions ['colcon_pkg']
[0.281s] Level 1:colcon.colcon_core.package_identification:_identify(.) by extension 'colcon_pkg'
[0.281s] Level 1:colcon.colcon_core.package_identification:_identify(.) by extensions ['colcon_meta']
[0.281s] Level 1:colcon.colcon_core.package_identification:_identify(.) by extension 'colcon_meta'
[0.281s] Level 1:colcon.colcon_core.package_identification:_identify(.) by extensions ['ros']
[0.281s] Level 1:colcon.colcon_core.package_identification:_identify(.) by extension 'ros'
[0.329s] Level 1:colcon.colcon_core.package_identification:_identify(.) by extensions ['cmake', 'python']
[0.329s] Level 1:colcon.colcon_core.package_identification:_identify(.) by extension 'cmake'
[0.329s] Level 1:colcon.colcon_core.package_identification:_identify(.) by extension 'python'
[0.329s] Level 1:colcon.colcon_core.package_identification:_identify(.) by extensions ['python_setup_py']
[0.329s] Level 1:colcon.colcon_core.package_identification:_identify(.) by extension 'python_setup_py'
[0.329s] Level 1:colcon.colcon_core.package_identification:_identify(build) by extensions ['ignore', 'ignore_ament_install']
[0.329s] Level 1:colcon.colcon_core.package_identification:_identify(build) by extension 'ignore'
[0.329s] Level 1:colcon.colcon_core.package_identification:_identify(build) ignored
[0.330s] Level 1:colcon.colcon_core.package_identification:_identify(install) by extensions ['ignore', 'ignore_ament_install']
[0.330s] Level 1:colcon.colcon_core.package_identification:_identify(install) by extension 'ignore'
[0.330s] Level 1:colcon.colcon_core.package_identification:_identify(install) ignored
[0.330s] Level 1:colcon.colcon_core.package_identification:_identify(log) by extensions ['ignore', 'ignore_ament_install']
[0.330s] Level 1:colcon.colcon_core.package_identification:_identify(log) by extension 'ignore'
[0.330s] Level 1:colcon.colcon_core.package_identification:_identify(log) ignored
[0.330s] Level 1:colcon.colcon_core.package_identification:_identify(src) by extensions ['ignore', 'ignore_ament_install']
[0.331s] Level 1:colcon.colcon_core.package_identification:_identify(src) by extension 'ignore'
[0.331s] Level 1:colcon.colcon_core.package_identification:_identify(src) by extension 'ignore_ament_install'
[0.331s] Level 1:colcon.colcon_core.package_identification:_identify(src) by extensions ['colcon_pkg']
[0.331s] Level 1:colcon.colcon_core.package_identification:_identify(src) by extension 'colcon_pkg'
[0.331s] Level 1:colcon.colcon_core.package_identification:_identify(src) by extensions ['colcon_meta']
[0.331s] Level 1:colcon.colcon_core.package_identification:_identify(src) by extension 'colcon_meta'
[0.331s] Level 1:colcon.colcon_core.package_identification:_identify(src) by extensions ['ros']
[0.331s] Level 1:colcon.colcon_core.package_identification:_identify(src) by extension 'ros'
[0.331s] Level 1:colcon.colcon_core.package_identification:_identify(src) by extensions ['cmake', 'python']
[0.331s] Level 1:colcon.colcon_core.package_identification:_identify(src) by extension 'cmake'
[0.331s] Level 1:colcon.colcon_core.package_identification:_identify(src) by extension 'python'
[0.332s] Level 1:colcon.colcon_core.package_identification:_identify(src) by extensions ['python_setup_py']
[0.332s] Level 1:colcon.colcon_core.package_identification:_identify(src) by extension 'python_setup_py'
[0.332s] Level 1:colcon.colcon_core.package_identification:_identify(src/Descripcion_Brazo) by extensions ['ignore', 'ignore_ament_install']
[0.332s] Level 1:colcon.colcon_core.package_identification:_identify(src/Descripcion_Brazo) by extension 'ignore'
[0.332s] Level 1:colcon.colcon_core.package_identification:_identify(src/Descripcion_Brazo) by extension 'ignore_ament_install'
[0.332s] Level 1:colcon.colcon_core.package_identification:_identify(src/Descripcion_Brazo) by extensions ['colcon_pkg']
[0.332s] Level 1:colcon.colcon_core.package_identification:_identify(src/Descripcion_Brazo) by extension 'colcon_pkg'
[0.332s] Level 1:colcon.colcon_core.package_identification:_identify(src/Descripcion_Brazo) by extensions ['colcon_meta']
[0.332s] Level 1:colcon.colcon_core.package_identification:_identify(src/Descripcion_Brazo) by extension 'colcon_meta'
[0.332s] Level 1:colcon.colcon_core.package_identification:_identify(src/Descripcion_Brazo) by extensions ['ros']
[0.333s] Level 1:colcon.colcon_core.package_identification:_identify(src/Descripcion_Brazo) by extension 'ros'
[0.339s] DEBUG:colcon.colcon_core.package_identification:Package 'src/Descripcion_Brazo' with type 'ros.ament_python' and name 'descripcion_brazo'
[0.339s] Level 1:colcon.colcon_core.package_identification:_identify(src/control_brazo) by extensions ['ignore', 'ignore_ament_install']
[0.339s] Level 1:colcon.colcon_core.package_identification:_identify(src/control_brazo) by extension 'ignore'
[0.339s] Level 1:colcon.colcon_core.package_identification:_identify(src/control_brazo) by extension 'ignore_ament_install'
[0.339s] Level 1:colcon.colcon_core.package_identification:_identify(src/control_brazo) by extensions ['colcon_pkg']
[0.339s] Level 1:colcon.colcon_core.package_identification:_identify(src/control_brazo) by extension 'colcon_pkg'
[0.339s] Level 1:colcon.colcon_core.package_identification:_identify(src/control_brazo) by extensions ['colcon_meta']
[0.339s] Level 1:colcon.colcon_core.package_identification:_identify(src/control_brazo) by extension 'colcon_meta'
[0.340s] Level 1:colcon.colcon_core.package_identification:_identify(src/control_brazo) by extensions ['ros']
[0.340s] Level 1:colcon.colcon_core.package_identification:_identify(src/control_brazo) by extension 'ros'
[0.341s] DEBUG:colcon.colcon_core.package_identification:Package 'src/control_brazo' with type 'ros.ament_cmake' and name 'control_brazo'
[0.341s] Level 1:colcon.colcon_core.package_discovery:discover_packages(recursive) using defaults
[0.341s] Level 1:colcon.colcon_core.package_discovery:discover_packages(ignore) discover
[0.341s] Level 1:colcon.colcon_core.package_discovery:discover_packages(ignore) using defaults
[0.341s] Level 1:colcon.colcon_core.package_discovery:discover_packages(path) discover
[0.341s] Level 1:colcon.colcon_core.package_discovery:discover_packages(path) using defaults
[0.373s] Level 1:colcon.colcon_core.package_discovery:discover_packages(prefix_path) check parameters
[0.373s] Level 1:colcon.colcon_core.package_discovery:discover_packages(prefix_path) discover
[0.376s] DEBUG:colcon.colcon_installed_package_information.package_discovery:Found 2 installed packages in /home/agustin/Proyectos/Proyecto-Integrador-de-Competencias-2/codigo/ros/install
[0.379s] DEBUG:colcon.colcon_installed_package_information.package_discovery:Found 289 installed packages in /opt/ros/jazzy
[0.381s] Level 1:colcon.colcon_core.package_discovery:discover_packages(prefix_path) using defaults
[0.477s] Level 5:colcon.colcon_core.verb:set package 'control_brazo' build argument 'cmake_args' from command line to 'None'
[0.478s] Level 5:colcon.colcon_core.verb:set package 'control_brazo' build argument 'cmake_target' from command line to 'None'
[0.478s] Level 5:colcon.colcon_core.verb:set package 'control_brazo' build argument 'cmake_target_skip_unavailable' from command line to 'False'
[0.478s] Level 5:colcon.colcon_core.verb:set package 'control_brazo' build argument 'cmake_clean_cache' from command line to 'False'
[0.478s] Level 5:colcon.colcon_core.verb:set package 'control_brazo' build argument 'cmake_clean_first' from command line to 'False'
[0.478s] Level 5:colcon.colcon_core.verb:set package 'control_brazo' build argument 'cmake_force_configure' from command line to 'False'
[0.478s] Level 5:colcon.colcon_core.verb:set package 'control_brazo' build argument 'ament_cmake_args' from command line to 'None'
[0.478s] Level 5:colcon.colcon_core.verb:set package 'control_brazo' build argument 'catkin_cmake_args' from command line to 'None'
[0.478s] Level 5:colcon.colcon_core.verb:set package 'control_brazo' build argument 'catkin_skip_building_tests' from command line to 'False'
[0.478s] DEBUG:colcon.colcon_core.verb:Building package 'control_brazo' with the following arguments: {'ament_cmake_args': None, 'build_base': '/home/agustin/Proyectos/Proyecto-Integrador-de-Competencias-2/codigo/ros/build/control_brazo', 'catkin_cmake_args': None, 'catkin_skip_building_tests': False, 'cmake_args': None, 'cmake_clean_cache': False, 'cmake_clean_first': False, 'cmake_force_configure': False, 'cmake_target': None, 'cmake_target_skip_unavailable': False, 'install_base': '/home/agustin/Proyectos/Proyecto-Integrador-de-Competencias-2/codigo/ros/install/control_brazo', 'merge_install': False, 'path': '/home/agustin/Proyectos/Proyecto-Integrador-de-Competencias-2/codigo/ros/src/control_brazo', 'symlink_install': False, 'test_result_base': None}
[0.479s] Level 5:colcon.colcon_core.verb:set package 'descripcion_brazo' build argument 'cmake_args' from command line to 'None'
[0.479s] Level 5:colcon.colcon_core.verb:set package 'descripcion_brazo' build argument 'cmake_target' from command line to 'None'
[0.479s] Level 5:colcon.colcon_core.verb:set package 'descripcion_brazo' build argument 'cmake_target_skip_unavailable' from command line to 'False'
[0.479s] Level 5:colcon.colcon_core.verb:set package 'descripcion_brazo' build argument 'cmake_clean_cache' from command line to 'False'
[0.479s] Level 5:colcon.colcon_core.verb:set package 'descripcion_brazo' build argument 'cmake_clean_first' from command line to 'False'
[0.479s] Level 5:colcon.colcon_core.verb:set package 'descripcion_brazo' build argument 'cmake_force_configure' from command line to 'False'
[0.479s] Level 5:colcon.colcon_core.verb:set package 'descripcion_brazo' build argument 'ament_cmake_args' from command line to 'None'
[0.479s] Level 5:colcon.colcon_core.verb:set package 'descripcion_brazo' build argument 'catkin_cmake_args' from command line to 'None'
[0.479s] Level 5:colcon.colcon_core.verb:set package 'descripcion_brazo' build argument 'catkin_skip_building_tests' from command line to 'False'
[0.479s] DEBUG:colcon.colcon_core.verb:Building package 'descripcion_brazo' with the following arguments: {'ament_cmake_args': None, 'build_base': '/home/agustin/Proyectos/Proyecto-Integrador-de-Competencias-2/codigo/ros/build/descripcion_brazo', 'catkin_cmake_args': None, 'catkin_skip_building_tests': False, 'cmake_args': None, 'cmake_clean_cache': False, 'cmake_clean_first': False, 'cmake_force_configure': False, 'cmake_target': None, 'cmake_target_skip_unavailable': False, 'install_base': '/home/agustin/Proyectos/Proyecto-Integrador-de-Competencias-2/codigo/ros/install/descripcion_brazo', 'merge_install': False, 'path': '/home/agustin/Proyectos/Proyecto-Integrador-de-Competencias-2/codigo/ros/src/Descripcion_Brazo', 'symlink_install': False, 'test_result_base': None}
[0.479s] INFO:colcon.colcon_core.executor:Executing jobs using 'parallel' executor
[0.481s] DEBUG:colcon.colcon_parallel_executor.executor.parallel:run_until_complete
[0.481s] INFO:colcon.colcon_ros.task.ament_cmake.build:Building ROS package in '/home/agustin/Proyectos/Proyecto-Integrador-de-Competencias-2/codigo/ros/src/control_brazo' with build type 'ament_cmake'
[0.482s] INFO:colcon.colcon_cmake.task.cmake.build:Building CMake package in '/home/agustin/Proyectos/Proyecto-Integrador-de-Competencias-2/codigo/ros/src/control_brazo'
[0.485s] INFO:colcon.colcon_core.plugin_system:Skipping extension 'colcon_core.shell.bat': Not used on non-Windows systems
[0.486s] INFO:colcon.colcon_core.shell:Skip shell extension 'powershell' for command environment: Not usable outside of PowerShell
[0.486s] DEBUG:colcon.colcon_core.shell:Skip shell extension 'dsv' for command environment
[0.492s] INFO:colcon.colcon_ros.task.ament_python.build:Building ROS package in '/home/agustin/Proyectos/Proyecto-Integrador-de-Competencias-2/codigo/ros/src/Descripcion_Brazo' with build type 'ament_python'
[0.493s] Level 1:colcon.colcon_core.shell:create_environment_hook('descripcion_brazo', 'ament_prefix_path')
[0.493s] INFO:colcon.colcon_core.shell:Creating environment hook '/home/agustin/Proyectos/Proyecto-Integrador-de-Competencias-2/codigo/ros/install/descripcion_brazo/share/descripcion_brazo/hook/ament_prefix_path.ps1'
[0.495s] INFO:colcon.colcon_core.shell:Creating environment descriptor '/home/agustin/Proyectos/Proyecto-Integrador-de-Competencias-2/codigo/ros/install/descripcion_brazo/share/descripcion_brazo/hook/ament_prefix_path.dsv'
[0.496s] INFO:colcon.colcon_core.shell:Creating environment hook '/home/agustin/Proyectos/Proyecto-Integrador-de-Competencias-2/codigo/ros/install/descripcion_brazo/share/descripcion_brazo/hook/ament_prefix_path.sh'
[0.497s] INFO:colcon.colcon_core.shell:Skip shell extension 'powershell' for command environment: Not usable outside of PowerShell
[0.497s] DEBUG:colcon.colcon_core.shell:Skip shell extension 'dsv' for command environment
[0.513s] DEBUG:colcon.colcon_core.event_handler.log_command:Invoking command in '/home/agustin/Proyectos/Proyecto-Integrador-de-Competencias-2/codigo/ros/build/control_brazo': CMAKE_PREFIX_PATH=${CMAKE_PREFIX_PATH}:/home/agustin/Proyectos/Proyecto-Integrador-de-Competencias-2/codigo/ros/install/descripcion_brazo:/opt/ros/jazzy DEBUGINFOD_URLS=https://debuginfod.archlinux.org /usr/bin/cmake --build /home/agustin/Proyectos/Proyecto-Integrador-de-Competencias-2/codigo/ros/build/control_brazo -- -j2 -l2
[0.938s] INFO:colcon.colcon_core.task.python.build:Building Python package in '/home/agustin/Proyectos/Proyecto-Integrador-de-Competencias-2/codigo/ros/src/Descripcion_Brazo'
[0.938s] INFO:colcon.colcon_core.shell:Skip shell extension 'powershell' for command environment: Not usable outside of PowerShell
[0.938s] DEBUG:colcon.colcon_core.shell:Skip shell extension 'dsv' for command environment
[0.947s] DEBUG:colcon.colcon_core.event_handler.log_command:Invoked command in '/home/agustin/Proyectos/Proyecto-Integrador-de-Competencias-2/codigo/ros/build/control_brazo' returned '0': CMAKE_PREFIX_PATH=${CMAKE_PREFIX_PATH}:/home/agustin/Proyectos/Proyecto-Integrador-de-Competencias-2/codigo/ros/install/descripcion_brazo:/opt/ros/jazzy DEBUGINFOD_URLS=https://debuginfod.archlinux.org /usr/bin/cmake --build /home/agustin/Proyectos/Proyecto-Integrador-de-Competencias-2/codigo/ros/build/control_brazo -- -j2 -l2
[0.964s] DEBUG:colcon.colcon_core.event_handler.log_command:Invoking command in '/home/agustin/Proyectos/Proyecto-Integrador-de-Competencias-2/codigo/ros/build/control_brazo': CMAKE_PREFIX_PATH=${CMAKE_PREFIX_PATH}:/home/agustin/Proyectos/Proyecto-Integrador-de-Competencias-2/codigo/ros/install/descripcion_brazo:/opt/ros/jazzy DEBUGINFOD_URLS=https://debuginfod.archlinux.org /usr/bin/cmake --install /home/agustin/Proyectos/Proyecto-Integrador-de-Competencias-2/codigo/ros/build/control_brazo
[0.985s] Level 1:colcon.colcon_core.environment:create_environment_scripts_only(control_brazo)
[0.987s] DEBUG:colcon.colcon_core.event_handler.log_command:Invoked command in '/home/agustin/Proyectos/Proyecto-Integrador-de-Competencias-2/codigo/ros/build/control_brazo' returned '0': CMAKE_PREFIX_PATH=${CMAKE_PREFIX_PATH}:/home/agustin/Proyectos/Proyecto-Integrador-de-Competencias-2/codigo/ros/install/descripcion_brazo:/opt/ros/jazzy DEBUGINFOD_URLS=https://debuginfod.archlinux.org /usr/bin/cmake --install /home/agustin/Proyectos/Proyecto-Integrador-de-Competencias-2/codigo/ros/build/control_brazo
[0.990s] Level 1:colcon.colcon_core.environment:checking '/home/agustin/Proyectos/Proyecto-Integrador-de-Competencias-2/codigo/ros/install/control_brazo' for CMake module files
[0.992s] Level 1:colcon.colcon_core.environment:checking '/home/agustin/Proyectos/Proyecto-Integrador-de-Competencias-2/codigo/ros/install/control_brazo' for CMake config files
[0.992s] Level 1:colcon.colcon_core.shell:create_environment_hook('control_brazo', 'cmake_prefix_path')
[0.992s] INFO:colcon.colcon_core.shell:Creating environment hook '/home/agustin/Proyectos/Proyecto-Integrador-de-Competencias-2/codigo/ros/install/control_brazo/share/control_brazo/hook/cmake_prefix_path.ps1'
[0.993s] INFO:colcon.colcon_core.shell:Creating environment descriptor '/home/agustin/Proyectos/Proyecto-Integrador-de-Competencias-2/codigo/ros/install/control_brazo/share/control_brazo/hook/cmake_prefix_path.dsv'
[0.994s] INFO:colcon.colcon_core.shell:Creating environment hook '/home/agustin/Proyectos/Proyecto-Integrador-de-Competencias-2/codigo/ros/install/control_brazo/share/control_brazo/hook/cmake_prefix_path.sh'
[0.995s] Level 1:colcon.colcon_core.environment:checking '/home/agustin/Proyectos/Proyecto-Integrador-de-Competencias-2/codigo/ros/install/control_brazo/lib'
[0.995s] Level 1:colcon.colcon_core.environment:checking '/home/agustin/Proyectos/Proyecto-Integrador-de-Competencias-2/codigo/ros/install/control_brazo/bin'
[0.995s] Level 1:colcon.colcon_core.environment:checking '/home/agustin/Proyectos/Proyecto-Integrador-de-Competencias-2/codigo/ros/install/control_brazo/lib/pkgconfig/control_brazo.pc'
[0.996s] Level 1:colcon.colcon_core.environment:checking '/home/agustin/Proyectos/Proyecto-Integrador-de-Competencias-2/codigo/ros/install/control_brazo/lib/python3.12/site-packages'
[0.996s] Level 1:colcon.colcon_core.environment:checking '/home/agustin/Proyectos/Proyecto-Integrador-de-Competencias-2/codigo/ros/install/control_brazo/bin'
[0.997s] INFO:colcon.colcon_core.shell:Creating package script '/home/agustin/Proyectos/Proyecto-Integrador-de-Competencias-2/codigo/ros/install/control_brazo/share/control_brazo/package.ps1'
[0.999s] INFO:colcon.colcon_core.shell:Creating package descriptor '/home/agustin/Proyectos/Proyecto-Integrador-de-Competencias-2/codigo/ros/install/control_brazo/share/control_brazo/package.dsv'
[1.000s] INFO:colcon.colcon_core.shell:Creating package script '/home/agustin/Proyectos/Proyecto-Integrador-de-Competencias-2/codigo/ros/install/control_brazo/share/control_brazo/package.sh'
[1.001s] INFO:colcon.colcon_core.shell:Creating package script '/home/agustin/Proyectos/Proyecto-Integrador-de-Competencias-2/codigo/ros/install/control_brazo/share/control_brazo/package.bash'
[1.002s] INFO:colcon.colcon_core.shell:Creating package script '/home/agustin/Proyectos/Proyecto-Integrador-de-Competencias-2/codigo/ros/install/control_brazo/share/control_brazo/package.zsh'
[1.003s] Level 1:colcon.colcon_core.environment:create_file_with_runtime_dependencies(/home/agustin/Proyectos/Proyecto-Integrador-de-Competencias-2/codigo/ros/install/control_brazo/share/colcon-core/packages/control_brazo)
[1.004s] Level 1:colcon.colcon_core.environment:create_environment_scripts_only(control_brazo)
[1.004s] Level 1:colcon.colcon_core.environment:checking '/home/agustin/Proyectos/Proyecto-Integrador-de-Competencias-2/codigo/ros/install/control_brazo' for CMake module files
[1.005s] Level 1:colcon.colcon_core.environment:checking '/home/agustin/Proyectos/Proyecto-Integrador-de-Competencias-2/codigo/ros/install/control_brazo' for CMake config files
[1.006s] Level 1:colcon.colcon_core.shell:create_environment_hook('control_brazo', 'cmake_prefix_path')
[1.006s] INFO:colcon.colcon_core.shell:Creating environment hook '/home/agustin/Proyectos/Proyecto-Integrador-de-Competencias-2/codigo/ros/install/control_brazo/share/control_brazo/hook/cmake_prefix_path.ps1'
[1.013s] INFO:colcon.colcon_core.shell:Creating environment descriptor '/home/agustin/Proyectos/Proyecto-Integrador-de-Competencias-2/codigo/ros/install/control_brazo/share/control_brazo/hook/cmake_prefix_path.dsv'
[1.014s] INFO:colcon.colcon_core.shell:Creating environment hook '/home/agustin/Proyectos/Proyecto-Integrador-de-Competencias-2/codigo/ros/install/control_brazo/share/control_brazo/hook/cmake_prefix_path.sh'
[1.015s] Level 1:colcon.colcon_core.environment:checking '/home/agustin/Proyectos/Proyecto-Integrador-de-Competencias-2/codigo/ros/install/control_brazo/lib'
[1.015s] Level 1:colcon.colcon_core.environment:checking '/home/agustin/Proyectos/Proyecto-Integrador-de-Competencias-2/codigo/ros/install/control_brazo/bin'
[1.015s] Level 1:colcon.colcon_core.environment:checking '/home/agustin/Proyectos/Proyecto-Integrador-de-Competencias-2/codigo/ros/install/control_brazo/lib/pkgconfig/control_brazo.pc'
[1.016s] Level 1:colcon.colcon_core.environment:checking '/home/agustin/Proyectos/Proyecto-Integrador-de-Competencias-2/codigo/ros/install/control_brazo/lib/python3.12/site-packages'
[1.017s] Level 1:colcon.colcon_core.environment:checking '/home/agustin/Proyectos/Proyecto-Integrador-de-Competencias-2/codigo/ros/install/control_brazo/bin'
[1.017s] INFO:colcon.colcon_core.shell:Creating package script '/home/agustin/Proyectos/Proyecto-Integrador-de-Competencias-2/codigo/ros/install/control_brazo/share/control_brazo/package.ps1'
[1.018s] INFO:colcon.colcon_core.shell:Creating package descriptor '/home/agustin/Proyectos/Proyecto-Integrador-de-Competencias-2/codigo/ros/install/control_brazo/share/control_brazo/package.dsv'
[1.019s] INFO:colcon.colcon_core.shell:Creating package script '/home/agustin/Proyectos/Proyecto-Integrador-de-Competencias-2/codigo/ros/install/control_brazo/share/control_brazo/package.sh'
[1.020s] INFO:colcon.colcon_core.shell:Creating package script '/home/agustin/Proyectos/Proyecto-Integrador-de-Competencias-2/codigo/ros/install/control_brazo/share/control_brazo/package.bash'
[1.021s] INFO:colcon.colcon_core.shell:Creating package script '/home/agustin/Proyectos/Proyecto-Integrador-de-Competencias-2/codigo/ros/install/control_brazo/share/control_brazo/package.zsh'
[1.022s] Level 1:colcon.colcon_core.environment:create_file_with_runtime_dependencies(/home/agustin/Proyectos/Proyecto-Integrador-de-Competencias-2/codigo/ros/install/control_brazo/share/colcon-core/packages/control_brazo)
[2.010s] DEBUG:colcon.colcon_core.task.python.build:Available setuptools commands: install_data, upload_docs, upload, alias, install_headers, setopt, test, symlink_data, register, bdist_rpm, install_lib, egg_info, bdist, dist_info, build_scripts, install_egg_info, bdist_dumb, build_ext, rotate, check, build_py, sdist, build, clean, easy_install, build_clib, develop, saveopts, editable_wheel, bdist_egg, install, install_scripts
[2.014s] DEBUG:colcon.colcon_core.event_handler.log_command:Invoking command in '/home/agustin/Proyectos/Proyecto-Integrador-de-Competencias-2/codigo/ros/src/Descripcion_Brazo': DEBUGINFOD_URLS=https://debuginfod.archlinux.org PYTHONPATH=/home/agustin/Proyectos/Proyecto-Integrador-de-Competencias-2/codigo/ros/build/descripcion_brazo/prefix_override:/usr/lib/python3/dist-packages/colcon_core/task/python/colcon_distutils_commands:/home/agustin/Proyectos/Proyecto-Integrador-de-Competencias-2/codigo/ros/install/descripcion_brazo/lib/python3.12/site-packages:${PYTHONPATH} /usr/bin/python3 -W ignore:setup.py install is deprecated -W ignore:easy_install command is deprecated setup.py egg_info --egg-base ../../build/descripcion_brazo build --build-base /home/agustin/Proyectos/Proyecto-Integrador-de-Competencias-2/codigo/ros/build/descripcion_brazo/build install --record /home/agustin/Proyectos/Proyecto-Integrador-de-Competencias-2/codigo/ros/build/descripcion_brazo/install.log --install-scripts $base/lib/Descripcion_Brazo --single-version-externally-managed install_data
[3.059s] Level 1:colcon.colcon_core.environment:checking '/home/agustin/Proyectos/Proyecto-Integrador-de-Competencias-2/codigo/ros/install/descripcion_brazo' for CMake module files
[3.059s] DEBUG:colcon.colcon_core.event_handler.log_command:Invoked command in '/home/agustin/Proyectos/Proyecto-Integrador-de-Competencias-2/codigo/ros/src/Descripcion_Brazo' returned '0': DEBUGINFOD_URLS=https://debuginfod.archlinux.org PYTHONPATH=/home/agustin/Proyectos/Proyecto-Integrador-de-Competencias-2/codigo/ros/build/descripcion_brazo/prefix_override:/usr/lib/python3/dist-packages/colcon_core/task/python/colcon_distutils_commands:/home/agustin/Proyectos/Proyecto-Integrador-de-Competencias-2/codigo/ros/install/descripcion_brazo/lib/python3.12/site-packages:${PYTHONPATH} /usr/bin/python3 -W ignore:setup.py install is deprecated -W ignore:easy_install command is deprecated setup.py egg_info --egg-base ../../build/descripcion_brazo build --build-base /home/agustin/Proyectos/Proyecto-Integrador-de-Competencias-2/codigo/ros/build/descripcion_brazo/build install --record /home/agustin/Proyectos/Proyecto-Integrador-de-Competencias-2/codigo/ros/build/descripcion_brazo/install.log --install-scripts $base/lib/Descripcion_Brazo --single-version-externally-managed install_data
[3.061s] Level 1:colcon.colcon_core.environment:checking '/home/agustin/Proyectos/Proyecto-Integrador-de-Competencias-2/codigo/ros/install/descripcion_brazo' for CMake config files
[3.062s] Level 1:colcon.colcon_core.environment:checking '/home/agustin/Proyectos/Proyecto-Integrador-de-Competencias-2/codigo/ros/install/descripcion_brazo/lib'
[3.062s] Level 1:colcon.colcon_core.environment:checking '/home/agustin/Proyectos/Proyecto-Integrador-de-Competencias-2/codigo/ros/install/descripcion_brazo/bin'
[3.062s] Level 1:colcon.colcon_core.environment:checking '/home/agustin/Proyectos/Proyecto-Integrador-de-Competencias-2/codigo/ros/install/descripcion_brazo/lib/pkgconfig/descripcion_brazo.pc'
[3.063s] Level 1:colcon.colcon_core.environment:checking '/home/agustin/Proyectos/Proyecto-Integrador-de-Competencias-2/codigo/ros/install/descripcion_brazo/lib/python3.12/site-packages'
[3.063s] Level 1:colcon.colcon_core.shell:create_environment_hook('descripcion_brazo', 'pythonpath')
[3.063s] INFO:colcon.colcon_core.shell:Creating environment hook '/home/agustin/Proyectos/Proyecto-Integrador-de-Competencias-2/codigo/ros/install/descripcion_brazo/share/descripcion_brazo/hook/pythonpath.ps1'
[3.064s] INFO:colcon.colcon_core.shell:Creating environment descriptor '/home/agustin/Proyectos/Proyecto-Integrador-de-Competencias-2/codigo/ros/install/descripcion_brazo/share/descripcion_brazo/hook/pythonpath.dsv'
[3.065s] INFO:colcon.colcon_core.shell:Creating environment hook '/home/agustin/Proyectos/Proyecto-Integrador-de-Competencias-2/codigo/ros/install/descripcion_brazo/share/descripcion_brazo/hook/pythonpath.sh'
[3.066s] Level 1:colcon.colcon_core.environment:checking '/home/agustin/Proyectos/Proyecto-Integrador-de-Competencias-2/codigo/ros/install/descripcion_brazo/bin'
[3.066s] Level 1:colcon.colcon_core.environment:create_environment_scripts_only(descripcion_brazo)
[3.066s] INFO:colcon.colcon_core.shell:Creating package script '/home/agustin/Proyectos/Proyecto-Integrador-de-Competencias-2/codigo/ros/install/descripcion_brazo/share/descripcion_brazo/package.ps1'
[3.067s] INFO:colcon.colcon_core.shell:Creating package descriptor '/home/agustin/Proyectos/Proyecto-Integrador-de-Competencias-2/codigo/ros/install/descripcion_brazo/share/descripcion_brazo/package.dsv'
[3.069s] INFO:colcon.colcon_core.shell:Creating package script '/home/agustin/Proyectos/Proyecto-Integrador-de-Competencias-2/codigo/ros/install/descripcion_brazo/share/descripcion_brazo/package.sh'
[3.069s] INFO:colcon.colcon_core.shell:Creating package script '/home/agustin/Proyectos/Proyecto-Integrador-de-Competencias-2/codigo/ros/install/descripcion_brazo/share/descripcion_brazo/package.bash'
[3.070s] INFO:colcon.colcon_core.shell:Creating package script '/home/agustin/Proyectos/Proyecto-Integrador-de-Competencias-2/codigo/ros/install/descripcion_brazo/share/descripcion_brazo/package.zsh'
[3.070s] Level 1:colcon.colcon_core.environment:create_file_with_runtime_dependencies(/home/agustin/Proyectos/Proyecto-Integrador-de-Competencias-2/codigo/ros/install/descripcion_brazo/share/colcon-core/packages/descripcion_brazo)
[3.071s] DEBUG:colcon.colcon_parallel_executor.executor.parallel:closing loop
[3.072s] DEBUG:colcon.colcon_parallel_executor.executor.parallel:loop closed
[3.072s] DEBUG:colcon.colcon_parallel_executor.executor.parallel:run_until_complete finished with '0'
[3.072s] DEBUG:colcon.colcon_core.event_reactor:joining thread
[3.083s] INFO:colcon.colcon_core.plugin_system:Skipping extension 'colcon_notification.desktop_notification.notify_send': Could not find 'notify-send'
[3.083s] INFO:colcon.colcon_core.plugin_system:Skipping extension 'colcon_notification.desktop_notification.terminal_notifier': Not used on non-Darwin systems
[3.083s] INFO:colcon.colcon_core.plugin_system:Skipping extension 'colcon_notification.desktop_notification.win32': Not used on non-Windows systems
[3.083s] INFO:colcon.colcon_notification.desktop_notification:Sending desktop notification using 'notify2'
[3.084s] DEBUG:colcon.colcon_notification.desktop_notification.notify2:Failed to initialize notify2: org.freedesktop.DBus.Error.ServiceUnknown: The name is not activatable
[3.084s] DEBUG:colcon.colcon_core.event_reactor:joined thread
[3.085s] INFO:colcon.colcon_core.shell:Creating prefix script '/home/agustin/Proyectos/Proyecto-Integrador-de-Competencias-2/codigo/ros/install/local_setup.ps1'
[3.086s] INFO:colcon.colcon_core.shell:Creating prefix util module '/home/agustin/Proyectos/Proyecto-Integrador-de-Competencias-2/codigo/ros/install/_local_setup_util_ps1.py'
[3.088s] INFO:colcon.colcon_core.shell:Creating prefix chain script '/home/agustin/Proyectos/Proyecto-Integrador-de-Competencias-2/codigo/ros/install/setup.ps1'
[3.090s] INFO:colcon.colcon_core.shell:Creating prefix script '/home/agustin/Proyectos/Proyecto-Integrador-de-Competencias-2/codigo/ros/install/local_setup.sh'
[3.090s] INFO:colcon.colcon_core.shell:Creating prefix util module '/home/agustin/Proyectos/Proyecto-Integrador-de-Competencias-2/codigo/ros/install/_local_setup_util_sh.py'
[3.091s] INFO:colcon.colcon_core.shell:Creating prefix chain script '/home/agustin/Proyectos/Proyecto-Integrador-de-Competencias-2/codigo/ros/install/setup.sh'
[3.093s] INFO:colcon.colcon_core.shell:Creating prefix script '/home/agustin/Proyectos/Proyecto-Integrador-de-Competencias-2/codigo/ros/install/local_setup.bash'
[3.094s] INFO:colcon.colcon_core.shell:Creating prefix chain script '/home/agustin/Proyectos/Proyecto-Integrador-de-Competencias-2/codigo/ros/install/setup.bash'
[3.095s] INFO:colcon.colcon_core.shell:Creating prefix script '/home/agustin/Proyectos/Proyecto-Integrador-de-Competencias-2/codigo/ros/install/local_setup.zsh'
[3.097s] INFO:colcon.colcon_core.shell:Creating prefix chain script '/home/agustin/Proyectos/Proyecto-Integrador-de-Competencias-2/codigo/ros/install/setup.zsh'
