[0.188s] DEBUG:colcon:Command line arguments: ['/usr/bin/colcon', 'build']
[0.188s] DEBUG:colcon:Parsed command line arguments: Namespace(log_base=None, log_level=None, verb_name='build', build_base='build', install_base='install', merge_install=False, symlink_install=False, test_result_base=None, continue_on_error=False, executor='parallel', parallel_workers=2, event_handlers=None, ignore_user_meta=False, metas=['./colcon.meta'], base_paths=['.'], packages_ignore=None, packages_ignore_regex=None, paths=None, packages_up_to=None, packages_up_to_regex=None, packages_above=None, packages_above_and_dependencies=None, packages_above_depth=None, packages_select_by_dep=None, packages_skip_by_dep=None, packages_skip_up_to=None, packages_select_build_failed=False, packages_skip_build_finished=False, packages_select_test_failures=False, packages_skip_test_passed=False, packages_select=None, packages_skip=None, packages_select_regex=None, packages_skip_regex=None, packages_start=None, packages_end=None, allow_overriding=[], cmake_args=None, cmake_target=None, cmake_target_skip_unavailable=False, cmake_clean_cache=False, cmake_clean_first=False, cmake_force_configure=False, ament_cmake_args=None, catkin_cmake_args=None, catkin_skip_building_tests=False, verb_parser=<colcon_defaults.argument_parser.defaults.DefaultArgumentsDecorator object at 0x7fbc0d730c50>, verb_extension=<colcon_core.verb.build.BuildVerb object at 0x7fbc0d730aa0>, main=<bound method BuildVerb.main of <colcon_core.verb.build.BuildVerb object at 0x7fbc0d730aa0>>)
[0.260s] Level 1:colcon.colcon_core.package_discovery:discover_packages(colcon_meta) check parameters
[0.260s] Level 1:colcon.colcon_core.package_discovery:discover_packages(recursive) check parameters
[0.260s] Level 1:colcon.colcon_core.package_discovery:discover_packages(ignore) check parameters
[0.260s] Level 1:colcon.colcon_core.package_discovery:discover_packages(path) check parameters
[0.260s] Level 1:colcon.colcon_core.package_discovery:discover_packages(colcon_meta) discover
[0.261s] Level 1:colcon.colcon_core.package_discovery:discover_packages(recursive) discover
[0.261s] INFO:colcon.colcon_core.package_discovery:Crawling recursively for packages in '/home/agustin/Proyectos/Proyecto-Integrador-de-Competencias-2/codigo/ros'
[0.261s] Level 1:colcon.colcon_core.package_identification:_identify(.) by extensions ['ignore', 'ignore_ament_install']
[0.261s] Level 1:colcon.colcon_core.package_identification:_identify(.) by extension 'ignore'
[0.261s] Level 1:colcon.colcon_core.package_identification:_identify(.) by extension 'ignore_ament_install'
[0.261s] Level 1:colcon.colcon_core.package_identification:_identify(.) by extensions ['colcon_pkg']
[0.261s] Level 1:colcon.colcon_core.package_identification:_identify(.) by extension 'colcon_pkg'
[0.261s] Level 1:colcon.colcon_core.package_identification:_identify(.) by extensions ['colcon_meta']
[0.261s] Level 1:colcon.colcon_core.package_identification:_identify(.) by extension 'colcon_meta'
[0.261s] Level 1:colcon.colcon_core.package_identification:_identify(.) by extensions ['ros']
[0.262s] Level 1:colcon.colcon_core.package_identification:_identify(.) by extension 'ros'
[0.310s] Level 1:colcon.colcon_core.package_identification:_identify(.) by extensions ['cmake', 'python']
[0.310s] Level 1:colcon.colcon_core.package_identification:_identify(.) by extension 'cmake'
[0.310s] Level 1:colcon.colcon_core.package_identification:_identify(.) by extension 'python'
[0.310s] Level 1:colcon.colcon_core.package_identification:_identify(.) by extensions ['python_setup_py']
[0.310s] Level 1:colcon.colcon_core.package_identification:_identify(.) by extension 'python_setup_py'
[0.311s] Level 1:colcon.colcon_core.package_identification:_identify(build) by extensions ['ignore', 'ignore_ament_install']
[0.311s] Level 1:colcon.colcon_core.package_identification:_identify(build) by extension 'ignore'
[0.311s] Level 1:colcon.colcon_core.package_identification:_identify(build) ignored
[0.311s] Level 1:colcon.colcon_core.package_identification:_identify(install) by extensions ['ignore', 'ignore_ament_install']
[0.311s] Level 1:colcon.colcon_core.package_identification:_identify(install) by extension 'ignore'
[0.311s] Level 1:colcon.colcon_core.package_identification:_identify(install) ignored
[0.311s] Level 1:colcon.colcon_core.package_identification:_identify(log) by extensions ['ignore', 'ignore_ament_install']
[0.312s] Level 1:colcon.colcon_core.package_identification:_identify(log) by extension 'ignore'
[0.312s] Level 1:colcon.colcon_core.package_identification:_identify(log) ignored
[0.312s] Level 1:colcon.colcon_core.package_identification:_identify(src) by extensions ['ignore', 'ignore_ament_install']
[0.312s] Level 1:colcon.colcon_core.package_identification:_identify(src) by extension 'ignore'
[0.312s] Level 1:colcon.colcon_core.package_identification:_identify(src) by extension 'ignore_ament_install'
[0.312s] Level 1:colcon.colcon_core.package_identification:_identify(src) by extensions ['colcon_pkg']
[0.312s] Level 1:colcon.colcon_core.package_identification:_identify(src) by extension 'colcon_pkg'
[0.312s] Level 1:colcon.colcon_core.package_identification:_identify(src) by extensions ['colcon_meta']
[0.312s] Level 1:colcon.colcon_core.package_identification:_identify(src) by extension 'colcon_meta'
[0.312s] Level 1:colcon.colcon_core.package_identification:_identify(src) by extensions ['ros']
[0.312s] Level 1:colcon.colcon_core.package_identification:_identify(src) by extension 'ros'
[0.313s] Level 1:colcon.colcon_core.package_identification:_identify(src) by extensions ['cmake', 'python']
[0.313s] Level 1:colcon.colcon_core.package_identification:_identify(src) by extension 'cmake'
[0.313s] Level 1:colcon.colcon_core.package_identification:_identify(src) by extension 'python'
[0.313s] Level 1:colcon.colcon_core.package_identification:_identify(src) by extensions ['python_setup_py']
[0.313s] Level 1:colcon.colcon_core.package_identification:_identify(src) by extension 'python_setup_py'
[0.313s] Level 1:colcon.colcon_core.package_identification:_identify(src/Descripcion_Brazo) by extensions ['ignore', 'ignore_ament_install']
[0.313s] Level 1:colcon.colcon_core.package_identification:_identify(src/Descripcion_Brazo) by extension 'ignore'
[0.313s] Level 1:colcon.colcon_core.package_identification:_identify(src/Descripcion_Brazo) by extension 'ignore_ament_install'
[0.313s] Level 1:colcon.colcon_core.package_identification:_identify(src/Descripcion_Brazo) by extensions ['colcon_pkg']
[0.313s] Level 1:colcon.colcon_core.package_identification:_identify(src/Descripcion_Brazo) by extension 'colcon_pkg'
[0.314s] Level 1:colcon.colcon_core.package_identification:_identify(src/Descripcion_Brazo) by extensions ['colcon_meta']
[0.314s] Level 1:colcon.colcon_core.package_identification:_identify(src/Descripcion_Brazo) by extension 'colcon_meta'
[0.314s] Level 1:colcon.colcon_core.package_identification:_identify(src/Descripcion_Brazo) by extensions ['ros']
[0.314s] Level 1:colcon.colcon_core.package_identification:_identify(src/Descripcion_Brazo) by extension 'ros'
[0.319s] DEBUG:colcon.colcon_core.package_identification:Package 'src/Descripcion_Brazo' with type 'ros.ament_python' and name 'descripcion_brazo'
[0.320s] Level 1:colcon.colcon_core.package_identification:_identify(src/control_brazo) by extensions ['ignore', 'ignore_ament_install']
[0.320s] Level 1:colcon.colcon_core.package_identification:_identify(src/control_brazo) by extension 'ignore'
[0.320s] Level 1:colcon.colcon_core.package_identification:_identify(src/control_brazo) by extension 'ignore_ament_install'
[0.320s] Level 1:colcon.colcon_core.package_identification:_identify(src/control_brazo) by extensions ['colcon_pkg']
[0.320s] Level 1:colcon.colcon_core.package_identification:_identify(src/control_brazo) by extension 'colcon_pkg'
[0.320s] Level 1:colcon.colcon_core.package_identification:_identify(src/control_brazo) by extensions ['colcon_meta']
[0.320s] Level 1:colcon.colcon_core.package_identification:_identify(src/control_brazo) by extension 'colcon_meta'
[0.320s] Level 1:colcon.colcon_core.package_identification:_identify(src/control_brazo) by extensions ['ros']
[0.320s] Level 1:colcon.colcon_core.package_identification:_identify(src/control_brazo) by extension 'ros'
[0.321s] DEBUG:colcon.colcon_core.package_identification:Package 'src/control_brazo' with type 'ros.ament_cmake' and name 'control_brazo'
[0.321s] Level 1:colcon.colcon_core.package_discovery:discover_packages(recursive) using defaults
[0.322s] Level 1:colcon.colcon_core.package_discovery:discover_packages(ignore) discover
[0.322s] Level 1:colcon.colcon_core.package_discovery:discover_packages(ignore) using defaults
[0.322s] Level 1:colcon.colcon_core.package_discovery:discover_packages(path) discover
[0.322s] Level 1:colcon.colcon_core.package_discovery:discover_packages(path) using defaults
[0.354s] Level 1:colcon.colcon_core.package_discovery:discover_packages(prefix_path) check parameters
[0.355s] Level 1:colcon.colcon_core.package_discovery:discover_packages(prefix_path) discover
[0.358s] DEBUG:colcon.colcon_installed_package_information.package_discovery:Found 2 installed packages in /home/agustin/Proyectos/Proyecto-Integrador-de-Competencias-2/codigo/ros/install
[0.361s] DEBUG:colcon.colcon_installed_package_information.package_discovery:Found 289 installed packages in /opt/ros/jazzy
[0.362s] Level 1:colcon.colcon_core.package_discovery:discover_packages(prefix_path) using defaults
[0.460s] Level 5:colcon.colcon_core.verb:set package 'control_brazo' build argument 'cmake_args' from command line to 'None'
[0.460s] Level 5:colcon.colcon_core.verb:set package 'control_brazo' build argument 'cmake_target' from command line to 'None'
[0.460s] Level 5:colcon.colcon_core.verb:set package 'control_brazo' build argument 'cmake_target_skip_unavailable' from command line to 'False'
[0.460s] Level 5:colcon.colcon_core.verb:set package 'control_brazo' build argument 'cmake_clean_cache' from command line to 'False'
[0.460s] Level 5:colcon.colcon_core.verb:set package 'control_brazo' build argument 'cmake_clean_first' from command line to 'False'
[0.461s] Level 5:colcon.colcon_core.verb:set package 'control_brazo' build argument 'cmake_force_configure' from command line to 'False'
[0.461s] Level 5:colcon.colcon_core.verb:set package 'control_brazo' build argument 'ament_cmake_args' from command line to 'None'
[0.461s] Level 5:colcon.colcon_core.verb:set package 'control_brazo' build argument 'catkin_cmake_args' from command line to 'None'
[0.461s] Level 5:colcon.colcon_core.verb:set package 'control_brazo' build argument 'catkin_skip_building_tests' from command line to 'False'
[0.461s] DEBUG:colcon.colcon_core.verb:Building package 'control_brazo' with the following arguments: {'ament_cmake_args': None, 'build_base': '/home/agustin/Proyectos/Proyecto-Integrador-de-Competencias-2/codigo/ros/build/control_brazo', 'catkin_cmake_args': None, 'catkin_skip_building_tests': False, 'cmake_args': None, 'cmake_clean_cache': False, 'cmake_clean_first': False, 'cmake_force_configure': False, 'cmake_target': None, 'cmake_target_skip_unavailable': False, 'install_base': '/home/agustin/Proyectos/Proyecto-Integrador-de-Competencias-2/codigo/ros/install/control_brazo', 'merge_install': False, 'path': '/home/agustin/Proyectos/Proyecto-Integrador-de-Competencias-2/codigo/ros/src/control_brazo', 'symlink_install': False, 'test_result_base': None}
[0.461s] Level 5:colcon.colcon_core.verb:set package 'descripcion_brazo' build argument 'cmake_args' from command line to 'None'
[0.461s] Level 5:colcon.colcon_core.verb:set package 'descripcion_brazo' build argument 'cmake_target' from command line to 'None'
[0.461s] Level 5:colcon.colcon_core.verb:set package 'descripcion_brazo' build argument 'cmake_target_skip_unavailable' from command line to 'False'
[0.461s] Level 5:colcon.colcon_core.verb:set package 'descripcion_brazo' build argument 'cmake_clean_cache' from command line to 'False'
[0.462s] Level 5:colcon.colcon_core.verb:set package 'descripcion_brazo' build argument 'cmake_clean_first' from command line to 'False'
[0.462s] Level 5:colcon.colcon_core.verb:set package 'descripcion_brazo' build argument 'cmake_force_configure' from command line to 'False'
[0.462s] Level 5:colcon.colcon_core.verb:set package 'descripcion_brazo' build argument 'ament_cmake_args' from command line to 'None'
[0.462s] Level 5:colcon.colcon_core.verb:set package 'descripcion_brazo' build argument 'catkin_cmake_args' from command line to 'None'
[0.462s] Level 5:colcon.colcon_core.verb:set package 'descripcion_brazo' build argument 'catkin_skip_building_tests' from command line to 'False'
[0.462s] DEBUG:colcon.colcon_core.verb:Building package 'descripcion_brazo' with the following arguments: {'ament_cmake_args': None, 'build_base': '/home/agustin/Proyectos/Proyecto-Integrador-de-Competencias-2/codigo/ros/build/descripcion_brazo', 'catkin_cmake_args': None, 'catkin_skip_building_tests': False, 'cmake_args': None, 'cmake_clean_cache': False, 'cmake_clean_first': False, 'cmake_force_configure': False, 'cmake_target': None, 'cmake_target_skip_unavailable': False, 'install_base': '/home/agustin/Proyectos/Proyecto-Integrador-de-Competencias-2/codigo/ros/install/descripcion_brazo', 'merge_install': False, 'path': '/home/agustin/Proyectos/Proyecto-Integrador-de-Competencias-2/codigo/ros/src/Descripcion_Brazo', 'symlink_install': False, 'test_result_base': None}
[0.462s] INFO:colcon.colcon_core.executor:Executing jobs using 'parallel' executor
[0.464s] DEBUG:colcon.colcon_parallel_executor.executor.parallel:run_until_complete
[0.464s] INFO:colcon.colcon_ros.task.ament_cmake.build:Building ROS package in '/home/agustin/Proyectos/Proyecto-Integrador-de-Competencias-2/codigo/ros/src/control_brazo' with build type 'ament_cmake'
[0.464s] INFO:colcon.colcon_cmake.task.cmake.build:Building CMake package in '/home/agustin/Proyectos/Proyecto-Integrador-de-Competencias-2/codigo/ros/src/control_brazo'
[0.469s] INFO:colcon.colcon_core.plugin_system:Skipping extension 'colcon_core.shell.bat': Not used on non-Windows systems
[0.469s] INFO:colcon.colcon_core.shell:Skip shell extension 'powershell' for command environment: Not usable outside of PowerShell
[0.469s] DEBUG:colcon.colcon_core.shell:Skip shell extension 'dsv' for command environment
[0.476s] INFO:colcon.colcon_ros.task.ament_python.build:Building ROS package in '/home/agustin/Proyectos/Proyecto-Integrador-de-Competencias-2/codigo/ros/src/Descripcion_Brazo' with build type 'ament_python'
[0.476s] Level 1:colcon.colcon_core.shell:create_environment_hook('descripcion_brazo', 'ament_prefix_path')
[0.477s] INFO:colcon.colcon_core.shell:Creating environment hook '/home/agustin/Proyectos/Proyecto-Integrador-de-Competencias-2/codigo/ros/install/descripcion_brazo/share/descripcion_brazo/hook/ament_prefix_path.ps1'
[0.479s] INFO:colcon.colcon_core.shell:Creating environment descriptor '/home/agustin/Proyectos/Proyecto-Integrador-de-Competencias-2/codigo/ros/install/descripcion_brazo/share/descripcion_brazo/hook/ament_prefix_path.dsv'
[0.480s] INFO:colcon.colcon_core.shell:Creating environment hook '/home/agustin/Proyectos/Proyecto-Integrador-de-Competencias-2/codigo/ros/install/descripcion_brazo/share/descripcion_brazo/hook/ament_prefix_path.sh'
[0.482s] INFO:colcon.colcon_core.shell:Skip shell extension 'powershell' for command environment: Not usable outside of PowerShell
[0.483s] DEBUG:colcon.colcon_core.shell:Skip shell extension 'dsv' for command environment
[0.506s] DEBUG:colcon.colcon_core.event_handler.log_command:Invoking command in '/home/agustin/Proyectos/Proyecto-Integrador-de-Competencias-2/codigo/ros/build/control_brazo': CMAKE_PREFIX_PATH=${CMAKE_PREFIX_PATH}:/home/agustin/Proyectos/Proyecto-Integrador-de-Competencias-2/codigo/ros/install/descripcion_brazo:/opt/ros/jazzy DEBUGINFOD_URLS=https://debuginfod.archlinux.org /usr/bin/cmake --build /home/agustin/Proyectos/Proyecto-Integrador-de-Competencias-2/codigo/ros/build/control_brazo -- -j2 -l2
[0.958s] INFO:colcon.colcon_core.task.python.build:Building Python package in '/home/agustin/Proyectos/Proyecto-Integrador-de-Competencias-2/codigo/ros/src/Descripcion_Brazo'
[0.958s] INFO:colcon.colcon_core.shell:Skip shell extension 'powershell' for command environment: Not usable outside of PowerShell
[0.958s] DEBUG:colcon.colcon_core.shell:Skip shell extension 'dsv' for command environment
[2.170s] DEBUG:colcon.colcon_core.task.python.build:Available setuptools commands: rotate, install_headers, egg_info, install_egg_info, install_lib, clean, build, dist_info, symlink_data, upload, develop, check, editable_wheel, install_scripts, upload_docs, test, setopt, saveopts, easy_install, bdist, alias, bdist_egg, build_py, build_clib, build_scripts, build_ext, register, bdist_dumb, sdist, bdist_rpm, install_data, install
[2.174s] DEBUG:colcon.colcon_core.event_handler.log_command:Invoking command in '/home/agustin/Proyectos/Proyecto-Integrador-de-Competencias-2/codigo/ros/src/Descripcion_Brazo': DEBUGINFOD_URLS=https://debuginfod.archlinux.org PYTHONPATH=/home/agustin/Proyectos/Proyecto-Integrador-de-Competencias-2/codigo/ros/build/descripcion_brazo/prefix_override:/usr/lib/python3/dist-packages/colcon_core/task/python/colcon_distutils_commands:/home/agustin/Proyectos/Proyecto-Integrador-de-Competencias-2/codigo/ros/install/descripcion_brazo/lib/python3.12/site-packages:${PYTHONPATH} /usr/bin/python3 -W ignore:setup.py install is deprecated -W ignore:easy_install command is deprecated setup.py egg_info --egg-base ../../build/descripcion_brazo build --build-base /home/agustin/Proyectos/Proyecto-Integrador-de-Competencias-2/codigo/ros/build/descripcion_brazo/build install --record /home/agustin/Proyectos/Proyecto-Integrador-de-Competencias-2/codigo/ros/build/descripcion_brazo/install.log --install-scripts $base/lib/Descripcion_Brazo --single-version-externally-managed install_data
[3.306s] DEBUG:colcon.colcon_core.event_handler.log_command:Invoked command in '/home/agustin/Proyectos/Proyecto-Integrador-de-Competencias-2/codigo/ros/src/Descripcion_Brazo' returned '0': DEBUGINFOD_URLS=https://debuginfod.archlinux.org PYTHONPATH=/home/agustin/Proyectos/Proyecto-Integrador-de-Competencias-2/codigo/ros/build/descripcion_brazo/prefix_override:/usr/lib/python3/dist-packages/colcon_core/task/python/colcon_distutils_commands:/home/agustin/Proyectos/Proyecto-Integrador-de-Competencias-2/codigo/ros/install/descripcion_brazo/lib/python3.12/site-packages:${PYTHONPATH} /usr/bin/python3 -W ignore:setup.py install is deprecated -W ignore:easy_install command is deprecated setup.py egg_info --egg-base ../../build/descripcion_brazo build --build-base /home/agustin/Proyectos/Proyecto-Integrador-de-Competencias-2/codigo/ros/build/descripcion_brazo/build install --record /home/agustin/Proyectos/Proyecto-Integrador-de-Competencias-2/codigo/ros/build/descripcion_brazo/install.log --install-scripts $base/lib/Descripcion_Brazo --single-version-externally-managed install_data
[3.311s] Level 1:colcon.colcon_core.environment:checking '/home/agustin/Proyectos/Proyecto-Integrador-de-Competencias-2/codigo/ros/install/descripcion_brazo' for CMake module files
[3.312s] Level 1:colcon.colcon_core.environment:checking '/home/agustin/Proyectos/Proyecto-Integrador-de-Competencias-2/codigo/ros/install/descripcion_brazo' for CMake config files
[3.313s] Level 1:colcon.colcon_core.environment:checking '/home/agustin/Proyectos/Proyecto-Integrador-de-Competencias-2/codigo/ros/install/descripcion_brazo/lib'
[3.314s] Level 1:colcon.colcon_core.environment:checking '/home/agustin/Proyectos/Proyecto-Integrador-de-Competencias-2/codigo/ros/install/descripcion_brazo/bin'
[3.314s] Level 1:colcon.colcon_core.environment:checking '/home/agustin/Proyectos/Proyecto-Integrador-de-Competencias-2/codigo/ros/install/descripcion_brazo/lib/pkgconfig/descripcion_brazo.pc'
[3.314s] Level 1:colcon.colcon_core.environment:checking '/home/agustin/Proyectos/Proyecto-Integrador-de-Competencias-2/codigo/ros/install/descripcion_brazo/lib/python3.12/site-packages'
[3.314s] Level 1:colcon.colcon_core.shell:create_environment_hook('descripcion_brazo', 'pythonpath')
[3.315s] INFO:colcon.colcon_core.shell:Creating environment hook '/home/agustin/Proyectos/Proyecto-Integrador-de-Competencias-2/codigo/ros/install/descripcion_brazo/share/descripcion_brazo/hook/pythonpath.ps1'
[3.316s] INFO:colcon.colcon_core.shell:Creating environment descriptor '/home/agustin/Proyectos/Proyecto-Integrador-de-Competencias-2/codigo/ros/install/descripcion_brazo/share/descripcion_brazo/hook/pythonpath.dsv'
[3.317s] INFO:colcon.colcon_core.shell:Creating environment hook '/home/agustin/Proyectos/Proyecto-Integrador-de-Competencias-2/codigo/ros/install/descripcion_brazo/share/descripcion_brazo/hook/pythonpath.sh'
[3.318s] Level 1:colcon.colcon_core.environment:checking '/home/agustin/Proyectos/Proyecto-Integrador-de-Competencias-2/codigo/ros/install/descripcion_brazo/bin'
[3.318s] Level 1:colcon.colcon_core.environment:create_environment_scripts_only(descripcion_brazo)
[3.319s] INFO:colcon.colcon_core.shell:Creating package script '/home/agustin/Proyectos/Proyecto-Integrador-de-Competencias-2/codigo/ros/install/descripcion_brazo/share/descripcion_brazo/package.ps1'
[3.321s] INFO:colcon.colcon_core.shell:Creating package descriptor '/home/agustin/Proyectos/Proyecto-Integrador-de-Competencias-2/codigo/ros/install/descripcion_brazo/share/descripcion_brazo/package.dsv'
[3.323s] INFO:colcon.colcon_core.shell:Creating package script '/home/agustin/Proyectos/Proyecto-Integrador-de-Competencias-2/codigo/ros/install/descripcion_brazo/share/descripcion_brazo/package.sh'
[3.324s] INFO:colcon.colcon_core.shell:Creating package script '/home/agustin/Proyectos/Proyecto-Integrador-de-Competencias-2/codigo/ros/install/descripcion_brazo/share/descripcion_brazo/package.bash'
[3.325s] INFO:colcon.colcon_core.shell:Creating package script '/home/agustin/Proyectos/Proyecto-Integrador-de-Competencias-2/codigo/ros/install/descripcion_brazo/share/descripcion_brazo/package.zsh'
[3.326s] Level 1:colcon.colcon_core.environment:create_file_with_runtime_dependencies(/home/agustin/Proyectos/Proyecto-Integrador-de-Competencias-2/codigo/ros/install/descripcion_brazo/share/colcon-core/packages/descripcion_brazo)
[9.442s] DEBUG:colcon.colcon_core.event_handler.log_command:Invoked command in '/home/agustin/Proyectos/Proyecto-Integrador-de-Competencias-2/codigo/ros/build/control_brazo' returned '0': CMAKE_PREFIX_PATH=${CMAKE_PREFIX_PATH}:/home/agustin/Proyectos/Proyecto-Integrador-de-Competencias-2/codigo/ros/install/descripcion_brazo:/opt/ros/jazzy DEBUGINFOD_URLS=https://debuginfod.archlinux.org /usr/bin/cmake --build /home/agustin/Proyectos/Proyecto-Integrador-de-Competencias-2/codigo/ros/build/control_brazo -- -j2 -l2
[9.460s] DEBUG:colcon.colcon_core.event_handler.log_command:Invoking command in '/home/agustin/Proyectos/Proyecto-Integrador-de-Competencias-2/codigo/ros/build/control_brazo': CMAKE_PREFIX_PATH=${CMAKE_PREFIX_PATH}:/home/agustin/Proyectos/Proyecto-Integrador-de-Competencias-2/codigo/ros/install/descripcion_brazo:/opt/ros/jazzy DEBUGINFOD_URLS=https://debuginfod.archlinux.org /usr/bin/cmake --install /home/agustin/Proyectos/Proyecto-Integrador-de-Competencias-2/codigo/ros/build/control_brazo
[9.482s] Level 1:colcon.colcon_core.environment:create_environment_scripts_only(control_brazo)
[9.483s] DEBUG:colcon.colcon_core.event_handler.log_command:Invoked command in '/home/agustin/Proyectos/Proyecto-Integrador-de-Competencias-2/codigo/ros/build/control_brazo' returned '0': CMAKE_PREFIX_PATH=${CMAKE_PREFIX_PATH}:/home/agustin/Proyectos/Proyecto-Integrador-de-Competencias-2/codigo/ros/install/descripcion_brazo:/opt/ros/jazzy DEBUGINFOD_URLS=https://debuginfod.archlinux.org /usr/bin/cmake --install /home/agustin/Proyectos/Proyecto-Integrador-de-Competencias-2/codigo/ros/build/control_brazo
[9.483s] Level 1:colcon.colcon_core.environment:checking '/home/agustin/Proyectos/Proyecto-Integrador-de-Competencias-2/codigo/ros/install/control_brazo' for CMake module files
[9.484s] Level 1:colcon.colcon_core.environment:checking '/home/agustin/Proyectos/Proyecto-Integrador-de-Competencias-2/codigo/ros/install/control_brazo' for CMake config files
[9.485s] Level 1:colcon.colcon_core.shell:create_environment_hook('control_brazo', 'cmake_prefix_path')
[9.485s] INFO:colcon.colcon_core.shell:Creating environment hook '/home/agustin/Proyectos/Proyecto-Integrador-de-Competencias-2/codigo/ros/install/control_brazo/share/control_brazo/hook/cmake_prefix_path.ps1'
[9.486s] INFO:colcon.colcon_core.shell:Creating environment descriptor '/home/agustin/Proyectos/Proyecto-Integrador-de-Competencias-2/codigo/ros/install/control_brazo/share/control_brazo/hook/cmake_prefix_path.dsv'
[9.486s] INFO:colcon.colcon_core.shell:Creating environment hook '/home/agustin/Proyectos/Proyecto-Integrador-de-Competencias-2/codigo/ros/install/control_brazo/share/control_brazo/hook/cmake_prefix_path.sh'
[9.487s] Level 1:colcon.colcon_core.environment:checking '/home/agustin/Proyectos/Proyecto-Integrador-de-Competencias-2/codigo/ros/install/control_brazo/lib'
[9.487s] Level 1:colcon.colcon_core.environment:checking '/home/agustin/Proyectos/Proyecto-Integrador-de-Competencias-2/codigo/ros/install/control_brazo/bin'
[9.488s] Level 1:colcon.colcon_core.environment:checking '/home/agustin/Proyectos/Proyecto-Integrador-de-Competencias-2/codigo/ros/install/control_brazo/lib/pkgconfig/control_brazo.pc'
[9.488s] Level 1:colcon.colcon_core.environment:checking '/home/agustin/Proyectos/Proyecto-Integrador-de-Competencias-2/codigo/ros/install/control_brazo/lib/python3.12/site-packages'
[9.489s] Level 1:colcon.colcon_core.environment:checking '/home/agustin/Proyectos/Proyecto-Integrador-de-Competencias-2/codigo/ros/install/control_brazo/bin'
[9.489s] INFO:colcon.colcon_core.shell:Creating package script '/home/agustin/Proyectos/Proyecto-Integrador-de-Competencias-2/codigo/ros/install/control_brazo/share/control_brazo/package.ps1'
[9.490s] INFO:colcon.colcon_core.shell:Creating package descriptor '/home/agustin/Proyectos/Proyecto-Integrador-de-Competencias-2/codigo/ros/install/control_brazo/share/control_brazo/package.dsv'
[9.491s] INFO:colcon.colcon_core.shell:Creating package script '/home/agustin/Proyectos/Proyecto-Integrador-de-Competencias-2/codigo/ros/install/control_brazo/share/control_brazo/package.sh'
[9.491s] INFO:colcon.colcon_core.shell:Creating package script '/home/agustin/Proyectos/Proyecto-Integrador-de-Competencias-2/codigo/ros/install/control_brazo/share/control_brazo/package.bash'
[9.492s] INFO:colcon.colcon_core.shell:Creating package script '/home/agustin/Proyectos/Proyecto-Integrador-de-Competencias-2/codigo/ros/install/control_brazo/share/control_brazo/package.zsh'
[9.492s] Level 1:colcon.colcon_core.environment:create_file_with_runtime_dependencies(/home/agustin/Proyectos/Proyecto-Integrador-de-Competencias-2/codigo/ros/install/control_brazo/share/colcon-core/packages/control_brazo)
[9.493s] Level 1:colcon.colcon_core.environment:create_environment_scripts_only(control_brazo)
[9.494s] Level 1:colcon.colcon_core.environment:checking '/home/agustin/Proyectos/Proyecto-Integrador-de-Competencias-2/codigo/ros/install/control_brazo' for CMake module files
[9.495s] Level 1:colcon.colcon_core.environment:checking '/home/agustin/Proyectos/Proyecto-Integrador-de-Competencias-2/codigo/ros/install/control_brazo' for CMake config files
[9.495s] Level 1:colcon.colcon_core.shell:create_environment_hook('control_brazo', 'cmake_prefix_path')
[9.495s] INFO:colcon.colcon_core.shell:Creating environment hook '/home/agustin/Proyectos/Proyecto-Integrador-de-Competencias-2/codigo/ros/install/control_brazo/share/control_brazo/hook/cmake_prefix_path.ps1'
[9.496s] INFO:colcon.colcon_core.shell:Creating environment descriptor '/home/agustin/Proyectos/Proyecto-Integrador-de-Competencias-2/codigo/ros/install/control_brazo/share/control_brazo/hook/cmake_prefix_path.dsv'
[9.496s] INFO:colcon.colcon_core.shell:Creating environment hook '/home/agustin/Proyectos/Proyecto-Integrador-de-Competencias-2/codigo/ros/install/control_brazo/share/control_brazo/hook/cmake_prefix_path.sh'
[9.497s] Level 1:colcon.colcon_core.environment:checking '/home/agustin/Proyectos/Proyecto-Integrador-de-Competencias-2/codigo/ros/install/control_brazo/lib'
[9.497s] Level 1:colcon.colcon_core.environment:checking '/home/agustin/Proyectos/Proyecto-Integrador-de-Competencias-2/codigo/ros/install/control_brazo/bin'
[9.497s] Level 1:colcon.colcon_core.environment:checking '/home/agustin/Proyectos/Proyecto-Integrador-de-Competencias-2/codigo/ros/install/control_brazo/lib/pkgconfig/control_brazo.pc'
[9.498s] Level 1:colcon.colcon_core.environment:checking '/home/agustin/Proyectos/Proyecto-Integrador-de-Competencias-2/codigo/ros/install/control_brazo/lib/python3.12/site-packages'
[9.499s] Level 1:colcon.colcon_core.environment:checking '/home/agustin/Proyectos/Proyecto-Integrador-de-Competencias-2/codigo/ros/install/control_brazo/bin'
[9.499s] INFO:colcon.colcon_core.shell:Creating package script '/home/agustin/Proyectos/Proyecto-Integrador-de-Competencias-2/codigo/ros/install/control_brazo/share/control_brazo/package.ps1'
[9.500s] INFO:colcon.colcon_core.shell:Creating package descriptor '/home/agustin/Proyectos/Proyecto-Integrador-de-Competencias-2/codigo/ros/install/control_brazo/share/control_brazo/package.dsv'
[9.501s] INFO:colcon.colcon_core.shell:Creating package script '/home/agustin/Proyectos/Proyecto-Integrador-de-Competencias-2/codigo/ros/install/control_brazo/share/control_brazo/package.sh'
[9.502s] INFO:colcon.colcon_core.shell:Creating package script '/home/agustin/Proyectos/Proyecto-Integrador-de-Competencias-2/codigo/ros/install/control_brazo/share/control_brazo/package.bash'
[9.502s] INFO:colcon.colcon_core.shell:Creating package script '/home/agustin/Proyectos/Proyecto-Integrador-de-Competencias-2/codigo/ros/install/control_brazo/share/control_brazo/package.zsh'
[9.503s] Level 1:colcon.colcon_core.environment:create_file_with_runtime_dependencies(/home/agustin/Proyectos/Proyecto-Integrador-de-Competencias-2/codigo/ros/install/control_brazo/share/colcon-core/packages/control_brazo)
[9.503s] DEBUG:colcon.colcon_parallel_executor.executor.parallel:closing loop
[9.504s] DEBUG:colcon.colcon_parallel_executor.executor.parallel:loop closed
[9.504s] DEBUG:colcon.colcon_parallel_executor.executor.parallel:run_until_complete finished with '0'
[9.504s] DEBUG:colcon.colcon_core.event_reactor:joining thread
[9.516s] INFO:colcon.colcon_core.plugin_system:Skipping extension 'colcon_notification.desktop_notification.notify_send': Could not find 'notify-send'
[9.516s] INFO:colcon.colcon_core.plugin_system:Skipping extension 'colcon_notification.desktop_notification.terminal_notifier': Not used on non-Darwin systems
[9.516s] INFO:colcon.colcon_core.plugin_system:Skipping extension 'colcon_notification.desktop_notification.win32': Not used on non-Windows systems
[9.517s] INFO:colcon.colcon_notification.desktop_notification:Sending desktop notification using 'notify2'
[9.518s] DEBUG:colcon.colcon_notification.desktop_notification.notify2:Failed to initialize notify2: org.freedesktop.DBus.Error.ServiceUnknown: The name is not activatable
[9.518s] DEBUG:colcon.colcon_core.event_reactor:joined thread
[9.518s] INFO:colcon.colcon_core.shell:Creating prefix script '/home/agustin/Proyectos/Proyecto-Integrador-de-Competencias-2/codigo/ros/install/local_setup.ps1'
[9.520s] INFO:colcon.colcon_core.shell:Creating prefix util module '/home/agustin/Proyectos/Proyecto-Integrador-de-Competencias-2/codigo/ros/install/_local_setup_util_ps1.py'
[9.522s] INFO:colcon.colcon_core.shell:Creating prefix chain script '/home/agustin/Proyectos/Proyecto-Integrador-de-Competencias-2/codigo/ros/install/setup.ps1'
[9.532s] INFO:colcon.colcon_core.shell:Creating prefix script '/home/agustin/Proyectos/Proyecto-Integrador-de-Competencias-2/codigo/ros/install/local_setup.sh'
[9.534s] INFO:colcon.colcon_core.shell:Creating prefix util module '/home/agustin/Proyectos/Proyecto-Integrador-de-Competencias-2/codigo/ros/install/_local_setup_util_sh.py'
[9.535s] INFO:colcon.colcon_core.shell:Creating prefix chain script '/home/agustin/Proyectos/Proyecto-Integrador-de-Competencias-2/codigo/ros/install/setup.sh'
[9.537s] INFO:colcon.colcon_core.shell:Creating prefix script '/home/agustin/Proyectos/Proyecto-Integrador-de-Competencias-2/codigo/ros/install/local_setup.bash'
[9.538s] INFO:colcon.colcon_core.shell:Creating prefix chain script '/home/agustin/Proyectos/Proyecto-Integrador-de-Competencias-2/codigo/ros/install/setup.bash'
[9.540s] INFO:colcon.colcon_core.shell:Creating prefix script '/home/agustin/Proyectos/Proyecto-Integrador-de-Competencias-2/codigo/ros/install/local_setup.zsh'
[9.540s] INFO:colcon.colcon_core.shell:Creating prefix chain script '/home/agustin/Proyectos/Proyecto-Integrador-de-Competencias-2/codigo/ros/install/setup.zsh'
