[0.034s] Invoking command in '/home/agustin/Proyectos/Proyecto-Integrador-de-Competencias-2/codigo/ros/build/control_brazo': CMAKE_PREFIX_PATH=${CMAKE_PREFIX_PATH}:/home/agustin/Proyectos/Proyecto-Integrador-de-Competencias-2/codigo/ros/install/descripcion_brazo:/opt/ros/jazzy DEBUGINFOD_URLS=https://debuginfod.archlinux.org /usr/bin/cmake --build /home/agustin/Proyectos/Proyecto-Integrador-de-Competencias-2/codigo/ros/build/control_brazo -- -j2 -l2
[0.155s] [  2%] Built target control_brazo__rosidl_generator_type_description
[0.171s] [  5%] Built target control_brazo__rs
[0.235s] [  5%] Built target ament_cmake_python_copy_control_brazo
[0.251s] [ 18%] Built target control_brazo__rosidl_generator_c
[0.316s] [ 21%] Built target control_brazo__cpp
[0.358s] [ 29%] Built target control_brazo__rosidl_typesupport_fastrtps_c
[0.400s] [ 37%] Built target control_brazo__rosidl_typesupport_fastrtps_cpp
[0.440s] [ 45%] Built target control_brazo__rosidl_typesupport_introspection_c
[0.479s] [ 54%] Built target control_brazo__rosidl_typesupport_c
[0.522s] [ 62%] Built target control_brazo__rosidl_typesupport_introspection_cpp
[0.563s] [ 70%] Built target control_brazo__rosidl_typesupport_cpp
[0.600s] [ 70%] Built target control_brazo
[0.663s] [ 75%] Built target nodo_control
[0.700s] [ 78%] Built target control_brazo__py
[0.744s] [ 83%] Built target control_brazo__rosidl_generator_py
[0.807s] [ 89%] Built target control_brazo_s__rosidl_typesupport_fastrtps_c
[0.855s] [ 94%] Built target control_brazo_s__rosidl_typesupport_introspection_c
[0.895s] [100%] Built target control_brazo_s__rosidl_typesupport_c
[1.100s] running egg_info
[1.141s] writing control_brazo.egg-info/PKG-INFO
[1.142s] writing dependency_links to control_brazo.egg-info/dependency_links.txt
[1.142s] writing top-level names to control_brazo.egg-info/top_level.txt
[1.254s] reading manifest file 'control_brazo.egg-info/SOURCES.txt'
[1.255s] writing manifest file 'control_brazo.egg-info/SOURCES.txt'
[1.326s] [100%] Built target ament_cmake_python_build_control_brazo_egg
[1.347s] Invoked command in '/home/agustin/Proyectos/Proyecto-Integrador-de-Competencias-2/codigo/ros/build/control_brazo' returned '0': CMAKE_PREFIX_PATH=${CMAKE_PREFIX_PATH}:/home/agustin/Proyectos/Proyecto-Integrador-de-Competencias-2/codigo/ros/install/descripcion_brazo:/opt/ros/jazzy DEBUGINFOD_URLS=https://debuginfod.archlinux.org /usr/bin/cmake --build /home/agustin/Proyectos/Proyecto-Integrador-de-Competencias-2/codigo/ros/build/control_brazo -- -j2 -l2
[1.365s] Invoking command in '/home/agustin/Proyectos/Proyecto-Integrador-de-Competencias-2/codigo/ros/build/control_brazo': CMAKE_PREFIX_PATH=${CMAKE_PREFIX_PATH}:/home/agustin/Proyectos/Proyecto-Integrador-de-Competencias-2/codigo/ros/install/descripcion_brazo:/opt/ros/jazzy DEBUGINFOD_URLS=https://debuginfod.archlinux.org /usr/bin/cmake --install /home/agustin/Proyectos/Proyecto-Integrador-de-Competencias-2/codigo/ros/build/control_brazo
[1.382s] -- Install configuration: ""
[1.383s] -- Up-to-date: /home/agustin/Proyectos/Proyecto-Integrador-de-Competencias-2/codigo/ros/install/control_brazo/share/ament_index/resource_index/rosidl_interfaces/control_brazo
[1.383s] -- Up-to-date: /home/agustin/Proyectos/Proyecto-Integrador-de-Competencias-2/codigo/ros/install/control_brazo/share/control_brazo/action/MoverBrazo.json
[1.384s] -- Up-to-date: /home/agustin/Proyectos/Proyecto-Integrador-de-Competencias-2/codigo/ros/install/control_brazo/include/control_brazo/control_brazo
[1.384s] -- Up-to-date: /home/agustin/Proyectos/Proyecto-Integrador-de-Competencias-2/codigo/ros/install/control_brazo/include/control_brazo/control_brazo/msg
[1.384s] -- Up-to-date: /home/agustin/Proyectos/Proyecto-Integrador-de-Competencias-2/codigo/ros/install/control_brazo/include/control_brazo/control_brazo/msg/rosidl_generator_c__visibility_control.h
[1.384s] -- Up-to-date: /home/agustin/Proyectos/Proyecto-Integrador-de-Competencias-2/codigo/ros/install/control_brazo/include/control_brazo/control_brazo/action
[1.385s] -- Up-to-date: /home/agustin/Proyectos/Proyecto-Integrador-de-Competencias-2/codigo/ros/install/control_brazo/include/control_brazo/control_brazo/action/mover_brazo.h
[1.386s] -- Up-to-date: /home/agustin/Proyectos/Proyecto-Integrador-de-Competencias-2/codigo/ros/install/control_brazo/include/control_brazo/control_brazo/action/detail
[1.386s] -- Up-to-date: /home/agustin/Proyectos/Proyecto-Integrador-de-Competencias-2/codigo/ros/install/control_brazo/include/control_brazo/control_brazo/action/detail/mover_brazo__struct.h
[1.386s] -- Up-to-date: /home/agustin/Proyectos/Proyecto-Integrador-de-Competencias-2/codigo/ros/install/control_brazo/include/control_brazo/control_brazo/action/detail/mover_brazo__type_support.h
[1.386s] -- Up-to-date: /home/agustin/Proyectos/Proyecto-Integrador-de-Competencias-2/codigo/ros/install/control_brazo/include/control_brazo/control_brazo/action/detail/mover_brazo__functions.c
[1.386s] -- Up-to-date: /home/agustin/Proyectos/Proyecto-Integrador-de-Competencias-2/codigo/ros/install/control_brazo/include/control_brazo/control_brazo/action/detail/mover_brazo__description.c
[1.387s] -- Installing: /home/agustin/Proyectos/Proyecto-Integrador-de-Competencias-2/codigo/ros/install/control_brazo/include/control_brazo/control_brazo/action/detail/mover_brazo__type_support.c
[1.388s] -- Up-to-date: /home/agustin/Proyectos/Proyecto-Integrador-de-Competencias-2/codigo/ros/install/control_brazo/include/control_brazo/control_brazo/action/detail/mover_brazo__functions.h
[1.388s] -- Up-to-date: /home/agustin/Proyectos/Proyecto-Integrador-de-Competencias-2/codigo/ros/install/control_brazo/share/control_brazo/environment/library_path.sh
[1.388s] -- Up-to-date: /home/agustin/Proyectos/Proyecto-Integrador-de-Competencias-2/codigo/ros/install/control_brazo/share/control_brazo/environment/library_path.dsv
[1.389s] -- Up-to-date: /home/agustin/Proyectos/Proyecto-Integrador-de-Competencias-2/codigo/ros/install/control_brazo/lib/libcontrol_brazo__rosidl_generator_c.so
[1.389s] -- Up-to-date: /home/agustin/Proyectos/Proyecto-Integrador-de-Competencias-2/codigo/ros/install/control_brazo/include/control_brazo/control_brazo
[1.389s] -- Up-to-date: /home/agustin/Proyectos/Proyecto-Integrador-de-Competencias-2/codigo/ros/install/control_brazo/include/control_brazo/control_brazo/msg
[1.390s] -- Up-to-date: /home/agustin/Proyectos/Proyecto-Integrador-de-Competencias-2/codigo/ros/install/control_brazo/include/control_brazo/control_brazo/msg/rosidl_typesupport_fastrtps_c__visibility_control.h
[1.390s] -- Up-to-date: /home/agustin/Proyectos/Proyecto-Integrador-de-Competencias-2/codigo/ros/install/control_brazo/include/control_brazo/control_brazo/action
[1.391s] -- Up-to-date: /home/agustin/Proyectos/Proyecto-Integrador-de-Competencias-2/codigo/ros/install/control_brazo/include/control_brazo/control_brazo/action/detail
[1.391s] -- Up-to-date: /home/agustin/Proyectos/Proyecto-Integrador-de-Competencias-2/codigo/ros/install/control_brazo/include/control_brazo/control_brazo/action/detail/mover_brazo__rosidl_typesupport_fastrtps_c.h
[1.392s] -- Up-to-date: /home/agustin/Proyectos/Proyecto-Integrador-de-Competencias-2/codigo/ros/install/control_brazo/lib/libcontrol_brazo__rosidl_typesupport_fastrtps_c.so
[1.392s] -- Up-to-date: /home/agustin/Proyectos/Proyecto-Integrador-de-Competencias-2/codigo/ros/install/control_brazo/include/control_brazo/control_brazo
[1.393s] -- Up-to-date: /home/agustin/Proyectos/Proyecto-Integrador-de-Competencias-2/codigo/ros/install/control_brazo/include/control_brazo/control_brazo/msg
[1.393s] -- Up-to-date: /home/agustin/Proyectos/Proyecto-Integrador-de-Competencias-2/codigo/ros/install/control_brazo/include/control_brazo/control_brazo/msg/rosidl_generator_cpp__visibility_control.hpp
[1.393s] -- Up-to-date: /home/agustin/Proyectos/Proyecto-Integrador-de-Competencias-2/codigo/ros/install/control_brazo/include/control_brazo/control_brazo/action
[1.393s] -- Up-to-date: /home/agustin/Proyectos/Proyecto-Integrador-de-Competencias-2/codigo/ros/install/control_brazo/include/control_brazo/control_brazo/action/mover_brazo.hpp
[1.394s] -- Up-to-date: /home/agustin/Proyectos/Proyecto-Integrador-de-Competencias-2/codigo/ros/install/control_brazo/include/control_brazo/control_brazo/action/detail
[1.394s] -- Up-to-date: /home/agustin/Proyectos/Proyecto-Integrador-de-Competencias-2/codigo/ros/install/control_brazo/include/control_brazo/control_brazo/action/detail/mover_brazo__builder.hpp
[1.395s] -- Up-to-date: /home/agustin/Proyectos/Proyecto-Integrador-de-Competencias-2/codigo/ros/install/control_brazo/include/control_brazo/control_brazo/action/detail/mover_brazo__traits.hpp
[1.395s] -- Up-to-date: /home/agustin/Proyectos/Proyecto-Integrador-de-Competencias-2/codigo/ros/install/control_brazo/include/control_brazo/control_brazo/action/detail/mover_brazo__struct.hpp
[1.395s] -- Up-to-date: /home/agustin/Proyectos/Proyecto-Integrador-de-Competencias-2/codigo/ros/install/control_brazo/include/control_brazo/control_brazo/action/detail/mover_brazo__type_support.hpp
[1.395s] -- Up-to-date: /home/agustin/Proyectos/Proyecto-Integrador-de-Competencias-2/codigo/ros/install/control_brazo/include/control_brazo/control_brazo
[1.396s] -- Up-to-date: /home/agustin/Proyectos/Proyecto-Integrador-de-Competencias-2/codigo/ros/install/control_brazo/include/control_brazo/control_brazo/msg
[1.396s] -- Up-to-date: /home/agustin/Proyectos/Proyecto-Integrador-de-Competencias-2/codigo/ros/install/control_brazo/include/control_brazo/control_brazo/msg/rosidl_typesupport_fastrtps_cpp__visibility_control.h
[1.397s] -- Up-to-date: /home/agustin/Proyectos/Proyecto-Integrador-de-Competencias-2/codigo/ros/install/control_brazo/include/control_brazo/control_brazo/action
[1.397s] -- Up-to-date: /home/agustin/Proyectos/Proyecto-Integrador-de-Competencias-2/codigo/ros/install/control_brazo/include/control_brazo/control_brazo/action/detail
[1.397s] -- Up-to-date: /home/agustin/Proyectos/Proyecto-Integrador-de-Competencias-2/codigo/ros/install/control_brazo/include/control_brazo/control_brazo/action/detail/dds_fastrtps
[1.398s] -- Up-to-date: /home/agustin/Proyectos/Proyecto-Integrador-de-Competencias-2/codigo/ros/install/control_brazo/include/control_brazo/control_brazo/action/detail/mover_brazo__rosidl_typesupport_fastrtps_cpp.hpp
[1.398s] -- Up-to-date: /home/agustin/Proyectos/Proyecto-Integrador-de-Competencias-2/codigo/ros/install/control_brazo/lib/libcontrol_brazo__rosidl_typesupport_fastrtps_cpp.so
[1.398s] -- Up-to-date: /home/agustin/Proyectos/Proyecto-Integrador-de-Competencias-2/codigo/ros/install/control_brazo/include/control_brazo/control_brazo
[1.399s] -- Up-to-date: /home/agustin/Proyectos/Proyecto-Integrador-de-Competencias-2/codigo/ros/install/control_brazo/include/control_brazo/control_brazo/msg
[1.399s] -- Up-to-date: /home/agustin/Proyectos/Proyecto-Integrador-de-Competencias-2/codigo/ros/install/control_brazo/include/control_brazo/control_brazo/msg/rosidl_typesupport_introspection_c__visibility_control.h
[1.400s] -- Up-to-date: /home/agustin/Proyectos/Proyecto-Integrador-de-Competencias-2/codigo/ros/install/control_brazo/include/control_brazo/control_brazo/action
[1.400s] -- Up-to-date: /home/agustin/Proyectos/Proyecto-Integrador-de-Competencias-2/codigo/ros/install/control_brazo/include/control_brazo/control_brazo/action/detail
[1.400s] -- Up-to-date: /home/agustin/Proyectos/Proyecto-Integrador-de-Competencias-2/codigo/ros/install/control_brazo/include/control_brazo/control_brazo/action/detail/mover_brazo__rosidl_typesupport_introspection_c.h
[1.400s] -- Installing: /home/agustin/Proyectos/Proyecto-Integrador-de-Competencias-2/codigo/ros/install/control_brazo/include/control_brazo/control_brazo/action/detail/mover_brazo__type_support.c
[1.400s] -- Up-to-date: /home/agustin/Proyectos/Proyecto-Integrador-de-Competencias-2/codigo/ros/install/control_brazo/lib/libcontrol_brazo__rosidl_typesupport_introspection_c.so
[1.401s] -- Up-to-date: /home/agustin/Proyectos/Proyecto-Integrador-de-Competencias-2/codigo/ros/install/control_brazo/lib/libcontrol_brazo__rosidl_typesupport_c.so
[1.402s] -- Up-to-date: /home/agustin/Proyectos/Proyecto-Integrador-de-Competencias-2/codigo/ros/install/control_brazo/include/control_brazo/control_brazo
[1.402s] -- Up-to-date: /home/agustin/Proyectos/Proyecto-Integrador-de-Competencias-2/codigo/ros/install/control_brazo/include/control_brazo/control_brazo/action
[1.402s] -- Up-to-date: /home/agustin/Proyectos/Proyecto-Integrador-de-Competencias-2/codigo/ros/install/control_brazo/include/control_brazo/control_brazo/action/detail
[1.402s] -- Up-to-date: /home/agustin/Proyectos/Proyecto-Integrador-de-Competencias-2/codigo/ros/install/control_brazo/include/control_brazo/control_brazo/action/detail/mover_brazo__rosidl_typesupport_introspection_cpp.hpp
[1.403s] -- Up-to-date: /home/agustin/Proyectos/Proyecto-Integrador-de-Competencias-2/codigo/ros/install/control_brazo/include/control_brazo/control_brazo/action/detail/mover_brazo__type_support.cpp
[1.404s] -- Up-to-date: /home/agustin/Proyectos/Proyecto-Integrador-de-Competencias-2/codigo/ros/install/control_brazo/lib/libcontrol_brazo__rosidl_typesupport_introspection_cpp.so
[1.404s] -- Up-to-date: /home/agustin/Proyectos/Proyecto-Integrador-de-Competencias-2/codigo/ros/install/control_brazo/lib/libcontrol_brazo__rosidl_typesupport_cpp.so
[1.404s] -- Up-to-date: /home/agustin/Proyectos/Proyecto-Integrador-de-Competencias-2/codigo/ros/install/control_brazo/share/control_brazo/environment/pythonpath.sh
[1.404s] -- Up-to-date: /home/agustin/Proyectos/Proyecto-Integrador-de-Competencias-2/codigo/ros/install/control_brazo/share/control_brazo/environment/pythonpath.dsv
[1.405s] -- Up-to-date: /home/agustin/Proyectos/Proyecto-Integrador-de-Competencias-2/codigo/ros/install/control_brazo/lib/python3.12/site-packages/control_brazo-0.0.0-py3.12.egg-info
[1.406s] -- Installing: /home/agustin/Proyectos/Proyecto-Integrador-de-Competencias-2/codigo/ros/install/control_brazo/lib/python3.12/site-packages/control_brazo-0.0.0-py3.12.egg-info/SOURCES.txt
[1.406s] -- Installing: /home/agustin/Proyectos/Proyecto-Integrador-de-Competencias-2/codigo/ros/install/control_brazo/lib/python3.12/site-packages/control_brazo-0.0.0-py3.12.egg-info/dependency_links.txt
[1.406s] -- Installing: /home/agustin/Proyectos/Proyecto-Integrador-de-Competencias-2/codigo/ros/install/control_brazo/lib/python3.12/site-packages/control_brazo-0.0.0-py3.12.egg-info/top_level.txt
[1.407s] -- Installing: /home/agustin/Proyectos/Proyecto-Integrador-de-Competencias-2/codigo/ros/install/control_brazo/lib/python3.12/site-packages/control_brazo-0.0.0-py3.12.egg-info/PKG-INFO
[1.407s] -- Up-to-date: /home/agustin/Proyectos/Proyecto-Integrador-de-Competencias-2/codigo/ros/install/control_brazo/lib/python3.12/site-packages/control_brazo
[1.407s] -- Up-to-date: /home/agustin/Proyectos/Proyecto-Integrador-de-Competencias-2/codigo/ros/install/control_brazo/lib/python3.12/site-packages/control_brazo/_control_brazo_s.ep.rosidl_typesupport_c.c
[1.407s] -- Up-to-date: /home/agustin/Proyectos/Proyecto-Integrador-de-Competencias-2/codigo/ros/install/control_brazo/lib/python3.12/site-packages/control_brazo/_control_brazo_s.ep.rosidl_typesupport_introspection_c.c
[1.407s] -- Up-to-date: /home/agustin/Proyectos/Proyecto-Integrador-de-Competencias-2/codigo/ros/install/control_brazo/lib/python3.12/site-packages/control_brazo/control_brazo_s__rosidl_typesupport_c.so
[1.407s] -- Up-to-date: /home/agustin/Proyectos/Proyecto-Integrador-de-Competencias-2/codigo/ros/install/control_brazo/lib/python3.12/site-packages/control_brazo/control_brazo_s__rosidl_typesupport_introspection_c.so
[1.407s] -- Up-to-date: /home/agustin/Proyectos/Proyecto-Integrador-de-Competencias-2/codigo/ros/install/control_brazo/lib/python3.12/site-packages/control_brazo/__init__.py
[1.408s] -- Up-to-date: /home/agustin/Proyectos/Proyecto-Integrador-de-Competencias-2/codigo/ros/install/control_brazo/lib/python3.12/site-packages/control_brazo/control_brazo_s__rosidl_typesupport_fastrtps_c.so
[1.408s] -- Up-to-date: /home/agustin/Proyectos/Proyecto-Integrador-de-Competencias-2/codigo/ros/install/control_brazo/lib/python3.12/site-packages/control_brazo/action
[1.408s] -- Up-to-date: /home/agustin/Proyectos/Proyecto-Integrador-de-Competencias-2/codigo/ros/install/control_brazo/lib/python3.12/site-packages/control_brazo/action/_mover_brazo.py
[1.408s] -- Up-to-date: /home/agustin/Proyectos/Proyecto-Integrador-de-Competencias-2/codigo/ros/install/control_brazo/lib/python3.12/site-packages/control_brazo/action/_mover_brazo_s.c
[1.408s] -- Up-to-date: /home/agustin/Proyectos/Proyecto-Integrador-de-Competencias-2/codigo/ros/install/control_brazo/lib/python3.12/site-packages/control_brazo/action/__init__.py
[1.408s] -- Up-to-date: /home/agustin/Proyectos/Proyecto-Integrador-de-Competencias-2/codigo/ros/install/control_brazo/lib/python3.12/site-packages/control_brazo/_control_brazo_s.ep.rosidl_typesupport_fastrtps_c.c
[1.475s] Listing '/home/agustin/Proyectos/Proyecto-Integrador-de-Competencias-2/codigo/ros/install/control_brazo/lib/python3.12/site-packages/control_brazo'...
[1.478s] Listing '/home/agustin/Proyectos/Proyecto-Integrador-de-Competencias-2/codigo/ros/install/control_brazo/lib/python3.12/site-packages/control_brazo/action'...
[1.491s] -- Up-to-date: /home/agustin/Proyectos/Proyecto-Integrador-de-Competencias-2/codigo/ros/install/control_brazo/lib/python3.12/site-packages/control_brazo/control_brazo_s__rosidl_typesupport_fastrtps_c.so
[1.492s] -- Up-to-date: /home/agustin/Proyectos/Proyecto-Integrador-de-Competencias-2/codigo/ros/install/control_brazo/lib/python3.12/site-packages/control_brazo/control_brazo_s__rosidl_typesupport_introspection_c.so
[1.493s] -- Up-to-date: /home/agustin/Proyectos/Proyecto-Integrador-de-Competencias-2/codigo/ros/install/control_brazo/lib/python3.12/site-packages/control_brazo/control_brazo_s__rosidl_typesupport_c.so
[1.493s] -- Up-to-date: /home/agustin/Proyectos/Proyecto-Integrador-de-Competencias-2/codigo/ros/install/control_brazo/lib/libcontrol_brazo__rosidl_generator_py.so
[1.494s] -- Up-to-date: /home/agustin/Proyectos/Proyecto-Integrador-de-Competencias-2/codigo/ros/install/control_brazo/share/control_brazo/rust
[1.494s] -- Up-to-date: /home/agustin/Proyectos/Proyecto-Integrador-de-Competencias-2/codigo/ros/install/control_brazo/share/control_brazo/rust/build.rs
[1.495s] -- Up-to-date: /home/agustin/Proyectos/Proyecto-Integrador-de-Competencias-2/codigo/ros/install/control_brazo/share/control_brazo/rust/src
[1.495s] -- Up-to-date: /home/agustin/Proyectos/Proyecto-Integrador-de-Competencias-2/codigo/ros/install/control_brazo/share/control_brazo/rust/src/action
[1.495s] -- Up-to-date: /home/agustin/Proyectos/Proyecto-Integrador-de-Competencias-2/codigo/ros/install/control_brazo/share/control_brazo/rust/src/action/rmw.rs
[1.496s] -- Up-to-date: /home/agustin/Proyectos/Proyecto-Integrador-de-Competencias-2/codigo/ros/install/control_brazo/share/control_brazo/rust/src/lib.rs
[1.496s] -- Up-to-date: /home/agustin/Proyectos/Proyecto-Integrador-de-Competencias-2/codigo/ros/install/control_brazo/share/control_brazo/rust/src/action.rs
[1.496s] -- Up-to-date: /home/agustin/Proyectos/Proyecto-Integrador-de-Competencias-2/codigo/ros/install/control_brazo/share/control_brazo/rust/Cargo.toml
[1.501s] -- Up-to-date: /home/agustin/Proyectos/Proyecto-Integrador-de-Competencias-2/codigo/ros/install/control_brazo/share/control_brazo/action/MoverBrazo.idl
[1.501s] -- Up-to-date: /home/agustin/Proyectos/Proyecto-Integrador-de-Competencias-2/codigo/ros/install/control_brazo/share/control_brazo/action/MoverBrazo.action
[1.501s] -- Up-to-date: /home/agustin/Proyectos/Proyecto-Integrador-de-Competencias-2/codigo/ros/install/control_brazo/lib/control_brazo/nodo_control
[1.505s] -- Up-to-date: /home/agustin/Proyectos/Proyecto-Integrador-de-Competencias-2/codigo/ros/install/control_brazo/share/ament_index/resource_index/package_run_dependencies/control_brazo
[1.506s] -- Up-to-date: /home/agustin/Proyectos/Proyecto-Integrador-de-Competencias-2/codigo/ros/install/control_brazo/share/ament_index/resource_index/parent_prefix_path/control_brazo
[1.507s] -- Up-to-date: /home/agustin/Proyectos/Proyecto-Integrador-de-Competencias-2/codigo/ros/install/control_brazo/share/control_brazo/environment/ament_prefix_path.sh
[1.507s] -- Up-to-date: /home/agustin/Proyectos/Proyecto-Integrador-de-Competencias-2/codigo/ros/install/control_brazo/share/control_brazo/environment/ament_prefix_path.dsv
[1.507s] -- Up-to-date: /home/agustin/Proyectos/Proyecto-Integrador-de-Competencias-2/codigo/ros/install/control_brazo/share/control_brazo/environment/path.sh
[1.509s] -- Up-to-date: /home/agustin/Proyectos/Proyecto-Integrador-de-Competencias-2/codigo/ros/install/control_brazo/share/control_brazo/environment/path.dsv
[1.510s] -- Up-to-date: /home/agustin/Proyectos/Proyecto-Integrador-de-Competencias-2/codigo/ros/install/control_brazo/share/control_brazo/local_setup.bash
[1.510s] -- Up-to-date: /home/agustin/Proyectos/Proyecto-Integrador-de-Competencias-2/codigo/ros/install/control_brazo/share/control_brazo/local_setup.sh
[1.510s] -- Up-to-date: /home/agustin/Proyectos/Proyecto-Integrador-de-Competencias-2/codigo/ros/install/control_brazo/share/control_brazo/local_setup.zsh
[1.510s] -- Up-to-date: /home/agustin/Proyectos/Proyecto-Integrador-de-Competencias-2/codigo/ros/install/control_brazo/share/control_brazo/local_setup.dsv
[1.512s] -- Installing: /home/agustin/Proyectos/Proyecto-Integrador-de-Competencias-2/codigo/ros/install/control_brazo/share/control_brazo/package.dsv
[1.512s] -- Up-to-date: /home/agustin/Proyectos/Proyecto-Integrador-de-Competencias-2/codigo/ros/install/control_brazo/share/ament_index/resource_index/packages/control_brazo
[1.512s] -- Up-to-date: /home/agustin/Proyectos/Proyecto-Integrador-de-Competencias-2/codigo/ros/install/control_brazo/share/control_brazo/cmake/export_control_brazo__rosidl_generator_cExport.cmake
[1.512s] -- Up-to-date: /home/agustin/Proyectos/Proyecto-Integrador-de-Competencias-2/codigo/ros/install/control_brazo/share/control_brazo/cmake/export_control_brazo__rosidl_generator_cExport-noconfig.cmake
[1.513s] -- Up-to-date: /home/agustin/Proyectos/Proyecto-Integrador-de-Competencias-2/codigo/ros/install/control_brazo/share/control_brazo/cmake/export_control_brazo__rosidl_typesupport_fastrtps_cExport.cmake
[1.514s] -- Up-to-date: /home/agustin/Proyectos/Proyecto-Integrador-de-Competencias-2/codigo/ros/install/control_brazo/share/control_brazo/cmake/export_control_brazo__rosidl_typesupport_fastrtps_cExport-noconfig.cmake
[1.514s] -- Up-to-date: /home/agustin/Proyectos/Proyecto-Integrador-de-Competencias-2/codigo/ros/install/control_brazo/share/control_brazo/cmake/export_control_brazo__rosidl_generator_cppExport.cmake
[1.514s] -- Up-to-date: /home/agustin/Proyectos/Proyecto-Integrador-de-Competencias-2/codigo/ros/install/control_brazo/share/control_brazo/cmake/export_control_brazo__rosidl_typesupport_fastrtps_cppExport.cmake
[1.514s] -- Up-to-date: /home/agustin/Proyectos/Proyecto-Integrador-de-Competencias-2/codigo/ros/install/control_brazo/share/control_brazo/cmake/export_control_brazo__rosidl_typesupport_fastrtps_cppExport-noconfig.cmake
[1.519s] -- Up-to-date: /home/agustin/Proyectos/Proyecto-Integrador-de-Competencias-2/codigo/ros/install/control_brazo/share/control_brazo/cmake/control_brazo__rosidl_typesupport_introspection_cExport.cmake
[1.527s] -- Up-to-date: /home/agustin/Proyectos/Proyecto-Integrador-de-Competencias-2/codigo/ros/install/control_brazo/share/control_brazo/cmake/control_brazo__rosidl_typesupport_introspection_cExport-noconfig.cmake
[1.528s] -- Up-to-date: /home/agustin/Proyectos/Proyecto-Integrador-de-Competencias-2/codigo/ros/install/control_brazo/share/control_brazo/cmake/control_brazo__rosidl_typesupport_cExport.cmake
[1.528s] -- Up-to-date: /home/agustin/Proyectos/Proyecto-Integrador-de-Competencias-2/codigo/ros/install/control_brazo/share/control_brazo/cmake/control_brazo__rosidl_typesupport_cExport-noconfig.cmake
[1.530s] -- Up-to-date: /home/agustin/Proyectos/Proyecto-Integrador-de-Competencias-2/codigo/ros/install/control_brazo/share/control_brazo/cmake/control_brazo__rosidl_typesupport_introspection_cppExport.cmake
[1.530s] -- Up-to-date: /home/agustin/Proyectos/Proyecto-Integrador-de-Competencias-2/codigo/ros/install/control_brazo/share/control_brazo/cmake/control_brazo__rosidl_typesupport_introspection_cppExport-noconfig.cmake
[1.530s] -- Up-to-date: /home/agustin/Proyectos/Proyecto-Integrador-de-Competencias-2/codigo/ros/install/control_brazo/share/control_brazo/cmake/control_brazo__rosidl_typesupport_cppExport.cmake
[1.530s] -- Up-to-date: /home/agustin/Proyectos/Proyecto-Integrador-de-Competencias-2/codigo/ros/install/control_brazo/share/control_brazo/cmake/control_brazo__rosidl_typesupport_cppExport-noconfig.cmake
[1.531s] -- Up-to-date: /home/agustin/Proyectos/Proyecto-Integrador-de-Competencias-2/codigo/ros/install/control_brazo/share/control_brazo/cmake/export_control_brazo__rosidl_generator_pyExport.cmake
[1.531s] -- Up-to-date: /home/agustin/Proyectos/Proyecto-Integrador-de-Competencias-2/codigo/ros/install/control_brazo/share/control_brazo/cmake/export_control_brazo__rosidl_generator_pyExport-noconfig.cmake
[1.531s] -- Up-to-date: /home/agustin/Proyectos/Proyecto-Integrador-de-Competencias-2/codigo/ros/install/control_brazo/share/control_brazo/cmake/rosidl_cmake-extras.cmake
[1.531s] -- Up-to-date: /home/agustin/Proyectos/Proyecto-Integrador-de-Competencias-2/codigo/ros/install/control_brazo/share/control_brazo/cmake/ament_cmake_export_dependencies-extras.cmake
[1.531s] -- Up-to-date: /home/agustin/Proyectos/Proyecto-Integrador-de-Competencias-2/codigo/ros/install/control_brazo/share/control_brazo/cmake/ament_cmake_export_include_directories-extras.cmake
[1.532s] -- Up-to-date: /home/agustin/Proyectos/Proyecto-Integrador-de-Competencias-2/codigo/ros/install/control_brazo/share/control_brazo/cmake/ament_cmake_export_libraries-extras.cmake
[1.532s] -- Up-to-date: /home/agustin/Proyectos/Proyecto-Integrador-de-Competencias-2/codigo/ros/install/control_brazo/share/control_brazo/cmake/ament_cmake_export_targets-extras.cmake
[1.541s] -- Up-to-date: /home/agustin/Proyectos/Proyecto-Integrador-de-Competencias-2/codigo/ros/install/control_brazo/share/control_brazo/cmake/rosidl_cmake_export_typesupport_targets-extras.cmake
[1.544s] -- Up-to-date: /home/agustin/Proyectos/Proyecto-Integrador-de-Competencias-2/codigo/ros/install/control_brazo/share/control_brazo/cmake/rosidl_cmake_export_typesupport_libraries-extras.cmake
[1.549s] -- Up-to-date: /home/agustin/Proyectos/Proyecto-Integrador-de-Competencias-2/codigo/ros/install/control_brazo/share/control_brazo/cmake/rosidl_cmake_aggregate_target-extras.cmake
[1.549s] -- Up-to-date: /home/agustin/Proyectos/Proyecto-Integrador-de-Competencias-2/codigo/ros/install/control_brazo/share/control_brazo/cmake/control_brazoConfig.cmake
[1.550s] -- Up-to-date: /home/agustin/Proyectos/Proyecto-Integrador-de-Competencias-2/codigo/ros/install/control_brazo/share/control_brazo/cmake/control_brazoConfig-version.cmake
[1.554s] -- Up-to-date: /home/agustin/Proyectos/Proyecto-Integrador-de-Competencias-2/codigo/ros/install/control_brazo/share/control_brazo/package.xml
[1.559s] Invoked command in '/home/agustin/Proyectos/Proyecto-Integrador-de-Competencias-2/codigo/ros/build/control_brazo' returned '0': CMAKE_PREFIX_PATH=${CMAKE_PREFIX_PATH}:/home/agustin/Proyectos/Proyecto-Integrador-de-Competencias-2/codigo/ros/install/descripcion_brazo:/opt/ros/jazzy DEBUGINFOD_URLS=https://debuginfod.archlinux.org /usr/bin/cmake --install /home/agustin/Proyectos/Proyecto-Integrador-de-Competencias-2/codigo/ros/build/control_brazo
