[  2%] Built target control_brazo__rs
[  5%] Built target control_brazo__rosidl_generator_type_description
[  5%] Built target ament_cmake_python_copy_control_brazo
[ 18%] Built target control_brazo__rosidl_generator_c
[ 21%] Built target control_brazo__cpp
running egg_info
writing control_brazo.egg-info/PKG-INFO
writing dependency_links to control_brazo.egg-info/dependency_links.txt
writing top-level names to control_brazo.egg-info/top_level.txt
reading manifest file 'control_brazo.egg-info/SOURCES.txt'
writing manifest file 'control_brazo.egg-info/SOURCES.txt'
[ 21%] Built target ament_cmake_python_build_control_brazo_egg
[ 29%] Built target control_brazo__rosidl_typesupport_fastrtps_c
[ 37%] Built target control_brazo__rosidl_typesupport_fastrtps_cpp
[ 45%] Built target control_brazo__rosidl_typesupport_introspection_c
[ 54%] Built target control_brazo__rosidl_typesupport_c
[ 62%] Built target control_brazo__rosidl_typesupport_introspection_cpp
[ 70%] Built target control_brazo__rosidl_typesupport_cpp
[ 70%] Built target control_brazo
[ 72%] [32mBuilding CXX object CMakeFiles/nodo_control.dir/src/nodo_control.cpp.o[0m
[01m[K/home/agustin/Proyectos/Proyecto-Integrador-de-Competencias-2/codigo/ros/src/control_brazo/src/nodo_control.cpp:9:10:[m[K [01;31m[Kfatal error: [m[Kcontrol_brazo/Cuaterniones.h: No such file or directory
    9 | #include [01;31m[K"control_brazo/Cuaterniones.h"[m[K
      |          [01;31m[K^~~~~~~~~~~~~~~~~~~~~~~~~~~~~~[m[K
compilation terminated.
gmake[2]: *** [CMakeFiles/nodo_control.dir/build.make:76: CMakeFiles/nodo_control.dir/src/nodo_control.cpp.o] Error 1
gmake[1]: *** [CMakeFiles/Makefile2:644: CMakeFiles/nodo_control.dir/all] Error 2
gmake: *** [Makefile:146: all] Error 2
