[0.031s] Invoking command in '/home/agustin/Proyectos/Proyecto-Integrador-de-Competencias-2/codigo/ros/build/control_brazo': CMAKE_PREFIX_PATH=${CMAKE_PREFIX_PATH}:/home/agustin/Proyectos/Proyecto-Integrador-de-Competencias-2/codigo/ros/install/descripcion_brazo:/opt/ros/jazzy DEBUGINFOD_URLS=https://debuginfod.archlinux.org /usr/bin/cmake --build /home/agustin/Proyectos/Proyecto-Integrador-de-Competencias-2/codigo/ros/build/control_brazo -- -j2 -l2
[0.514s] [  2%] Built target control_brazo__rs
[0.514s] [  5%] Built target control_brazo__rosidl_generator_type_description
[0.514s] [  5%] Built target ament_cmake_python_copy_control_brazo
[0.516s] [ 18%] Built target control_brazo__rosidl_generator_c
[0.516s] [ 21%] Built target control_brazo__cpp
[0.757s] running egg_info
[0.796s] writing control_brazo.egg-info/PKG-INFO
[0.797s] writing dependency_links to control_brazo.egg-info/dependency_links.txt
[0.797s] writing top-level names to control_brazo.egg-info/top_level.txt
[0.913s] reading manifest file 'control_brazo.egg-info/SOURCES.txt'
[0.914s] writing manifest file 'control_brazo.egg-info/SOURCES.txt'
[0.994s] [ 21%] Built target ament_cmake_python_build_control_brazo_egg
[1.039s] [ 29%] Built target control_brazo__rosidl_typesupport_fastrtps_c
[1.082s] [ 37%] Built target control_brazo__rosidl_typesupport_fastrtps_cpp
[1.125s] [ 45%] Built target control_brazo__rosidl_typesupport_introspection_c
[1.165s] [ 54%] Built target control_brazo__rosidl_typesupport_c
[1.206s] [ 62%] Built target control_brazo__rosidl_typesupport_introspection_cpp
[1.251s] [ 70%] Built target control_brazo__rosidl_typesupport_cpp
[1.288s] [ 70%] Built target control_brazo
[1.359s] [ 72%] [32mBuilding CXX object CMakeFiles/nodo_control.dir/src/nodo_control.cpp.o[0m
[1.940s] [01m[K/home/agustin/Proyectos/Proyecto-Integrador-de-Competencias-2/codigo/ros/src/control_brazo/src/nodo_control.cpp:9:10:[m[K [01;31m[Kfatal error: [m[Kcontrol_brazo/Cuaterniones.h: No such file or directory
[1.940s]     9 | #include [01;31m[K"control_brazo/Cuaterniones.h"[m[K
[1.940s]       |          [01;31m[K^~~~~~~~~~~~~~~~~~~~~~~~~~~~~~[m[K
[1.941s] compilation terminated.
[1.943s] gmake[2]: *** [CMakeFiles/nodo_control.dir/build.make:76: CMakeFiles/nodo_control.dir/src/nodo_control.cpp.o] Error 1
[1.944s] gmake[1]: *** [CMakeFiles/Makefile2:644: CMakeFiles/nodo_control.dir/all] Error 2
[1.944s] gmake: *** [Makefile:146: all] Error 2
[1.948s] Invoked command in '/home/agustin/Proyectos/Proyecto-Integrador-de-Competencias-2/codigo/ros/build/control_brazo' returned '2': CMAKE_PREFIX_PATH=${CMAKE_PREFIX_PATH}:/home/agustin/Proyectos/Proyecto-Integrador-de-Competencias-2/codigo/ros/install/descripcion_brazo:/opt/ros/jazzy DEBUGINFOD_URLS=https://debuginfod.archlinux.org /usr/bin/cmake --build /home/agustin/Proyectos/Proyecto-Integrador-de-Competencias-2/codigo/ros/build/control_brazo -- -j2 -l2
