[0.030s] Invoking command in '/home/agustin/Proyectos/Proyecto-Integrador-de-Competencias-2/codigo/ros/build/control_brazo': CMAKE_PREFIX_PATH=${CMAKE_PREFIX_PATH}:/home/agustin/Proyectos/Proyecto-Integrador-de-Competencias-2/codigo/ros/install/descripcion_brazo:/opt/ros/jazzy DEBUGINFOD_URLS=https://debuginfod.archlinux.org /usr/bin/cmake --build /home/agustin/Proyectos/Proyecto-Integrador-de-Competencias-2/codigo/ros/build/control_brazo -- -j2 -l2
[0.200s] [  2%] Built target control_brazo__rosidl_generator_type_description
[0.214s] [  5%] Built target control_brazo__rs
[0.320s] [  5%] Built target ament_cmake_python_copy_control_brazo
[0.345s] [ 18%] Built target control_brazo__rosidl_generator_c
[0.417s] [ 21%] Built target control_brazo__cpp
[0.568s] [ 29%] Built target control_brazo__rosidl_typesupport_fastrtps_c
[0.696s] [ 37%] Built target control_brazo__rosidl_typesupport_fastrtps_cpp
[0.835s] [ 45%] Built target control_brazo__rosidl_typesupport_introspection_c
[0.921s] [ 54%] Built target control_brazo__rosidl_typesupport_c
[0.994s] [ 62%] Built target control_brazo__rosidl_typesupport_introspection_cpp
[1.064s] [ 70%] Built target control_brazo__rosidl_typesupport_cpp
[1.128s] [ 70%] Built target control_brazo
[1.226s] [ 75%] Built target nodo_control
[1.286s] [ 78%] Built target control_brazo__py
[1.351s] [ 83%] Built target control_brazo__rosidl_generator_py
[1.418s] [ 89%] Built target control_brazo_s__rosidl_typesupport_fastrtps_c
[1.485s] [ 94%] Built target control_brazo_s__rosidl_typesupport_introspection_c
[1.550s] [100%] Built target control_brazo_s__rosidl_typesupport_c
[1.665s] running egg_info
[1.739s] writing control_brazo.egg-info/PKG-INFO
[1.740s] writing dependency_links to control_brazo.egg-info/dependency_links.txt
[1.741s] writing top-level names to control_brazo.egg-info/top_level.txt
[1.966s] reading manifest file 'control_brazo.egg-info/SOURCES.txt'
[1.970s] writing manifest file 'control_brazo.egg-info/SOURCES.txt'
[2.102s] [100%] Built target ament_cmake_python_build_control_brazo_egg
[2.141s] Invoked command in '/home/agustin/Proyectos/Proyecto-Integrador-de-Competencias-2/codigo/ros/build/control_brazo' returned '0': CMAKE_PREFIX_PATH=${CMAKE_PREFIX_PATH}:/home/agustin/Proyectos/Proyecto-Integrador-de-Competencias-2/codigo/ros/install/descripcion_brazo:/opt/ros/jazzy DEBUGINFOD_URLS=https://debuginfod.archlinux.org /usr/bin/cmake --build /home/agustin/Proyectos/Proyecto-Integrador-de-Competencias-2/codigo/ros/build/control_brazo -- -j2 -l2
[2.174s] Invoking command in '/home/agustin/Proyectos/Proyecto-Integrador-de-Competencias-2/codigo/ros/build/control_brazo': CMAKE_PREFIX_PATH=${CMAKE_PREFIX_PATH}:/home/agustin/Proyectos/Proyecto-Integrador-de-Competencias-2/codigo/ros/install/descripcion_brazo:/opt/ros/jazzy DEBUGINFOD_URLS=https://debuginfod.archlinux.org /usr/bin/cmake --install /home/agustin/Proyectos/Proyecto-Integrador-de-Competencias-2/codigo/ros/build/control_brazo
[2.205s] -- Install configuration: ""
[2.206s] -- Up-to-date: /home/agustin/Proyectos/Proyecto-Integrador-de-Competencias-2/codigo/ros/install/control_brazo/share/ament_index/resource_index/rosidl_interfaces/control_brazo
[2.206s] -- Up-to-date: /home/agustin/Proyectos/Proyecto-Integrador-de-Competencias-2/codigo/ros/install/control_brazo/share/control_brazo/action/MoverBrazo.json
[2.207s] -- Up-to-date: /home/agustin/Proyectos/Proyecto-Integrador-de-Competencias-2/codigo/ros/install/control_brazo/include/control_brazo/control_brazo
[2.207s] -- Up-to-date: /home/agustin/Proyectos/Proyecto-Integrador-de-Competencias-2/codigo/ros/install/control_brazo/include/control_brazo/control_brazo/msg
[2.208s] -- Up-to-date: /home/agustin/Proyectos/Proyecto-Integrador-de-Competencias-2/codigo/ros/install/control_brazo/include/control_brazo/control_brazo/msg/rosidl_generator_c__visibility_control.h
[2.209s] -- Up-to-date: /home/agustin/Proyectos/Proyecto-Integrador-de-Competencias-2/codigo/ros/install/control_brazo/include/control_brazo/control_brazo/action
[2.209s] -- Up-to-date: /home/agustin/Proyectos/Proyecto-Integrador-de-Competencias-2/codigo/ros/install/control_brazo/include/control_brazo/control_brazo/action/mover_brazo.h
[2.211s] -- Up-to-date: /home/agustin/Proyectos/Proyecto-Integrador-de-Competencias-2/codigo/ros/install/control_brazo/include/control_brazo/control_brazo/action/detail
[2.211s] -- Up-to-date: /home/agustin/Proyectos/Proyecto-Integrador-de-Competencias-2/codigo/ros/install/control_brazo/include/control_brazo/control_brazo/action/detail/mover_brazo__struct.h
[2.211s] -- Up-to-date: /home/agustin/Proyectos/Proyecto-Integrador-de-Competencias-2/codigo/ros/install/control_brazo/include/control_brazo/control_brazo/action/detail/mover_brazo__type_support.h
[2.212s] -- Up-to-date: /home/agustin/Proyectos/Proyecto-Integrador-de-Competencias-2/codigo/ros/install/control_brazo/include/control_brazo/control_brazo/action/detail/mover_brazo__functions.c
[2.215s] -- Up-to-date: /home/agustin/Proyectos/Proyecto-Integrador-de-Competencias-2/codigo/ros/install/control_brazo/include/control_brazo/control_brazo/action/detail/mover_brazo__description.c
[2.215s] -- Installing: /home/agustin/Proyectos/Proyecto-Integrador-de-Competencias-2/codigo/ros/install/control_brazo/include/control_brazo/control_brazo/action/detail/mover_brazo__type_support.c
[2.215s] -- Up-to-date: /home/agustin/Proyectos/Proyecto-Integrador-de-Competencias-2/codigo/ros/install/control_brazo/include/control_brazo/control_brazo/action/detail/mover_brazo__functions.h
[2.216s] -- Up-to-date: /home/agustin/Proyectos/Proyecto-Integrador-de-Competencias-2/codigo/ros/install/control_brazo/share/control_brazo/environment/library_path.sh
[2.218s] -- Up-to-date: /home/agustin/Proyectos/Proyecto-Integrador-de-Competencias-2/codigo/ros/install/control_brazo/share/control_brazo/environment/library_path.dsv
[2.219s] -- Up-to-date: /home/agustin/Proyectos/Proyecto-Integrador-de-Competencias-2/codigo/ros/install/control_brazo/lib/libcontrol_brazo__rosidl_generator_c.so
[2.220s] -- Up-to-date: /home/agustin/Proyectos/Proyecto-Integrador-de-Competencias-2/codigo/ros/install/control_brazo/include/control_brazo/control_brazo
[2.220s] -- Up-to-date: /home/agustin/Proyectos/Proyecto-Integrador-de-Competencias-2/codigo/ros/install/control_brazo/include/control_brazo/control_brazo/msg
[2.221s] -- Up-to-date: /home/agustin/Proyectos/Proyecto-Integrador-de-Competencias-2/codigo/ros/install/control_brazo/include/control_brazo/control_brazo/msg/rosidl_typesupport_fastrtps_c__visibility_control.h
[2.222s] -- Up-to-date: /home/agustin/Proyectos/Proyecto-Integrador-de-Competencias-2/codigo/ros/install/control_brazo/include/control_brazo/control_brazo/action
[2.225s] -- Up-to-date: /home/agustin/Proyectos/Proyecto-Integrador-de-Competencias-2/codigo/ros/install/control_brazo/include/control_brazo/control_brazo/action/detail
[2.228s] -- Up-to-date: /home/agustin/Proyectos/Proyecto-Integrador-de-Competencias-2/codigo/ros/install/control_brazo/include/control_brazo/control_brazo/action/detail/mover_brazo__rosidl_typesupport_fastrtps_c.h
[2.228s] -- Up-to-date: /home/agustin/Proyectos/Proyecto-Integrador-de-Competencias-2/codigo/ros/install/control_brazo/lib/libcontrol_brazo__rosidl_typesupport_fastrtps_c.so
[2.228s] -- Up-to-date: /home/agustin/Proyectos/Proyecto-Integrador-de-Competencias-2/codigo/ros/install/control_brazo/include/control_brazo/control_brazo
[2.229s] -- Up-to-date: /home/agustin/Proyectos/Proyecto-Integrador-de-Competencias-2/codigo/ros/install/control_brazo/include/control_brazo/control_brazo/msg
[2.229s] -- Up-to-date: /home/agustin/Proyectos/Proyecto-Integrador-de-Competencias-2/codigo/ros/install/control_brazo/include/control_brazo/control_brazo/msg/rosidl_generator_cpp__visibility_control.hpp
[2.230s] -- Up-to-date: /home/agustin/Proyectos/Proyecto-Integrador-de-Competencias-2/codigo/ros/install/control_brazo/include/control_brazo/control_brazo/action
[2.233s] -- Up-to-date: /home/agustin/Proyectos/Proyecto-Integrador-de-Competencias-2/codigo/ros/install/control_brazo/include/control_brazo/control_brazo/action/mover_brazo.hpp
[2.233s] -- Up-to-date: /home/agustin/Proyectos/Proyecto-Integrador-de-Competencias-2/codigo/ros/install/control_brazo/include/control_brazo/control_brazo/action/detail
[2.234s] -- Up-to-date: /home/agustin/Proyectos/Proyecto-Integrador-de-Competencias-2/codigo/ros/install/control_brazo/include/control_brazo/control_brazo/action/detail/mover_brazo__builder.hpp
[2.235s] -- Up-to-date: /home/agustin/Proyectos/Proyecto-Integrador-de-Competencias-2/codigo/ros/install/control_brazo/include/control_brazo/control_brazo/action/detail/mover_brazo__traits.hpp
[2.235s] -- Up-to-date: /home/agustin/Proyectos/Proyecto-Integrador-de-Competencias-2/codigo/ros/install/control_brazo/include/control_brazo/control_brazo/action/detail/mover_brazo__struct.hpp
[2.236s] -- Up-to-date: /home/agustin/Proyectos/Proyecto-Integrador-de-Competencias-2/codigo/ros/install/control_brazo/include/control_brazo/control_brazo/action/detail/mover_brazo__type_support.hpp
[2.237s] -- Up-to-date: /home/agustin/Proyectos/Proyecto-Integrador-de-Competencias-2/codigo/ros/install/control_brazo/include/control_brazo/control_brazo
[2.237s] -- Up-to-date: /home/agustin/Proyectos/Proyecto-Integrador-de-Competencias-2/codigo/ros/install/control_brazo/include/control_brazo/control_brazo/msg
[2.238s] -- Up-to-date: /home/agustin/Proyectos/Proyecto-Integrador-de-Competencias-2/codigo/ros/install/control_brazo/include/control_brazo/control_brazo/msg/rosidl_typesupport_fastrtps_cpp__visibility_control.h
[2.239s] -- Up-to-date: /home/agustin/Proyectos/Proyecto-Integrador-de-Competencias-2/codigo/ros/install/control_brazo/include/control_brazo/control_brazo/action
[2.239s] -- Up-to-date: /home/agustin/Proyectos/Proyecto-Integrador-de-Competencias-2/codigo/ros/install/control_brazo/include/control_brazo/control_brazo/action/detail
[2.239s] -- Up-to-date: /home/agustin/Proyectos/Proyecto-Integrador-de-Competencias-2/codigo/ros/install/control_brazo/include/control_brazo/control_brazo/action/detail/dds_fastrtps
[2.240s] -- Up-to-date: /home/agustin/Proyectos/Proyecto-Integrador-de-Competencias-2/codigo/ros/install/control_brazo/include/control_brazo/control_brazo/action/detail/mover_brazo__rosidl_typesupport_fastrtps_cpp.hpp
[2.241s] -- Up-to-date: /home/agustin/Proyectos/Proyecto-Integrador-de-Competencias-2/codigo/ros/install/control_brazo/lib/libcontrol_brazo__rosidl_typesupport_fastrtps_cpp.so
[2.241s] -- Up-to-date: /home/agustin/Proyectos/Proyecto-Integrador-de-Competencias-2/codigo/ros/install/control_brazo/include/control_brazo/control_brazo
[2.241s] -- Up-to-date: /home/agustin/Proyectos/Proyecto-Integrador-de-Competencias-2/codigo/ros/install/control_brazo/include/control_brazo/control_brazo/msg
[2.242s] -- Up-to-date: /home/agustin/Proyectos/Proyecto-Integrador-de-Competencias-2/codigo/ros/install/control_brazo/include/control_brazo/control_brazo/msg/rosidl_typesupport_introspection_c__visibility_control.h
[2.242s] -- Up-to-date: /home/agustin/Proyectos/Proyecto-Integrador-de-Competencias-2/codigo/ros/install/control_brazo/include/control_brazo/control_brazo/action
[2.242s] -- Up-to-date: /home/agustin/Proyectos/Proyecto-Integrador-de-Competencias-2/codigo/ros/install/control_brazo/include/control_brazo/control_brazo/action/detail
[2.244s] -- Up-to-date: /home/agustin/Proyectos/Proyecto-Integrador-de-Competencias-2/codigo/ros/install/control_brazo/include/control_brazo/control_brazo/action/detail/mover_brazo__rosidl_typesupport_introspection_c.h
[2.244s] -- Installing: /home/agustin/Proyectos/Proyecto-Integrador-de-Competencias-2/codigo/ros/install/control_brazo/include/control_brazo/control_brazo/action/detail/mover_brazo__type_support.c
[2.245s] -- Up-to-date: /home/agustin/Proyectos/Proyecto-Integrador-de-Competencias-2/codigo/ros/install/control_brazo/lib/libcontrol_brazo__rosidl_typesupport_introspection_c.so
[2.246s] -- Up-to-date: /home/agustin/Proyectos/Proyecto-Integrador-de-Competencias-2/codigo/ros/install/control_brazo/lib/libcontrol_brazo__rosidl_typesupport_c.so
[2.246s] -- Up-to-date: /home/agustin/Proyectos/Proyecto-Integrador-de-Competencias-2/codigo/ros/install/control_brazo/include/control_brazo/control_brazo
[2.247s] -- Up-to-date: /home/agustin/Proyectos/Proyecto-Integrador-de-Competencias-2/codigo/ros/install/control_brazo/include/control_brazo/control_brazo/action
[2.248s] -- Up-to-date: /home/agustin/Proyectos/Proyecto-Integrador-de-Competencias-2/codigo/ros/install/control_brazo/include/control_brazo/control_brazo/action/detail
[2.248s] -- Up-to-date: /home/agustin/Proyectos/Proyecto-Integrador-de-Competencias-2/codigo/ros/install/control_brazo/include/control_brazo/control_brazo/action/detail/mover_brazo__rosidl_typesupport_introspection_cpp.hpp
[2.248s] -- Up-to-date: /home/agustin/Proyectos/Proyecto-Integrador-de-Competencias-2/codigo/ros/install/control_brazo/include/control_brazo/control_brazo/action/detail/mover_brazo__type_support.cpp
[2.250s] -- Up-to-date: /home/agustin/Proyectos/Proyecto-Integrador-de-Competencias-2/codigo/ros/install/control_brazo/lib/libcontrol_brazo__rosidl_typesupport_introspection_cpp.so
[2.250s] -- Up-to-date: /home/agustin/Proyectos/Proyecto-Integrador-de-Competencias-2/codigo/ros/install/control_brazo/lib/libcontrol_brazo__rosidl_typesupport_cpp.so
[2.250s] -- Up-to-date: /home/agustin/Proyectos/Proyecto-Integrador-de-Competencias-2/codigo/ros/install/control_brazo/share/control_brazo/environment/pythonpath.sh
[2.251s] -- Up-to-date: /home/agustin/Proyectos/Proyecto-Integrador-de-Competencias-2/codigo/ros/install/control_brazo/share/control_brazo/environment/pythonpath.dsv
[2.251s] -- Up-to-date: /home/agustin/Proyectos/Proyecto-Integrador-de-Competencias-2/codigo/ros/install/control_brazo/lib/python3.12/site-packages/control_brazo-0.0.0-py3.12.egg-info
[2.251s] -- Installing: /home/agustin/Proyectos/Proyecto-Integrador-de-Competencias-2/codigo/ros/install/control_brazo/lib/python3.12/site-packages/control_brazo-0.0.0-py3.12.egg-info/SOURCES.txt
[2.251s] -- Installing: /home/agustin/Proyectos/Proyecto-Integrador-de-Competencias-2/codigo/ros/install/control_brazo/lib/python3.12/site-packages/control_brazo-0.0.0-py3.12.egg-info/dependency_links.txt
[2.252s] -- Installing: /home/agustin/Proyectos/Proyecto-Integrador-de-Competencias-2/codigo/ros/install/control_brazo/lib/python3.12/site-packages/control_brazo-0.0.0-py3.12.egg-info/top_level.txt
[2.253s] -- Installing: /home/agustin/Proyectos/Proyecto-Integrador-de-Competencias-2/codigo/ros/install/control_brazo/lib/python3.12/site-packages/control_brazo-0.0.0-py3.12.egg-info/PKG-INFO
[2.253s] -- Up-to-date: /home/agustin/Proyectos/Proyecto-Integrador-de-Competencias-2/codigo/ros/install/control_brazo/lib/python3.12/site-packages/control_brazo
[2.253s] -- Up-to-date: /home/agustin/Proyectos/Proyecto-Integrador-de-Competencias-2/codigo/ros/install/control_brazo/lib/python3.12/site-packages/control_brazo/_control_brazo_s.ep.rosidl_typesupport_c.c
[2.254s] -- Up-to-date: /home/agustin/Proyectos/Proyecto-Integrador-de-Competencias-2/codigo/ros/install/control_brazo/lib/python3.12/site-packages/control_brazo/_control_brazo_s.ep.rosidl_typesupport_introspection_c.c
[2.254s] -- Up-to-date: /home/agustin/Proyectos/Proyecto-Integrador-de-Competencias-2/codigo/ros/install/control_brazo/lib/python3.12/site-packages/control_brazo/control_brazo_s__rosidl_typesupport_c.so
[2.255s] -- Up-to-date: /home/agustin/Proyectos/Proyecto-Integrador-de-Competencias-2/codigo/ros/install/control_brazo/lib/python3.12/site-packages/control_brazo/control_brazo_s__rosidl_typesupport_introspection_c.so
[2.255s] -- Up-to-date: /home/agustin/Proyectos/Proyecto-Integrador-de-Competencias-2/codigo/ros/install/control_brazo/lib/python3.12/site-packages/control_brazo/__init__.py
[2.256s] -- Up-to-date: /home/agustin/Proyectos/Proyecto-Integrador-de-Competencias-2/codigo/ros/install/control_brazo/lib/python3.12/site-packages/control_brazo/control_brazo_s__rosidl_typesupport_fastrtps_c.so
[2.259s] -- Up-to-date: /home/agustin/Proyectos/Proyecto-Integrador-de-Competencias-2/codigo/ros/install/control_brazo/lib/python3.12/site-packages/control_brazo/action
[2.260s] -- Up-to-date: /home/agustin/Proyectos/Proyecto-Integrador-de-Competencias-2/codigo/ros/install/control_brazo/lib/python3.12/site-packages/control_brazo/action/_mover_brazo.py
[2.260s] -- Up-to-date: /home/agustin/Proyectos/Proyecto-Integrador-de-Competencias-2/codigo/ros/install/control_brazo/lib/python3.12/site-packages/control_brazo/action/_mover_brazo_s.c
[2.261s] -- Up-to-date: /home/agustin/Proyectos/Proyecto-Integrador-de-Competencias-2/codigo/ros/install/control_brazo/lib/python3.12/site-packages/control_brazo/action/__init__.py
[2.261s] -- Up-to-date: /home/agustin/Proyectos/Proyecto-Integrador-de-Competencias-2/codigo/ros/install/control_brazo/lib/python3.12/site-packages/control_brazo/_control_brazo_s.ep.rosidl_typesupport_fastrtps_c.c
[2.377s] Listing '/home/agustin/Proyectos/Proyecto-Integrador-de-Competencias-2/codigo/ros/install/control_brazo/lib/python3.12/site-packages/control_brazo'...
[2.378s] Listing '/home/agustin/Proyectos/Proyecto-Integrador-de-Competencias-2/codigo/ros/install/control_brazo/lib/python3.12/site-packages/control_brazo/action'...
[2.404s] -- Up-to-date: /home/agustin/Proyectos/Proyecto-Integrador-de-Competencias-2/codigo/ros/install/control_brazo/lib/python3.12/site-packages/control_brazo/control_brazo_s__rosidl_typesupport_fastrtps_c.so
[2.406s] -- Up-to-date: /home/agustin/Proyectos/Proyecto-Integrador-de-Competencias-2/codigo/ros/install/control_brazo/lib/python3.12/site-packages/control_brazo/control_brazo_s__rosidl_typesupport_introspection_c.so
[2.407s] -- Up-to-date: /home/agustin/Proyectos/Proyecto-Integrador-de-Competencias-2/codigo/ros/install/control_brazo/lib/python3.12/site-packages/control_brazo/control_brazo_s__rosidl_typesupport_c.so
[2.408s] -- Up-to-date: /home/agustin/Proyectos/Proyecto-Integrador-de-Competencias-2/codigo/ros/install/control_brazo/lib/libcontrol_brazo__rosidl_generator_py.so
[2.409s] -- Up-to-date: /home/agustin/Proyectos/Proyecto-Integrador-de-Competencias-2/codigo/ros/install/control_brazo/share/control_brazo/rust
[2.410s] -- Up-to-date: /home/agustin/Proyectos/Proyecto-Integrador-de-Competencias-2/codigo/ros/install/control_brazo/share/control_brazo/rust/build.rs
[2.410s] -- Up-to-date: /home/agustin/Proyectos/Proyecto-Integrador-de-Competencias-2/codigo/ros/install/control_brazo/share/control_brazo/rust/src
[2.411s] -- Up-to-date: /home/agustin/Proyectos/Proyecto-Integrador-de-Competencias-2/codigo/ros/install/control_brazo/share/control_brazo/rust/src/action
[2.411s] -- Up-to-date: /home/agustin/Proyectos/Proyecto-Integrador-de-Competencias-2/codigo/ros/install/control_brazo/share/control_brazo/rust/src/action/rmw.rs
[2.412s] -- Up-to-date: /home/agustin/Proyectos/Proyecto-Integrador-de-Competencias-2/codigo/ros/install/control_brazo/share/control_brazo/rust/src/lib.rs
[2.416s] -- Up-to-date: /home/agustin/Proyectos/Proyecto-Integrador-de-Competencias-2/codigo/ros/install/control_brazo/share/control_brazo/rust/src/action.rs
[2.417s] -- Up-to-date: /home/agustin/Proyectos/Proyecto-Integrador-de-Competencias-2/codigo/ros/install/control_brazo/share/control_brazo/rust/Cargo.toml
[2.417s] -- Up-to-date: /home/agustin/Proyectos/Proyecto-Integrador-de-Competencias-2/codigo/ros/install/control_brazo/share/control_brazo/action/MoverBrazo.idl
[2.417s] -- Up-to-date: /home/agustin/Proyectos/Proyecto-Integrador-de-Competencias-2/codigo/ros/install/control_brazo/share/control_brazo/action/MoverBrazo.action
[2.421s] -- Up-to-date: /home/agustin/Proyectos/Proyecto-Integrador-de-Competencias-2/codigo/ros/install/control_brazo/lib/control_brazo/nodo_control
[2.421s] -- Up-to-date: /home/agustin/Proyectos/Proyecto-Integrador-de-Competencias-2/codigo/ros/install/control_brazo/share/ament_index/resource_index/package_run_dependencies/control_brazo
[2.425s] -- Up-to-date: /home/agustin/Proyectos/Proyecto-Integrador-de-Competencias-2/codigo/ros/install/control_brazo/share/ament_index/resource_index/parent_prefix_path/control_brazo
[2.427s] -- Up-to-date: /home/agustin/Proyectos/Proyecto-Integrador-de-Competencias-2/codigo/ros/install/control_brazo/share/control_brazo/environment/ament_prefix_path.sh
[2.428s] -- Up-to-date: /home/agustin/Proyectos/Proyecto-Integrador-de-Competencias-2/codigo/ros/install/control_brazo/share/control_brazo/environment/ament_prefix_path.dsv
[2.428s] -- Up-to-date: /home/agustin/Proyectos/Proyecto-Integrador-de-Competencias-2/codigo/ros/install/control_brazo/share/control_brazo/environment/path.sh
[2.429s] -- Up-to-date: /home/agustin/Proyectos/Proyecto-Integrador-de-Competencias-2/codigo/ros/install/control_brazo/share/control_brazo/environment/path.dsv
[2.430s] -- Up-to-date: /home/agustin/Proyectos/Proyecto-Integrador-de-Competencias-2/codigo/ros/install/control_brazo/share/control_brazo/local_setup.bash
[2.430s] -- Up-to-date: /home/agustin/Proyectos/Proyecto-Integrador-de-Competencias-2/codigo/ros/install/control_brazo/share/control_brazo/local_setup.sh
[2.430s] -- Up-to-date: /home/agustin/Proyectos/Proyecto-Integrador-de-Competencias-2/codigo/ros/install/control_brazo/share/control_brazo/local_setup.zsh
[2.431s] -- Up-to-date: /home/agustin/Proyectos/Proyecto-Integrador-de-Competencias-2/codigo/ros/install/control_brazo/share/control_brazo/local_setup.dsv
[2.432s] -- Installing: /home/agustin/Proyectos/Proyecto-Integrador-de-Competencias-2/codigo/ros/install/control_brazo/share/control_brazo/package.dsv
[2.432s] -- Up-to-date: /home/agustin/Proyectos/Proyecto-Integrador-de-Competencias-2/codigo/ros/install/control_brazo/share/ament_index/resource_index/packages/control_brazo
[2.432s] -- Up-to-date: /home/agustin/Proyectos/Proyecto-Integrador-de-Competencias-2/codigo/ros/install/control_brazo/share/control_brazo/cmake/export_control_brazo__rosidl_generator_cExport.cmake
[2.434s] -- Up-to-date: /home/agustin/Proyectos/Proyecto-Integrador-de-Competencias-2/codigo/ros/install/control_brazo/share/control_brazo/cmake/export_control_brazo__rosidl_generator_cExport-noconfig.cmake
[2.435s] -- Up-to-date: /home/agustin/Proyectos/Proyecto-Integrador-de-Competencias-2/codigo/ros/install/control_brazo/share/control_brazo/cmake/export_control_brazo__rosidl_typesupport_fastrtps_cExport.cmake
[2.435s] -- Up-to-date: /home/agustin/Proyectos/Proyecto-Integrador-de-Competencias-2/codigo/ros/install/control_brazo/share/control_brazo/cmake/export_control_brazo__rosidl_typesupport_fastrtps_cExport-noconfig.cmake
[2.436s] -- Up-to-date: /home/agustin/Proyectos/Proyecto-Integrador-de-Competencias-2/codigo/ros/install/control_brazo/share/control_brazo/cmake/export_control_brazo__rosidl_generator_cppExport.cmake
[2.437s] -- Up-to-date: /home/agustin/Proyectos/Proyecto-Integrador-de-Competencias-2/codigo/ros/install/control_brazo/share/control_brazo/cmake/export_control_brazo__rosidl_typesupport_fastrtps_cppExport.cmake
[2.437s] -- Up-to-date: /home/agustin/Proyectos/Proyecto-Integrador-de-Competencias-2/codigo/ros/install/control_brazo/share/control_brazo/cmake/export_control_brazo__rosidl_typesupport_fastrtps_cppExport-noconfig.cmake
[2.438s] -- Up-to-date: /home/agustin/Proyectos/Proyecto-Integrador-de-Competencias-2/codigo/ros/install/control_brazo/share/control_brazo/cmake/control_brazo__rosidl_typesupport_introspection_cExport.cmake
[2.438s] -- Up-to-date: /home/agustin/Proyectos/Proyecto-Integrador-de-Competencias-2/codigo/ros/install/control_brazo/share/control_brazo/cmake/control_brazo__rosidl_typesupport_introspection_cExport-noconfig.cmake
[2.438s] -- Up-to-date: /home/agustin/Proyectos/Proyecto-Integrador-de-Competencias-2/codigo/ros/install/control_brazo/share/control_brazo/cmake/control_brazo__rosidl_typesupport_cExport.cmake
[2.440s] -- Up-to-date: /home/agustin/Proyectos/Proyecto-Integrador-de-Competencias-2/codigo/ros/install/control_brazo/share/control_brazo/cmake/control_brazo__rosidl_typesupport_cExport-noconfig.cmake
[2.440s] -- Up-to-date: /home/agustin/Proyectos/Proyecto-Integrador-de-Competencias-2/codigo/ros/install/control_brazo/share/control_brazo/cmake/control_brazo__rosidl_typesupport_introspection_cppExport.cmake
[2.440s] -- Up-to-date: /home/agustin/Proyectos/Proyecto-Integrador-de-Competencias-2/codigo/ros/install/control_brazo/share/control_brazo/cmake/control_brazo__rosidl_typesupport_introspection_cppExport-noconfig.cmake
[2.442s] -- Up-to-date: /home/agustin/Proyectos/Proyecto-Integrador-de-Competencias-2/codigo/ros/install/control_brazo/share/control_brazo/cmake/control_brazo__rosidl_typesupport_cppExport.cmake
[2.442s] -- Up-to-date: /home/agustin/Proyectos/Proyecto-Integrador-de-Competencias-2/codigo/ros/install/control_brazo/share/control_brazo/cmake/control_brazo__rosidl_typesupport_cppExport-noconfig.cmake
[2.442s] -- Up-to-date: /home/agustin/Proyectos/Proyecto-Integrador-de-Competencias-2/codigo/ros/install/control_brazo/share/control_brazo/cmake/export_control_brazo__rosidl_generator_pyExport.cmake
[2.444s] -- Up-to-date: /home/agustin/Proyectos/Proyecto-Integrador-de-Competencias-2/codigo/ros/install/control_brazo/share/control_brazo/cmake/export_control_brazo__rosidl_generator_pyExport-noconfig.cmake
[2.444s] -- Up-to-date: /home/agustin/Proyectos/Proyecto-Integrador-de-Competencias-2/codigo/ros/install/control_brazo/share/control_brazo/cmake/rosidl_cmake-extras.cmake
[2.444s] -- Up-to-date: /home/agustin/Proyectos/Proyecto-Integrador-de-Competencias-2/codigo/ros/install/control_brazo/share/control_brazo/cmake/ament_cmake_export_dependencies-extras.cmake
[2.446s] -- Up-to-date: /home/agustin/Proyectos/Proyecto-Integrador-de-Competencias-2/codigo/ros/install/control_brazo/share/control_brazo/cmake/ament_cmake_export_include_directories-extras.cmake
[2.446s] -- Up-to-date: /home/agustin/Proyectos/Proyecto-Integrador-de-Competencias-2/codigo/ros/install/control_brazo/share/control_brazo/cmake/ament_cmake_export_libraries-extras.cmake
[2.446s] -- Up-to-date: /home/agustin/Proyectos/Proyecto-Integrador-de-Competencias-2/codigo/ros/install/control_brazo/share/control_brazo/cmake/ament_cmake_export_targets-extras.cmake
[2.446s] -- Up-to-date: /home/agustin/Proyectos/Proyecto-Integrador-de-Competencias-2/codigo/ros/install/control_brazo/share/control_brazo/cmake/rosidl_cmake_export_typesupport_targets-extras.cmake
[2.447s] -- Up-to-date: /home/agustin/Proyectos/Proyecto-Integrador-de-Competencias-2/codigo/ros/install/control_brazo/share/control_brazo/cmake/rosidl_cmake_export_typesupport_libraries-extras.cmake
[2.448s] -- Up-to-date: /home/agustin/Proyectos/Proyecto-Integrador-de-Competencias-2/codigo/ros/install/control_brazo/share/control_brazo/cmake/rosidl_cmake_aggregate_target-extras.cmake
[2.448s] -- Up-to-date: /home/agustin/Proyectos/Proyecto-Integrador-de-Competencias-2/codigo/ros/install/control_brazo/share/control_brazo/cmake/control_brazoConfig.cmake
[2.449s] -- Up-to-date: /home/agustin/Proyectos/Proyecto-Integrador-de-Competencias-2/codigo/ros/install/control_brazo/share/control_brazo/cmake/control_brazoConfig-version.cmake
[2.449s] -- Up-to-date: /home/agustin/Proyectos/Proyecto-Integrador-de-Competencias-2/codigo/ros/install/control_brazo/share/control_brazo/package.xml
[2.452s] Invoked command in '/home/agustin/Proyectos/Proyecto-Integrador-de-Competencias-2/codigo/ros/build/control_brazo' returned '0': CMAKE_PREFIX_PATH=${CMAKE_PREFIX_PATH}:/home/agustin/Proyectos/Proyecto-Integrador-de-Competencias-2/codigo/ros/install/descripcion_brazo:/opt/ros/jazzy DEBUGINFOD_URLS=https://debuginfod.archlinux.org /usr/bin/cmake --install /home/agustin/Proyectos/Proyecto-Integrador-de-Competencias-2/codigo/ros/build/control_brazo
