[0.031s] Invoking command in '/home/agustin/Proyectos/Proyecto-Integrador-de-Competencias-2/codigo/ros/build/control_brazo': CMAKE_PREFIX_PATH=${CMAKE_PREFIX_PATH}:/home/agustin/Proyectos/Proyecto-Integrador-de-Competencias-2/codigo/ros/install/descripcion_brazo:/opt/ros/jazzy DEBUGINFOD_URLS=https://debuginfod.archlinux.org /usr/bin/cmake --build /home/agustin/Proyectos/Proyecto-Integrador-de-Competencias-2/codigo/ros/build/control_brazo -- -j2 -l2
[0.081s] -- Found ament_cmake: 2.5.6 (/opt/ros/jazzy/share/ament_cmake/cmake)
[0.659s] -- Found rclcpp: 28.1.22 (/opt/ros/jazzy/share/rclcpp/cmake)
[0.801s] -- Found rosidl_generator_c: 4.6.9 (/opt/ros/jazzy/share/rosidl_generator_c/cmake)
[0.843s] -- Found rosidl_generator_cpp: 4.6.9 (/opt/ros/jazzy/share/rosidl_generator_cpp/cmake)
[0.869s] -- Using all available rosidl_typesupport_c: rosidl_typesupport_fastrtps_c;rosidl_typesupport_introspection_c
[0.899s] -- Using all available rosidl_typesupport_cpp: rosidl_typesupport_fastrtps_cpp;rosidl_typesupport_introspection_cpp
[1.041s] -- Found rmw_implementation_cmake: 7.3.3 (/opt/ros/jazzy/share/rmw_implementation_cmake/cmake)
[1.045s] -- Found rmw_fastrtps_cpp: 8.4.4 (/opt/ros/jazzy/share/rmw_fastrtps_cpp/cmake)
[1.171s] -- Using RMW implementation 'rmw_fastrtps_cpp' as default
[1.328s] -- Found sensor_msgs: 5.3.8 (/opt/ros/jazzy/share/sensor_msgs/cmake)
[1.457s] -- Found interactive_markers: 2.5.5 (/opt/ros/jazzy/share/interactive_markers/cmake)
[1.543s] -- Found rosidl_default_generators: 1.6.1 (/opt/ros/jazzy/share/rosidl_default_generators/cmake)
[1.570s] -- Found rosidl_adapter: 4.6.9 (/opt/ros/jazzy/share/rosidl_adapter/cmake)
[2.814s] -- Found ament_cmake_ros: 0.12.1 (/opt/ros/jazzy/share/ament_cmake_ros/cmake)
[4.109s] -- Using all available rosidl_typesupport_c: rosidl_typesupport_fastrtps_c;rosidl_typesupport_introspection_c
[4.639s] -- Using all available rosidl_typesupport_cpp: rosidl_typesupport_fastrtps_cpp;rosidl_typesupport_introspection_cpp
[4.648s] -- Found python_cmake_module: 0.11.1 (/opt/ros/jazzy/share/python_cmake_module/cmake)
[4.890s] -- Found PythonExtra: /usr/bin/python3  
[6.136s] -- Found Python3: /usr/bin/python3 (found version "3.12.3") found components: Interpreter Development NumPy Development.Module Development.Embed 
[6.291s] -- Found Python3: /usr/bin/python3 (found version "3.12.3") found components: Interpreter 
[6.371s] -- Configuring done (6.3s)
[6.550s] -- Generating done (0.1s)
[6.605s] -- Build files have been written to: /home/agustin/Proyectos/Proyecto-Integrador-de-Competencias-2/codigo/ros/build/control_brazo
[6.678s] [  5%] [34m[1mGenerating type hashes for ROS interfaces[0m
[6.678s] [  5%] [34m[1mGenerating Rust code for ROS interfaces[0m
[7.175s] [  5%] Built target control_brazo__rosidl_generator_type_description
[7.231s] [  5%] Built target ament_cmake_python_copy_control_brazo
[7.288s] [  8%] [32mBuilding CXX object CMakeFiles/nodo_control.dir/src/nodo_control.cpp.o[0m
[7.305s] [  8%] Built target control_brazo__rs
[7.323s] [ 10%] [34m[1mGenerating C code for ROS interfaces[0m
[7.753s] [01m[K/home/agustin/Proyectos/Proyecto-Integrador-de-Competencias-2/codigo/ros/src/control_brazo/src/nodo_control.cpp:2:10:[m[K [01;31m[Kfatal error: [m[Krclcpp_action/rclcpp_action.hpp: No such file or directory
[7.754s]     2 | #include [01;31m[K"rclcpp_action/rclcpp_action.hpp"[m[K
[7.754s]       |          [01;31m[K^~~~~~~~~~~~~~~~~~~~~~~~~~~~~~~~~[m[K
[7.754s] compilation terminated.
[7.757s] gmake[2]: *** [CMakeFiles/nodo_control.dir/build.make:76: CMakeFiles/nodo_control.dir/src/nodo_control.cpp.o] Error 1
[7.757s] gmake[1]: *** [CMakeFiles/Makefile2:642: CMakeFiles/nodo_control.dir/all] Error 2
[7.757s] gmake[1]: *** Waiting for unfinished jobs....
[8.342s] [ 13%] [32mBuilding C object CMakeFiles/control_brazo__rosidl_generator_c.dir/rosidl_generator_c/control_brazo/action/detail/mover_brazo__functions.c.o[0m
[8.350s] [ 16%] [32mBuilding C object CMakeFiles/control_brazo__rosidl_generator_c.dir/rosidl_generator_c/control_brazo/action/detail/mover_brazo__description.c.o[0m
[8.726s] [ 18%] [32mBuilding C object CMakeFiles/control_brazo__rosidl_generator_c.dir/rosidl_generator_c/control_brazo/action/detail/mover_brazo__type_support.c.o[0m
[8.859s] [ 21%] [32m[1mLinking C shared library libcontrol_brazo__rosidl_generator_c.so[0m
[8.928s] [ 21%] Built target control_brazo__rosidl_generator_c
[8.930s] gmake: *** [Makefile:146: all] Error 2
[8.933s] Invoked command in '/home/agustin/Proyectos/Proyecto-Integrador-de-Competencias-2/codigo/ros/build/control_brazo' returned '2': CMAKE_PREFIX_PATH=${CMAKE_PREFIX_PATH}:/home/agustin/Proyectos/Proyecto-Integrador-de-Competencias-2/codigo/ros/install/descripcion_brazo:/opt/ros/jazzy DEBUGINFOD_URLS=https://debuginfod.archlinux.org /usr/bin/cmake --build /home/agustin/Proyectos/Proyecto-Integrador-de-Competencias-2/codigo/ros/build/control_brazo -- -j2 -l2
