[2.521s] Invoking command in '/home/agustin/Proyectos/Proyecto-Integrador-de-Competencias-2/codigo/ros/src/Descripcion_Brazo': DEBUGINFOD_URLS=https://debuginfod.archlinux.org PYTHONPATH=/home/agustin/Proyectos/Proyecto-Integrador-de-Competencias-2/codigo/ros/build/descripcion_brazo/prefix_override:/usr/lib/python3/dist-packages/colcon_core/task/python/colcon_distutils_commands:/home/agustin/Proyectos/Proyecto-Integrador-de-Competencias-2/codigo/ros/install/descripcion_brazo/lib/python3.12/site-packages:${PYTHONPATH} /usr/bin/python3 -W ignore:setup.py install is deprecated -W ignore:easy_install command is deprecated setup.py egg_info --egg-base ../../build/descripcion_brazo build --build-base /home/agustin/Proyectos/Proyecto-Integrador-de-Competencias-2/codigo/ros/build/descripcion_brazo/build install --record /home/agustin/Proyectos/Proyecto-Integrador-de-Competencias-2/codigo/ros/build/descripcion_brazo/install.log --install-scripts $base/lib/Descripcion_Brazo --single-version-externally-managed install_data
[3.048s] running egg_info
[3.086s] writing ../../build/descripcion_brazo/descripcion_brazo.egg-info/PKG-INFO
[3.089s] writing dependency_links to ../../build/descripcion_brazo/descripcion_brazo.egg-info/dependency_links.txt
[3.089s] writing requirements to ../../build/descripcion_brazo/descripcion_brazo.egg-info/requires.txt
[3.089s] writing top-level names to ../../build/descripcion_brazo/descripcion_brazo.egg-info/top_level.txt
[3.167s] reading manifest file '../../build/descripcion_brazo/descripcion_brazo.egg-info/SOURCES.txt'
[3.169s] writing manifest file '../../build/descripcion_brazo/descripcion_brazo.egg-info/SOURCES.txt'
[3.189s] running build
[3.189s] running build_py
[3.190s] running install
[3.204s] running install_lib
[3.245s] running install_data
[3.247s] copying launch/display.launch.py -> /home/agustin/Proyectos/Proyecto-Integrador-de-Competencias-2/codigo/ros/install/descripcion_brazo/share/descripcion_brazo/launch
[3.248s] running install_egg_info
[3.294s] removing '/home/agustin/Proyectos/Proyecto-Integrador-de-Competencias-2/codigo/ros/install/descripcion_brazo/lib/python3.12/site-packages/descripcion_brazo-0.0.0-py3.12.egg-info' (and everything under it)
[3.294s] Copying ../../build/descripcion_brazo/descripcion_brazo.egg-info to /home/agustin/Proyectos/Proyecto-Integrador-de-Competencias-2/codigo/ros/install/descripcion_brazo/lib/python3.12/site-packages/descripcion_brazo-0.0.0-py3.12.egg-info
[3.297s] running install_scripts
[3.564s] writing list of installed files to '/home/agustin/Proyectos/Proyecto-Integrador-de-Competencias-2/codigo/ros/build/descripcion_brazo/install.log'
[3.655s] Invoked command in '/home/agustin/Proyectos/Proyecto-Integrador-de-Competencias-2/codigo/ros/src/Descripcion_Brazo' returned '0': DEBUGINFOD_URLS=https://debuginfod.archlinux.org PYTHONPATH=/home/agustin/Proyectos/Proyecto-Integrador-de-Competencias-2/codigo/ros/build/descripcion_brazo/prefix_override:/usr/lib/python3/dist-packages/colcon_core/task/python/colcon_distutils_commands:/home/agustin/Proyectos/Proyecto-Integrador-de-Competencias-2/codigo/ros/install/descripcion_brazo/lib/python3.12/site-packages:${PYTHONPATH} /usr/bin/python3 -W ignore:setup.py install is deprecated -W ignore:easy_install command is deprecated setup.py egg_info --egg-base ../../build/descripcion_brazo build --build-base /home/agustin/Proyectos/Proyecto-Integrador-de-Competencias-2/codigo/ros/build/descripcion_brazo/build install --record /home/agustin/Proyectos/Proyecto-Integrador-de-Competencias-2/codigo/ros/build/descripcion_brazo/install.log --install-scripts $base/lib/Descripcion_Brazo --single-version-externally-managed install_data
