[0.030s] Invoking command in '/home/agustin/Proyectos/Proyecto-Integrador-de-Competencias-2/codigo/ros/build/control_brazo': CMAKE_PREFIX_PATH=${CMAKE_PREFIX_PATH}:/home/agustin/Proyectos/Proyecto-Integrador-de-Competencias-2/codigo/ros/install/descripcion_brazo:/opt/ros/jazzy DEBUGINFOD_URLS=https://debuginfod.archlinux.org /usr/bin/cmake --build /home/agustin/Proyectos/Proyecto-Integrador-de-Competencias-2/codigo/ros/build/control_brazo -- -j2 -l2
[0.137s] [  2%] Built target control_brazo__rosidl_generator_type_description
[0.178s] [  5%] Built target control_brazo__rs
[0.235s] [  5%] Built target ament_cmake_python_copy_control_brazo
[0.254s] [ 18%] Built target control_brazo__rosidl_generator_c
[0.314s] [ 21%] Built target control_brazo__cpp
[0.405s] [ 29%] Built target control_brazo__rosidl_typesupport_fastrtps_c
[0.497s] [ 37%] Built target control_brazo__rosidl_typesupport_fastrtps_cpp
[0.582s] [ 45%] Built target control_brazo__rosidl_typesupport_introspection_c
[0.663s] [ 54%] Built target control_brazo__rosidl_typesupport_c
[0.757s] [ 62%] Built target control_brazo__rosidl_typesupport_introspection_cpp
[0.796s] running egg_info
[0.839s] writing control_brazo.egg-info/PKG-INFO
[0.840s] writing dependency_links to control_brazo.egg-info/dependency_links.txt
[0.841s] writing top-level names to control_brazo.egg-info/top_level.txt
[0.846s] [ 70%] Built target control_brazo__rosidl_typesupport_cpp
[0.924s] [ 70%] Built target control_brazo
[0.963s] reading manifest file 'control_brazo.egg-info/SOURCES.txt'
[0.964s] writing manifest file 'control_brazo.egg-info/SOURCES.txt'
[1.041s] [ 70%] Built target ament_cmake_python_build_control_brazo_egg
[1.057s] [ 75%] Built target nodo_control
[1.078s] [ 78%] Built target control_brazo__py
[1.122s] [ 83%] Built target control_brazo__rosidl_generator_py
[1.167s] [ 89%] Built target control_brazo_s__rosidl_typesupport_fastrtps_c
[1.192s] [ 94%] Built target control_brazo_s__rosidl_typesupport_introspection_c
[1.225s] [100%] Built target control_brazo_s__rosidl_typesupport_c
[1.248s] Invoked command in '/home/agustin/Proyectos/Proyecto-Integrador-de-Competencias-2/codigo/ros/build/control_brazo' returned '0': CMAKE_PREFIX_PATH=${CMAKE_PREFIX_PATH}:/home/agustin/Proyectos/Proyecto-Integrador-de-Competencias-2/codigo/ros/install/descripcion_brazo:/opt/ros/jazzy DEBUGINFOD_URLS=https://debuginfod.archlinux.org /usr/bin/cmake --build /home/agustin/Proyectos/Proyecto-Integrador-de-Competencias-2/codigo/ros/build/control_brazo -- -j2 -l2
[1.265s] Invoking command in '/home/agustin/Proyectos/Proyecto-Integrador-de-Competencias-2/codigo/ros/build/control_brazo': CMAKE_PREFIX_PATH=${CMAKE_PREFIX_PATH}:/home/agustin/Proyectos/Proyecto-Integrador-de-Competencias-2/codigo/ros/install/descripcion_brazo:/opt/ros/jazzy DEBUGINFOD_URLS=https://debuginfod.archlinux.org /usr/bin/cmake --install /home/agustin/Proyectos/Proyecto-Integrador-de-Competencias-2/codigo/ros/build/control_brazo
[1.283s] -- Install configuration: ""
[1.284s] -- Up-to-date: /home/agustin/Proyectos/Proyecto-Integrador-de-Competencias-2/codigo/ros/install/control_brazo/share/ament_index/resource_index/rosidl_interfaces/control_brazo
[1.284s] -- Up-to-date: /home/agustin/Proyectos/Proyecto-Integrador-de-Competencias-2/codigo/ros/install/control_brazo/share/control_brazo/action/MoverBrazo.json
[1.285s] -- Up-to-date: /home/agustin/Proyectos/Proyecto-Integrador-de-Competencias-2/codigo/ros/install/control_brazo/include/control_brazo/control_brazo
[1.285s] -- Up-to-date: /home/agustin/Proyectos/Proyecto-Integrador-de-Competencias-2/codigo/ros/install/control_brazo/include/control_brazo/control_brazo/msg
[1.285s] -- Up-to-date: /home/agustin/Proyectos/Proyecto-Integrador-de-Competencias-2/codigo/ros/install/control_brazo/include/control_brazo/control_brazo/msg/rosidl_generator_c__visibility_control.h
[1.285s] -- Up-to-date: /home/agustin/Proyectos/Proyecto-Integrador-de-Competencias-2/codigo/ros/install/control_brazo/include/control_brazo/control_brazo/action
[1.285s] -- Up-to-date: /home/agustin/Proyectos/Proyecto-Integrador-de-Competencias-2/codigo/ros/install/control_brazo/include/control_brazo/control_brazo/action/mover_brazo.h
[1.287s] -- Up-to-date: /home/agustin/Proyectos/Proyecto-Integrador-de-Competencias-2/codigo/ros/install/control_brazo/include/control_brazo/control_brazo/action/detail
[1.287s] -- Up-to-date: /home/agustin/Proyectos/Proyecto-Integrador-de-Competencias-2/codigo/ros/install/control_brazo/include/control_brazo/control_brazo/action/detail/mover_brazo__struct.h
[1.287s] -- Up-to-date: /home/agustin/Proyectos/Proyecto-Integrador-de-Competencias-2/codigo/ros/install/control_brazo/include/control_brazo/control_brazo/action/detail/mover_brazo__type_support.h
[1.287s] -- Up-to-date: /home/agustin/Proyectos/Proyecto-Integrador-de-Competencias-2/codigo/ros/install/control_brazo/include/control_brazo/control_brazo/action/detail/mover_brazo__functions.c
[1.288s] -- Up-to-date: /home/agustin/Proyectos/Proyecto-Integrador-de-Competencias-2/codigo/ros/install/control_brazo/include/control_brazo/control_brazo/action/detail/mover_brazo__description.c
[1.288s] -- Installing: /home/agustin/Proyectos/Proyecto-Integrador-de-Competencias-2/codigo/ros/install/control_brazo/include/control_brazo/control_brazo/action/detail/mover_brazo__type_support.c
[1.289s] -- Up-to-date: /home/agustin/Proyectos/Proyecto-Integrador-de-Competencias-2/codigo/ros/install/control_brazo/include/control_brazo/control_brazo/action/detail/mover_brazo__functions.h
[1.289s] -- Up-to-date: /home/agustin/Proyectos/Proyecto-Integrador-de-Competencias-2/codigo/ros/install/control_brazo/share/control_brazo/environment/library_path.sh
[1.289s] -- Up-to-date: /home/agustin/Proyectos/Proyecto-Integrador-de-Competencias-2/codigo/ros/install/control_brazo/share/control_brazo/environment/library_path.dsv
[1.290s] -- Up-to-date: /home/agustin/Proyectos/Proyecto-Integrador-de-Competencias-2/codigo/ros/install/control_brazo/lib/libcontrol_brazo__rosidl_generator_c.so
[1.290s] -- Up-to-date: /home/agustin/Proyectos/Proyecto-Integrador-de-Competencias-2/codigo/ros/install/control_brazo/include/control_brazo/control_brazo
[1.290s] -- Up-to-date: /home/agustin/Proyectos/Proyecto-Integrador-de-Competencias-2/codigo/ros/install/control_brazo/include/control_brazo/control_brazo/msg
[1.290s] -- Up-to-date: /home/agustin/Proyectos/Proyecto-Integrador-de-Competencias-2/codigo/ros/install/control_brazo/include/control_brazo/control_brazo/msg/rosidl_typesupport_fastrtps_c__visibility_control.h
[1.291s] -- Up-to-date: /home/agustin/Proyectos/Proyecto-Integrador-de-Competencias-2/codigo/ros/install/control_brazo/include/control_brazo/control_brazo/action
[1.292s] -- Up-to-date: /home/agustin/Proyectos/Proyecto-Integrador-de-Competencias-2/codigo/ros/install/control_brazo/include/control_brazo/control_brazo/action/detail
[1.292s] -- Up-to-date: /home/agustin/Proyectos/Proyecto-Integrador-de-Competencias-2/codigo/ros/install/control_brazo/include/control_brazo/control_brazo/action/detail/mover_brazo__rosidl_typesupport_fastrtps_c.h
[1.292s] -- Up-to-date: /home/agustin/Proyectos/Proyecto-Integrador-de-Competencias-2/codigo/ros/install/control_brazo/lib/libcontrol_brazo__rosidl_typesupport_fastrtps_c.so
[1.292s] -- Up-to-date: /home/agustin/Proyectos/Proyecto-Integrador-de-Competencias-2/codigo/ros/install/control_brazo/include/control_brazo/control_brazo
[1.293s] -- Up-to-date: /home/agustin/Proyectos/Proyecto-Integrador-de-Competencias-2/codigo/ros/install/control_brazo/include/control_brazo/control_brazo/msg
[1.294s] -- Up-to-date: /home/agustin/Proyectos/Proyecto-Integrador-de-Competencias-2/codigo/ros/install/control_brazo/include/control_brazo/control_brazo/msg/rosidl_generator_cpp__visibility_control.hpp
[1.295s] -- Up-to-date: /home/agustin/Proyectos/Proyecto-Integrador-de-Competencias-2/codigo/ros/install/control_brazo/include/control_brazo/control_brazo/action
[1.295s] -- Up-to-date: /home/agustin/Proyectos/Proyecto-Integrador-de-Competencias-2/codigo/ros/install/control_brazo/include/control_brazo/control_brazo/action/mover_brazo.hpp
[1.295s] -- Up-to-date: /home/agustin/Proyectos/Proyecto-Integrador-de-Competencias-2/codigo/ros/install/control_brazo/include/control_brazo/control_brazo/action/detail
[1.295s] -- Up-to-date: /home/agustin/Proyectos/Proyecto-Integrador-de-Competencias-2/codigo/ros/install/control_brazo/include/control_brazo/control_brazo/action/detail/mover_brazo__builder.hpp
[1.296s] -- Up-to-date: /home/agustin/Proyectos/Proyecto-Integrador-de-Competencias-2/codigo/ros/install/control_brazo/include/control_brazo/control_brazo/action/detail/mover_brazo__traits.hpp
[1.296s] -- Up-to-date: /home/agustin/Proyectos/Proyecto-Integrador-de-Competencias-2/codigo/ros/install/control_brazo/include/control_brazo/control_brazo/action/detail/mover_brazo__struct.hpp
[1.296s] -- Up-to-date: /home/agustin/Proyectos/Proyecto-Integrador-de-Competencias-2/codigo/ros/install/control_brazo/include/control_brazo/control_brazo/action/detail/mover_brazo__type_support.hpp
[1.296s] -- Up-to-date: /home/agustin/Proyectos/Proyecto-Integrador-de-Competencias-2/codigo/ros/install/control_brazo/include/control_brazo/control_brazo
[1.296s] -- Up-to-date: /home/agustin/Proyectos/Proyecto-Integrador-de-Competencias-2/codigo/ros/install/control_brazo/include/control_brazo/control_brazo/msg
[1.297s] -- Up-to-date: /home/agustin/Proyectos/Proyecto-Integrador-de-Competencias-2/codigo/ros/install/control_brazo/include/control_brazo/control_brazo/msg/rosidl_typesupport_fastrtps_cpp__visibility_control.h
[1.297s] -- Up-to-date: /home/agustin/Proyectos/Proyecto-Integrador-de-Competencias-2/codigo/ros/install/control_brazo/include/control_brazo/control_brazo/action
[1.298s] -- Up-to-date: /home/agustin/Proyectos/Proyecto-Integrador-de-Competencias-2/codigo/ros/install/control_brazo/include/control_brazo/control_brazo/action/detail
[1.298s] -- Up-to-date: /home/agustin/Proyectos/Proyecto-Integrador-de-Competencias-2/codigo/ros/install/control_brazo/include/control_brazo/control_brazo/action/detail/dds_fastrtps
[1.298s] -- Up-to-date: /home/agustin/Proyectos/Proyecto-Integrador-de-Competencias-2/codigo/ros/install/control_brazo/include/control_brazo/control_brazo/action/detail/mover_brazo__rosidl_typesupport_fastrtps_cpp.hpp
[1.302s] -- Up-to-date: /home/agustin/Proyectos/Proyecto-Integrador-de-Competencias-2/codigo/ros/install/control_brazo/lib/libcontrol_brazo__rosidl_typesupport_fastrtps_cpp.so
[1.303s] -- Up-to-date: /home/agustin/Proyectos/Proyecto-Integrador-de-Competencias-2/codigo/ros/install/control_brazo/include/control_brazo/control_brazo
[1.303s] -- Up-to-date: /home/agustin/Proyectos/Proyecto-Integrador-de-Competencias-2/codigo/ros/install/control_brazo/include/control_brazo/control_brazo/msg
[1.304s] -- Up-to-date: /home/agustin/Proyectos/Proyecto-Integrador-de-Competencias-2/codigo/ros/install/control_brazo/include/control_brazo/control_brazo/msg/rosidl_typesupport_introspection_c__visibility_control.h
[1.304s] -- Up-to-date: /home/agustin/Proyectos/Proyecto-Integrador-de-Competencias-2/codigo/ros/install/control_brazo/include/control_brazo/control_brazo/action
[1.304s] -- Up-to-date: /home/agustin/Proyectos/Proyecto-Integrador-de-Competencias-2/codigo/ros/install/control_brazo/include/control_brazo/control_brazo/action/detail
[1.304s] -- Up-to-date: /home/agustin/Proyectos/Proyecto-Integrador-de-Competencias-2/codigo/ros/install/control_brazo/include/control_brazo/control_brazo/action/detail/mover_brazo__rosidl_typesupport_introspection_c.h
[1.305s] -- Installing: /home/agustin/Proyectos/Proyecto-Integrador-de-Competencias-2/codigo/ros/install/control_brazo/include/control_brazo/control_brazo/action/detail/mover_brazo__type_support.c
[1.306s] -- Up-to-date: /home/agustin/Proyectos/Proyecto-Integrador-de-Competencias-2/codigo/ros/install/control_brazo/lib/libcontrol_brazo__rosidl_typesupport_introspection_c.so
[1.307s] -- Up-to-date: /home/agustin/Proyectos/Proyecto-Integrador-de-Competencias-2/codigo/ros/install/control_brazo/lib/libcontrol_brazo__rosidl_typesupport_c.so
[1.308s] -- Up-to-date: /home/agustin/Proyectos/Proyecto-Integrador-de-Competencias-2/codigo/ros/install/control_brazo/include/control_brazo/control_brazo
[1.308s] -- Up-to-date: /home/agustin/Proyectos/Proyecto-Integrador-de-Competencias-2/codigo/ros/install/control_brazo/include/control_brazo/control_brazo/action
[1.309s] -- Up-to-date: /home/agustin/Proyectos/Proyecto-Integrador-de-Competencias-2/codigo/ros/install/control_brazo/include/control_brazo/control_brazo/action/detail
[1.309s] -- Up-to-date: /home/agustin/Proyectos/Proyecto-Integrador-de-Competencias-2/codigo/ros/install/control_brazo/include/control_brazo/control_brazo/action/detail/mover_brazo__rosidl_typesupport_introspection_cpp.hpp
[1.309s] -- Up-to-date: /home/agustin/Proyectos/Proyecto-Integrador-de-Competencias-2/codigo/ros/install/control_brazo/include/control_brazo/control_brazo/action/detail/mover_brazo__type_support.cpp
[1.309s] -- Up-to-date: /home/agustin/Proyectos/Proyecto-Integrador-de-Competencias-2/codigo/ros/install/control_brazo/lib/libcontrol_brazo__rosidl_typesupport_introspection_cpp.so
[1.309s] -- Up-to-date: /home/agustin/Proyectos/Proyecto-Integrador-de-Competencias-2/codigo/ros/install/control_brazo/lib/libcontrol_brazo__rosidl_typesupport_cpp.so
[1.311s] -- Up-to-date: /home/agustin/Proyectos/Proyecto-Integrador-de-Competencias-2/codigo/ros/install/control_brazo/share/control_brazo/environment/pythonpath.sh
[1.311s] -- Up-to-date: /home/agustin/Proyectos/Proyecto-Integrador-de-Competencias-2/codigo/ros/install/control_brazo/share/control_brazo/environment/pythonpath.dsv
[1.311s] -- Up-to-date: /home/agustin/Proyectos/Proyecto-Integrador-de-Competencias-2/codigo/ros/install/control_brazo/lib/python3.12/site-packages/control_brazo-0.0.0-py3.12.egg-info
[1.311s] -- Installing: /home/agustin/Proyectos/Proyecto-Integrador-de-Competencias-2/codigo/ros/install/control_brazo/lib/python3.12/site-packages/control_brazo-0.0.0-py3.12.egg-info/SOURCES.txt
[1.311s] -- Installing: /home/agustin/Proyectos/Proyecto-Integrador-de-Competencias-2/codigo/ros/install/control_brazo/lib/python3.12/site-packages/control_brazo-0.0.0-py3.12.egg-info/dependency_links.txt
[1.312s] -- Installing: /home/agustin/Proyectos/Proyecto-Integrador-de-Competencias-2/codigo/ros/install/control_brazo/lib/python3.12/site-packages/control_brazo-0.0.0-py3.12.egg-info/top_level.txt
[1.312s] -- Installing: /home/agustin/Proyectos/Proyecto-Integrador-de-Competencias-2/codigo/ros/install/control_brazo/lib/python3.12/site-packages/control_brazo-0.0.0-py3.12.egg-info/PKG-INFO
[1.312s] -- Up-to-date: /home/agustin/Proyectos/Proyecto-Integrador-de-Competencias-2/codigo/ros/install/control_brazo/lib/python3.12/site-packages/control_brazo
[1.312s] -- Up-to-date: /home/agustin/Proyectos/Proyecto-Integrador-de-Competencias-2/codigo/ros/install/control_brazo/lib/python3.12/site-packages/control_brazo/_control_brazo_s.ep.rosidl_typesupport_c.c
[1.312s] -- Up-to-date: /home/agustin/Proyectos/Proyecto-Integrador-de-Competencias-2/codigo/ros/install/control_brazo/lib/python3.12/site-packages/control_brazo/_control_brazo_s.ep.rosidl_typesupport_introspection_c.c
[1.312s] -- Up-to-date: /home/agustin/Proyectos/Proyecto-Integrador-de-Competencias-2/codigo/ros/install/control_brazo/lib/python3.12/site-packages/control_brazo/control_brazo_s__rosidl_typesupport_c.so
[1.313s] -- Up-to-date: /home/agustin/Proyectos/Proyecto-Integrador-de-Competencias-2/codigo/ros/install/control_brazo/lib/python3.12/site-packages/control_brazo/control_brazo_s__rosidl_typesupport_introspection_c.so
[1.313s] -- Up-to-date: /home/agustin/Proyectos/Proyecto-Integrador-de-Competencias-2/codigo/ros/install/control_brazo/lib/python3.12/site-packages/control_brazo/__init__.py
[1.313s] -- Up-to-date: /home/agustin/Proyectos/Proyecto-Integrador-de-Competencias-2/codigo/ros/install/control_brazo/lib/python3.12/site-packages/control_brazo/control_brazo_s__rosidl_typesupport_fastrtps_c.so
[1.313s] -- Up-to-date: /home/agustin/Proyectos/Proyecto-Integrador-de-Competencias-2/codigo/ros/install/control_brazo/lib/python3.12/site-packages/control_brazo/action
[1.313s] -- Up-to-date: /home/agustin/Proyectos/Proyecto-Integrador-de-Competencias-2/codigo/ros/install/control_brazo/lib/python3.12/site-packages/control_brazo/action/_mover_brazo.py
[1.313s] -- Up-to-date: /home/agustin/Proyectos/Proyecto-Integrador-de-Competencias-2/codigo/ros/install/control_brazo/lib/python3.12/site-packages/control_brazo/action/_mover_brazo_s.c
[1.313s] -- Up-to-date: /home/agustin/Proyectos/Proyecto-Integrador-de-Competencias-2/codigo/ros/install/control_brazo/lib/python3.12/site-packages/control_brazo/action/__init__.py
[1.314s] -- Up-to-date: /home/agustin/Proyectos/Proyecto-Integrador-de-Competencias-2/codigo/ros/install/control_brazo/lib/python3.12/site-packages/control_brazo/_control_brazo_s.ep.rosidl_typesupport_fastrtps_c.c
[1.377s] Listing '/home/agustin/Proyectos/Proyecto-Integrador-de-Competencias-2/codigo/ros/install/control_brazo/lib/python3.12/site-packages/control_brazo'...
[1.378s] Listing '/home/agustin/Proyectos/Proyecto-Integrador-de-Competencias-2/codigo/ros/install/control_brazo/lib/python3.12/site-packages/control_brazo/action'...
[1.391s] -- Up-to-date: /home/agustin/Proyectos/Proyecto-Integrador-de-Competencias-2/codigo/ros/install/control_brazo/lib/python3.12/site-packages/control_brazo/control_brazo_s__rosidl_typesupport_fastrtps_c.so
[1.392s] -- Up-to-date: /home/agustin/Proyectos/Proyecto-Integrador-de-Competencias-2/codigo/ros/install/control_brazo/lib/python3.12/site-packages/control_brazo/control_brazo_s__rosidl_typesupport_introspection_c.so
[1.393s] -- Up-to-date: /home/agustin/Proyectos/Proyecto-Integrador-de-Competencias-2/codigo/ros/install/control_brazo/lib/python3.12/site-packages/control_brazo/control_brazo_s__rosidl_typesupport_c.so
[1.394s] -- Up-to-date: /home/agustin/Proyectos/Proyecto-Integrador-de-Competencias-2/codigo/ros/install/control_brazo/lib/libcontrol_brazo__rosidl_generator_py.so
[1.395s] -- Up-to-date: /home/agustin/Proyectos/Proyecto-Integrador-de-Competencias-2/codigo/ros/install/control_brazo/share/control_brazo/rust
[1.395s] -- Up-to-date: /home/agustin/Proyectos/Proyecto-Integrador-de-Competencias-2/codigo/ros/install/control_brazo/share/control_brazo/rust/build.rs
[1.395s] -- Up-to-date: /home/agustin/Proyectos/Proyecto-Integrador-de-Competencias-2/codigo/ros/install/control_brazo/share/control_brazo/rust/src
[1.396s] -- Up-to-date: /home/agustin/Proyectos/Proyecto-Integrador-de-Competencias-2/codigo/ros/install/control_brazo/share/control_brazo/rust/src/action
[1.396s] -- Up-to-date: /home/agustin/Proyectos/Proyecto-Integrador-de-Competencias-2/codigo/ros/install/control_brazo/share/control_brazo/rust/src/action/rmw.rs
[1.397s] -- Up-to-date: /home/agustin/Proyectos/Proyecto-Integrador-de-Competencias-2/codigo/ros/install/control_brazo/share/control_brazo/rust/src/lib.rs
[1.397s] -- Up-to-date: /home/agustin/Proyectos/Proyecto-Integrador-de-Competencias-2/codigo/ros/install/control_brazo/share/control_brazo/rust/src/action.rs
[1.398s] -- Up-to-date: /home/agustin/Proyectos/Proyecto-Integrador-de-Competencias-2/codigo/ros/install/control_brazo/share/control_brazo/rust/Cargo.toml
[1.398s] -- Up-to-date: /home/agustin/Proyectos/Proyecto-Integrador-de-Competencias-2/codigo/ros/install/control_brazo/share/control_brazo/action/MoverBrazo.idl
[1.398s] -- Up-to-date: /home/agustin/Proyectos/Proyecto-Integrador-de-Competencias-2/codigo/ros/install/control_brazo/share/control_brazo/action/MoverBrazo.action
[1.398s] -- Up-to-date: /home/agustin/Proyectos/Proyecto-Integrador-de-Competencias-2/codigo/ros/install/control_brazo/lib/control_brazo/nodo_control
[1.399s] -- Up-to-date: /home/agustin/Proyectos/Proyecto-Integrador-de-Competencias-2/codigo/ros/install/control_brazo/share/ament_index/resource_index/package_run_dependencies/control_brazo
[1.400s] -- Up-to-date: /home/agustin/Proyectos/Proyecto-Integrador-de-Competencias-2/codigo/ros/install/control_brazo/share/ament_index/resource_index/parent_prefix_path/control_brazo
[1.400s] -- Up-to-date: /home/agustin/Proyectos/Proyecto-Integrador-de-Competencias-2/codigo/ros/install/control_brazo/share/control_brazo/environment/ament_prefix_path.sh
[1.400s] -- Up-to-date: /home/agustin/Proyectos/Proyecto-Integrador-de-Competencias-2/codigo/ros/install/control_brazo/share/control_brazo/environment/ament_prefix_path.dsv
[1.401s] -- Up-to-date: /home/agustin/Proyectos/Proyecto-Integrador-de-Competencias-2/codigo/ros/install/control_brazo/share/control_brazo/environment/path.sh
[1.402s] -- Up-to-date: /home/agustin/Proyectos/Proyecto-Integrador-de-Competencias-2/codigo/ros/install/control_brazo/share/control_brazo/environment/path.dsv
[1.402s] -- Up-to-date: /home/agustin/Proyectos/Proyecto-Integrador-de-Competencias-2/codigo/ros/install/control_brazo/share/control_brazo/local_setup.bash
[1.402s] -- Up-to-date: /home/agustin/Proyectos/Proyecto-Integrador-de-Competencias-2/codigo/ros/install/control_brazo/share/control_brazo/local_setup.sh
[1.403s] -- Up-to-date: /home/agustin/Proyectos/Proyecto-Integrador-de-Competencias-2/codigo/ros/install/control_brazo/share/control_brazo/local_setup.zsh
[1.404s] -- Up-to-date: /home/agustin/Proyectos/Proyecto-Integrador-de-Competencias-2/codigo/ros/install/control_brazo/share/control_brazo/local_setup.dsv
[1.404s] -- Installing: /home/agustin/Proyectos/Proyecto-Integrador-de-Competencias-2/codigo/ros/install/control_brazo/share/control_brazo/package.dsv
[1.404s] -- Up-to-date: /home/agustin/Proyectos/Proyecto-Integrador-de-Competencias-2/codigo/ros/install/control_brazo/share/ament_index/resource_index/packages/control_brazo
[1.405s] -- Up-to-date: /home/agustin/Proyectos/Proyecto-Integrador-de-Competencias-2/codigo/ros/install/control_brazo/share/control_brazo/cmake/export_control_brazo__rosidl_generator_cExport.cmake
[1.405s] -- Up-to-date: /home/agustin/Proyectos/Proyecto-Integrador-de-Competencias-2/codigo/ros/install/control_brazo/share/control_brazo/cmake/export_control_brazo__rosidl_generator_cExport-noconfig.cmake
[1.405s] -- Up-to-date: /home/agustin/Proyectos/Proyecto-Integrador-de-Competencias-2/codigo/ros/install/control_brazo/share/control_brazo/cmake/export_control_brazo__rosidl_typesupport_fastrtps_cExport.cmake
[1.405s] -- Up-to-date: /home/agustin/Proyectos/Proyecto-Integrador-de-Competencias-2/codigo/ros/install/control_brazo/share/control_brazo/cmake/export_control_brazo__rosidl_typesupport_fastrtps_cExport-noconfig.cmake
[1.406s] -- Up-to-date: /home/agustin/Proyectos/Proyecto-Integrador-de-Competencias-2/codigo/ros/install/control_brazo/share/control_brazo/cmake/export_control_brazo__rosidl_generator_cppExport.cmake
[1.408s] -- Up-to-date: /home/agustin/Proyectos/Proyecto-Integrador-de-Competencias-2/codigo/ros/install/control_brazo/share/control_brazo/cmake/export_control_brazo__rosidl_typesupport_fastrtps_cppExport.cmake
[1.408s] -- Up-to-date: /home/agustin/Proyectos/Proyecto-Integrador-de-Competencias-2/codigo/ros/install/control_brazo/share/control_brazo/cmake/export_control_brazo__rosidl_typesupport_fastrtps_cppExport-noconfig.cmake
[1.408s] -- Up-to-date: /home/agustin/Proyectos/Proyecto-Integrador-de-Competencias-2/codigo/ros/install/control_brazo/share/control_brazo/cmake/control_brazo__rosidl_typesupport_introspection_cExport.cmake
[1.410s] -- Up-to-date: /home/agustin/Proyectos/Proyecto-Integrador-de-Competencias-2/codigo/ros/install/control_brazo/share/control_brazo/cmake/control_brazo__rosidl_typesupport_introspection_cExport-noconfig.cmake
[1.410s] -- Up-to-date: /home/agustin/Proyectos/Proyecto-Integrador-de-Competencias-2/codigo/ros/install/control_brazo/share/control_brazo/cmake/control_brazo__rosidl_typesupport_cExport.cmake
[1.410s] -- Up-to-date: /home/agustin/Proyectos/Proyecto-Integrador-de-Competencias-2/codigo/ros/install/control_brazo/share/control_brazo/cmake/control_brazo__rosidl_typesupport_cExport-noconfig.cmake
[1.410s] -- Up-to-date: /home/agustin/Proyectos/Proyecto-Integrador-de-Competencias-2/codigo/ros/install/control_brazo/share/control_brazo/cmake/control_brazo__rosidl_typesupport_introspection_cppExport.cmake
[1.410s] -- Up-to-date: /home/agustin/Proyectos/Proyecto-Integrador-de-Competencias-2/codigo/ros/install/control_brazo/share/control_brazo/cmake/control_brazo__rosidl_typesupport_introspection_cppExport-noconfig.cmake
[1.411s] -- Up-to-date: /home/agustin/Proyectos/Proyecto-Integrador-de-Competencias-2/codigo/ros/install/control_brazo/share/control_brazo/cmake/control_brazo__rosidl_typesupport_cppExport.cmake
[1.412s] -- Up-to-date: /home/agustin/Proyectos/Proyecto-Integrador-de-Competencias-2/codigo/ros/install/control_brazo/share/control_brazo/cmake/control_brazo__rosidl_typesupport_cppExport-noconfig.cmake
[1.412s] -- Up-to-date: /home/agustin/Proyectos/Proyecto-Integrador-de-Competencias-2/codigo/ros/install/control_brazo/share/control_brazo/cmake/export_control_brazo__rosidl_generator_pyExport.cmake
[1.412s] -- Up-to-date: /home/agustin/Proyectos/Proyecto-Integrador-de-Competencias-2/codigo/ros/install/control_brazo/share/control_brazo/cmake/export_control_brazo__rosidl_generator_pyExport-noconfig.cmake
[1.412s] -- Up-to-date: /home/agustin/Proyectos/Proyecto-Integrador-de-Competencias-2/codigo/ros/install/control_brazo/share/control_brazo/cmake/rosidl_cmake-extras.cmake
[1.413s] -- Up-to-date: /home/agustin/Proyectos/Proyecto-Integrador-de-Competencias-2/codigo/ros/install/control_brazo/share/control_brazo/cmake/ament_cmake_export_dependencies-extras.cmake
[1.413s] -- Up-to-date: /home/agustin/Proyectos/Proyecto-Integrador-de-Competencias-2/codigo/ros/install/control_brazo/share/control_brazo/cmake/ament_cmake_export_include_directories-extras.cmake
[1.414s] -- Up-to-date: /home/agustin/Proyectos/Proyecto-Integrador-de-Competencias-2/codigo/ros/install/control_brazo/share/control_brazo/cmake/ament_cmake_export_libraries-extras.cmake
[1.414s] -- Up-to-date: /home/agustin/Proyectos/Proyecto-Integrador-de-Competencias-2/codigo/ros/install/control_brazo/share/control_brazo/cmake/ament_cmake_export_targets-extras.cmake
[1.415s] -- Up-to-date: /home/agustin/Proyectos/Proyecto-Integrador-de-Competencias-2/codigo/ros/install/control_brazo/share/control_brazo/cmake/rosidl_cmake_export_typesupport_targets-extras.cmake
[1.416s] -- Up-to-date: /home/agustin/Proyectos/Proyecto-Integrador-de-Competencias-2/codigo/ros/install/control_brazo/share/control_brazo/cmake/rosidl_cmake_export_typesupport_libraries-extras.cmake
[1.416s] -- Up-to-date: /home/agustin/Proyectos/Proyecto-Integrador-de-Competencias-2/codigo/ros/install/control_brazo/share/control_brazo/cmake/rosidl_cmake_aggregate_target-extras.cmake
[1.416s] -- Up-to-date: /home/agustin/Proyectos/Proyecto-Integrador-de-Competencias-2/codigo/ros/install/control_brazo/share/control_brazo/cmake/control_brazoConfig.cmake
[1.416s] -- Up-to-date: /home/agustin/Proyectos/Proyecto-Integrador-de-Competencias-2/codigo/ros/install/control_brazo/share/control_brazo/cmake/control_brazoConfig-version.cmake
[1.417s] -- Up-to-date: /home/agustin/Proyectos/Proyecto-Integrador-de-Competencias-2/codigo/ros/install/control_brazo/share/control_brazo/package.xml
[1.418s] Invoked command in '/home/agustin/Proyectos/Proyecto-Integrador-de-Competencias-2/codigo/ros/build/control_brazo' returned '0': CMAKE_PREFIX_PATH=${CMAKE_PREFIX_PATH}:/home/agustin/Proyectos/Proyecto-Integrador-de-Competencias-2/codigo/ros/install/descripcion_brazo:/opt/ros/jazzy DEBUGINFOD_URLS=https://debuginfod.archlinux.org /usr/bin/cmake --install /home/agustin/Proyectos/Proyecto-Integrador-de-Competencias-2/codigo/ros/build/control_brazo
