[0.204s] DEBUG:colcon:Command line arguments: ['/usr/bin/colcon', 'build']
[0.204s] DEBUG:colcon:Parsed command line arguments: Namespace(log_base=None, log_level=None, verb_name='build', build_base='build', install_base='install', merge_install=False, symlink_install=False, test_result_base=None, continue_on_error=False, executor='parallel', parallel_workers=2, event_handlers=None, ignore_user_meta=False, metas=['./colcon.meta'], base_paths=['.'], packages_ignore=None, packages_ignore_regex=None, paths=None, packages_up_to=None, packages_up_to_regex=None, packages_above=None, packages_above_and_dependencies=None, packages_above_depth=None, packages_select_by_dep=None, packages_skip_by_dep=None, packages_skip_up_to=None, packages_select_build_failed=False, packages_skip_build_finished=False, packages_select_test_failures=False, packages_skip_test_passed=False, packages_select=None, packages_skip=None, packages_select_regex=None, packages_skip_regex=None, packages_start=None, packages_end=None, allow_overriding=[], cmake_args=None, cmake_target=None, cmake_target_skip_unavailable=False, cmake_clean_cache=False, cmake_clean_first=False, cmake_force_configure=False, ament_cmake_args=None, catkin_cmake_args=None, catkin_skip_building_tests=False, verb_parser=<colcon_defaults.argument_parser.defaults.DefaultArgumentsDecorator object at 0x7f1d01af8fb0>, verb_extension=<colcon_core.verb.build.BuildVerb object at 0x7f1d01af8dd0>, main=<bound method BuildVerb.main of <colcon_core.verb.build.BuildVerb object at 0x7f1d01af8dd0>>)
[0.277s] Level 1:colcon.colcon_core.package_discovery:discover_packages(colcon_meta) check parameters
[0.277s] Level 1:colcon.colcon_core.package_discovery:discover_packages(recursive) check parameters
[0.277s] Level 1:colcon.colcon_core.package_discovery:discover_packages(ignore) check parameters
[0.277s] Level 1:colcon.colcon_core.package_discovery:discover_packages(path) check parameters
[0.277s] Level 1:colcon.colcon_core.package_discovery:discover_packages(colcon_meta) discover
[0.277s] Level 1:colcon.colcon_core.package_discovery:discover_packages(recursive) discover
[0.277s] INFO:colcon.colcon_core.package_discovery:Crawling recursively for packages in '/home/agustin/Proyectos/Proyecto-Integrador-de-Competencias-2/codigo/ros'
[0.278s] Level 1:colcon.colcon_core.package_identification:_identify(.) by extensions ['ignore', 'ignore_ament_install']
[0.278s] Level 1:colcon.colcon_core.package_identification:_identify(.) by extension 'ignore'
[0.278s] Level 1:colcon.colcon_core.package_identification:_identify(.) by extension 'ignore_ament_install'
[0.278s] Level 1:colcon.colcon_core.package_identification:_identify(.) by extensions ['colcon_pkg']
[0.278s] Level 1:colcon.colcon_core.package_identification:_identify(.) by extension 'colcon_pkg'
[0.278s] Level 1:colcon.colcon_core.package_identification:_identify(.) by extensions ['colcon_meta']
[0.278s] Level 1:colcon.colcon_core.package_identification:_identify(.) by extension 'colcon_meta'
[0.278s] Level 1:colcon.colcon_core.package_identification:_identify(.) by extensions ['ros']
[0.278s] Level 1:colcon.colcon_core.package_identification:_identify(.) by extension 'ros'
[0.327s] Level 1:colcon.colcon_core.package_identification:_identify(.) by extensions ['cmake', 'python']
[0.327s] Level 1:colcon.colcon_core.package_identification:_identify(.) by extension 'cmake'
[0.327s] Level 1:colcon.colcon_core.package_identification:_identify(.) by extension 'python'
[0.327s] Level 1:colcon.colcon_core.package_identification:_identify(.) by extensions ['python_setup_py']
[0.328s] Level 1:colcon.colcon_core.package_identification:_identify(.) by extension 'python_setup_py'
[0.328s] Level 1:colcon.colcon_core.package_identification:_identify(build) by extensions ['ignore', 'ignore_ament_install']
[0.328s] Level 1:colcon.colcon_core.package_identification:_identify(build) by extension 'ignore'
[0.328s] Level 1:colcon.colcon_core.package_identification:_identify(build) ignored
[0.328s] Level 1:colcon.colcon_core.package_identification:_identify(install) by extensions ['ignore', 'ignore_ament_install']
[0.328s] Level 1:colcon.colcon_core.package_identification:_identify(install) by extension 'ignore'
[0.328s] Level 1:colcon.colcon_core.package_identification:_identify(install) ignored
[0.329s] Level 1:colcon.colcon_core.package_identification:_identify(log) by extensions ['ignore', 'ignore_ament_install']
[0.329s] Level 1:colcon.colcon_core.package_identification:_identify(log) by extension 'ignore'
[0.329s] Level 1:colcon.colcon_core.package_identification:_identify(log) ignored
[0.329s] Level 1:colcon.colcon_core.package_identification:_identify(src) by extensions ['ignore', 'ignore_ament_install']
[0.329s] Level 1:colcon.colcon_core.package_identification:_identify(src) by extension 'ignore'
[0.329s] Level 1:colcon.colcon_core.package_identification:_identify(src) by extension 'ignore_ament_install'
[0.329s] Level 1:colcon.colcon_core.package_identification:_identify(src) by extensions ['colcon_pkg']
[0.329s] Level 1:colcon.colcon_core.package_identification:_identify(src) by extension 'colcon_pkg'
[0.330s] Level 1:colcon.colcon_core.package_identification:_identify(src) by extensions ['colcon_meta']
[0.330s] Level 1:colcon.colcon_core.package_identification:_identify(src) by extension 'colcon_meta'
[0.330s] Level 1:colcon.colcon_core.package_identification:_identify(src) by extensions ['ros']
[0.330s] Level 1:colcon.colcon_core.package_identification:_identify(src) by extension 'ros'
[0.330s] Level 1:colcon.colcon_core.package_identification:_identify(src) by extensions ['cmake', 'python']
[0.330s] Level 1:colcon.colcon_core.package_identification:_identify(src) by extension 'cmake'
[0.330s] Level 1:colcon.colcon_core.package_identification:_identify(src) by extension 'python'
[0.330s] Level 1:colcon.colcon_core.package_identification:_identify(src) by extensions ['python_setup_py']
[0.330s] Level 1:colcon.colcon_core.package_identification:_identify(src) by extension 'python_setup_py'
[0.330s] Level 1:colcon.colcon_core.package_identification:_identify(src/Descripcion_Brazo) by extensions ['ignore', 'ignore_ament_install']
[0.331s] Level 1:colcon.colcon_core.package_identification:_identify(src/Descripcion_Brazo) by extension 'ignore'
[0.331s] Level 1:colcon.colcon_core.package_identification:_identify(src/Descripcion_Brazo) by extension 'ignore_ament_install'
[0.331s] Level 1:colcon.colcon_core.package_identification:_identify(src/Descripcion_Brazo) by extensions ['colcon_pkg']
[0.331s] Level 1:colcon.colcon_core.package_identification:_identify(src/Descripcion_Brazo) by extension 'colcon_pkg'
[0.331s] Level 1:colcon.colcon_core.package_identification:_identify(src/Descripcion_Brazo) by extensions ['colcon_meta']
[0.331s] Level 1:colcon.colcon_core.package_identification:_identify(src/Descripcion_Brazo) by extension 'colcon_meta'
[0.331s] Level 1:colcon.colcon_core.package_identification:_identify(src/Descripcion_Brazo) by extensions ['ros']
[0.331s] Level 1:colcon.colcon_core.package_identification:_identify(src/Descripcion_Brazo) by extension 'ros'
[0.337s] DEBUG:colcon.colcon_core.package_identification:Package 'src/Descripcion_Brazo' with type 'ros.ament_python' and name 'descripcion_brazo'
[0.337s] Level 1:colcon.colcon_core.package_identification:_identify(src/control_brazo) by extensions ['ignore', 'ignore_ament_install']
[0.337s] Level 1:colcon.colcon_core.package_identification:_identify(src/control_brazo) by extension 'ignore'
[0.337s] Level 1:colcon.colcon_core.package_identification:_identify(src/control_brazo) by extension 'ignore_ament_install'
[0.338s] Level 1:colcon.colcon_core.package_identification:_identify(src/control_brazo) by extensions ['colcon_pkg']
[0.338s] Level 1:colcon.colcon_core.package_identification:_identify(src/control_brazo) by extension 'colcon_pkg'
[0.338s] Level 1:colcon.colcon_core.package_identification:_identify(src/control_brazo) by extensions ['colcon_meta']
[0.338s] Level 1:colcon.colcon_core.package_identification:_identify(src/control_brazo) by extension 'colcon_meta'
[0.338s] Level 1:colcon.colcon_core.package_identification:_identify(src/control_brazo) by extensions ['ros']
[0.338s] Level 1:colcon.colcon_core.package_identification:_identify(src/control_brazo) by extension 'ros'
[0.339s] DEBUG:colcon.colcon_core.package_identification:Package 'src/control_brazo' with type 'ros.ament_cmake' and name 'control_brazo'
[0.339s] Level 1:colcon.colcon_core.package_discovery:discover_packages(recursive) using defaults
[0.339s] Level 1:colcon.colcon_core.package_discovery:discover_packages(ignore) discover
[0.339s] Level 1:colcon.colcon_core.package_discovery:discover_packages(ignore) using defaults
[0.339s] Level 1:colcon.colcon_core.package_discovery:discover_packages(path) discover
[0.339s] Level 1:colcon.colcon_core.package_discovery:discover_packages(path) using defaults
[0.371s] Level 1:colcon.colcon_core.package_discovery:discover_packages(prefix_path) check parameters
[0.371s] Level 1:colcon.colcon_core.package_discovery:discover_packages(prefix_path) discover
[0.374s] DEBUG:colcon.colcon_installed_package_information.package_discovery:Found 2 installed packages in /home/agustin/Proyectos/Proyecto-Integrador-de-Competencias-2/codigo/ros/install
[0.377s] DEBUG:colcon.colcon_installed_package_information.package_discovery:Found 289 installed packages in /opt/ros/jazzy
[0.379s] Level 1:colcon.colcon_core.package_discovery:discover_packages(prefix_path) using defaults
[0.476s] Level 5:colcon.colcon_core.verb:set package 'control_brazo' build argument 'cmake_args' from command line to 'None'
[0.476s] Level 5:colcon.colcon_core.verb:set package 'control_brazo' build argument 'cmake_target' from command line to 'None'
[0.476s] Level 5:colcon.colcon_core.verb:set package 'control_brazo' build argument 'cmake_target_skip_unavailable' from command line to 'False'
[0.476s] Level 5:colcon.colcon_core.verb:set package 'control_brazo' build argument 'cmake_clean_cache' from command line to 'False'
[0.476s] Level 5:colcon.colcon_core.verb:set package 'control_brazo' build argument 'cmake_clean_first' from command line to 'False'
[0.476s] Level 5:colcon.colcon_core.verb:set package 'control_brazo' build argument 'cmake_force_configure' from command line to 'False'
[0.476s] Level 5:colcon.colcon_core.verb:set package 'control_brazo' build argument 'ament_cmake_args' from command line to 'None'
[0.476s] Level 5:colcon.colcon_core.verb:set package 'control_brazo' build argument 'catkin_cmake_args' from command line to 'None'
[0.476s] Level 5:colcon.colcon_core.verb:set package 'control_brazo' build argument 'catkin_skip_building_tests' from command line to 'False'
[0.476s] DEBUG:colcon.colcon_core.verb:Building package 'control_brazo' with the following arguments: {'ament_cmake_args': None, 'build_base': '/home/agustin/Proyectos/Proyecto-Integrador-de-Competencias-2/codigo/ros/build/control_brazo', 'catkin_cmake_args': None, 'catkin_skip_building_tests': False, 'cmake_args': None, 'cmake_clean_cache': False, 'cmake_clean_first': False, 'cmake_force_configure': False, 'cmake_target': None, 'cmake_target_skip_unavailable': False, 'install_base': '/home/agustin/Proyectos/Proyecto-Integrador-de-Competencias-2/codigo/ros/install/control_brazo', 'merge_install': False, 'path': '/home/agustin/Proyectos/Proyecto-Integrador-de-Competencias-2/codigo/ros/src/control_brazo', 'symlink_install': False, 'test_result_base': None}
[0.477s] Level 5:colcon.colcon_core.verb:set package 'descripcion_brazo' build argument 'cmake_args' from command line to 'None'
[0.477s] Level 5:colcon.colcon_core.verb:set package 'descripcion_brazo' build argument 'cmake_target' from command line to 'None'
[0.477s] Level 5:colcon.colcon_core.verb:set package 'descripcion_brazo' build argument 'cmake_target_skip_unavailable' from command line to 'False'
[0.477s] Level 5:colcon.colcon_core.verb:set package 'descripcion_brazo' build argument 'cmake_clean_cache' from command line to 'False'
[0.477s] Level 5:colcon.colcon_core.verb:set package 'descripcion_brazo' build argument 'cmake_clean_first' from command line to 'False'
[0.477s] Level 5:colcon.colcon_core.verb:set package 'descripcion_brazo' build argument 'cmake_force_configure' from command line to 'False'
[0.477s] Level 5:colcon.colcon_core.verb:set package 'descripcion_brazo' build argument 'ament_cmake_args' from command line to 'None'
[0.477s] Level 5:colcon.colcon_core.verb:set package 'descripcion_brazo' build argument 'catkin_cmake_args' from command line to 'None'
[0.477s] Level 5:colcon.colcon_core.verb:set package 'descripcion_brazo' build argument 'catkin_skip_building_tests' from command line to 'False'
[0.477s] DEBUG:colcon.colcon_core.verb:Building package 'descripcion_brazo' with the following arguments: {'ament_cmake_args': None, 'build_base': '/home/agustin/Proyectos/Proyecto-Integrador-de-Competencias-2/codigo/ros/build/descripcion_brazo', 'catkin_cmake_args': None, 'catkin_skip_building_tests': False, 'cmake_args': None, 'cmake_clean_cache': False, 'cmake_clean_first': False, 'cmake_force_configure': False, 'cmake_target': None, 'cmake_target_skip_unavailable': False, 'install_base': '/home/agustin/Proyectos/Proyecto-Integrador-de-Competencias-2/codigo/ros/install/descripcion_brazo', 'merge_install': False, 'path': '/home/agustin/Proyectos/Proyecto-Integrador-de-Competencias-2/codigo/ros/src/Descripcion_Brazo', 'symlink_install': False, 'test_result_base': None}
[0.478s] INFO:colcon.colcon_core.executor:Executing jobs using 'parallel' executor
[0.479s] DEBUG:colcon.colcon_parallel_executor.executor.parallel:run_until_complete
[0.480s] INFO:colcon.colcon_ros.task.ament_cmake.build:Building ROS package in '/home/agustin/Proyectos/Proyecto-Integrador-de-Competencias-2/codigo/ros/src/control_brazo' with build type 'ament_cmake'
[0.480s] INFO:colcon.colcon_cmake.task.cmake.build:Building CMake package in '/home/agustin/Proyectos/Proyecto-Integrador-de-Competencias-2/codigo/ros/src/control_brazo'
[0.485s] INFO:colcon.colcon_core.plugin_system:Skipping extension 'colcon_core.shell.bat': Not used on non-Windows systems
[0.485s] INFO:colcon.colcon_core.shell:Skip shell extension 'powershell' for command environment: Not usable outside of PowerShell
[0.485s] DEBUG:colcon.colcon_core.shell:Skip shell extension 'dsv' for command environment
[0.492s] INFO:colcon.colcon_ros.task.ament_python.build:Building ROS package in '/home/agustin/Proyectos/Proyecto-Integrador-de-Competencias-2/codigo/ros/src/Descripcion_Brazo' with build type 'ament_python'
[0.493s] Level 1:colcon.colcon_core.shell:create_environment_hook('descripcion_brazo', 'ament_prefix_path')
[0.493s] INFO:colcon.colcon_core.shell:Creating environment hook '/home/agustin/Proyectos/Proyecto-Integrador-de-Competencias-2/codigo/ros/install/descripcion_brazo/share/descripcion_brazo/hook/ament_prefix_path.ps1'
[0.494s] INFO:colcon.colcon_core.shell:Creating environment descriptor '/home/agustin/Proyectos/Proyecto-Integrador-de-Competencias-2/codigo/ros/install/descripcion_brazo/share/descripcion_brazo/hook/ament_prefix_path.dsv'
[0.495s] INFO:colcon.colcon_core.shell:Creating environment hook '/home/agustin/Proyectos/Proyecto-Integrador-de-Competencias-2/codigo/ros/install/descripcion_brazo/share/descripcion_brazo/hook/ament_prefix_path.sh'
[0.496s] INFO:colcon.colcon_core.shell:Skip shell extension 'powershell' for command environment: Not usable outside of PowerShell
[0.496s] DEBUG:colcon.colcon_core.shell:Skip shell extension 'dsv' for command environment
[0.510s] DEBUG:colcon.colcon_core.event_handler.log_command:Invoking command in '/home/agustin/Proyectos/Proyecto-Integrador-de-Competencias-2/codigo/ros/build/control_brazo': CMAKE_PREFIX_PATH=${CMAKE_PREFIX_PATH}:/home/agustin/Proyectos/Proyecto-Integrador-de-Competencias-2/codigo/ros/install/descripcion_brazo:/opt/ros/jazzy DEBUGINFOD_URLS=https://debuginfod.archlinux.org /usr/bin/cmake --build /home/agustin/Proyectos/Proyecto-Integrador-de-Competencias-2/codigo/ros/build/control_brazo -- -j2 -l2
[1.137s] INFO:colcon.colcon_core.task.python.build:Building Python package in '/home/agustin/Proyectos/Proyecto-Integrador-de-Competencias-2/codigo/ros/src/Descripcion_Brazo'
[1.138s] INFO:colcon.colcon_core.shell:Skip shell extension 'powershell' for command environment: Not usable outside of PowerShell
[1.138s] DEBUG:colcon.colcon_core.shell:Skip shell extension 'dsv' for command environment
[2.725s] DEBUG:colcon.colcon_core.task.python.build:Available setuptools commands: easy_install, egg_info, install_headers, upload_docs, check, install_data, install, alias, setopt, bdist_egg, dist_info, upload, rotate, install_lib, bdist_dumb, sdist, develop, symlink_data, build_py, build, build_clib, build_scripts, bdist, install_egg_info, register, test, bdist_rpm, editable_wheel, clean, saveopts, build_ext, install_scripts
[2.729s] DEBUG:colcon.colcon_core.event_handler.log_command:Invoking command in '/home/agustin/Proyectos/Proyecto-Integrador-de-Competencias-2/codigo/ros/src/Descripcion_Brazo': DEBUGINFOD_URLS=https://debuginfod.archlinux.org PYTHONPATH=/home/agustin/Proyectos/Proyecto-Integrador-de-Competencias-2/codigo/ros/build/descripcion_brazo/prefix_override:/usr/lib/python3/dist-packages/colcon_core/task/python/colcon_distutils_commands:/home/agustin/Proyectos/Proyecto-Integrador-de-Competencias-2/codigo/ros/install/descripcion_brazo/lib/python3.12/site-packages:${PYTHONPATH} /usr/bin/python3 -W ignore:setup.py install is deprecated -W ignore:easy_install command is deprecated setup.py egg_info --egg-base ../../build/descripcion_brazo build --build-base /home/agustin/Proyectos/Proyecto-Integrador-de-Competencias-2/codigo/ros/build/descripcion_brazo/build install --record /home/agustin/Proyectos/Proyecto-Integrador-de-Competencias-2/codigo/ros/build/descripcion_brazo/install.log --install-scripts $base/lib/Descripcion_Brazo --single-version-externally-managed install_data
[3.904s] DEBUG:colcon.colcon_core.event_handler.log_command:Invoked command in '/home/agustin/Proyectos/Proyecto-Integrador-de-Competencias-2/codigo/ros/src/Descripcion_Brazo' returned '0': DEBUGINFOD_URLS=https://debuginfod.archlinux.org PYTHONPATH=/home/agustin/Proyectos/Proyecto-Integrador-de-Competencias-2/codigo/ros/build/descripcion_brazo/prefix_override:/usr/lib/python3/dist-packages/colcon_core/task/python/colcon_distutils_commands:/home/agustin/Proyectos/Proyecto-Integrador-de-Competencias-2/codigo/ros/install/descripcion_brazo/lib/python3.12/site-packages:${PYTHONPATH} /usr/bin/python3 -W ignore:setup.py install is deprecated -W ignore:easy_install command is deprecated setup.py egg_info --egg-base ../../build/descripcion_brazo build --build-base /home/agustin/Proyectos/Proyecto-Integrador-de-Competencias-2/codigo/ros/build/descripcion_brazo/build install --record /home/agustin/Proyectos/Proyecto-Integrador-de-Competencias-2/codigo/ros/build/descripcion_brazo/install.log --install-scripts $base/lib/Descripcion_Brazo --single-version-externally-managed install_data
[3.909s] Level 1:colcon.colcon_core.environment:checking '/home/agustin/Proyectos/Proyecto-Integrador-de-Competencias-2/codigo/ros/install/descripcion_brazo' for CMake module files
[3.910s] Level 1:colcon.colcon_core.environment:checking '/home/agustin/Proyectos/Proyecto-Integrador-de-Competencias-2/codigo/ros/install/descripcion_brazo' for CMake config files
[3.913s] Level 1:colcon.colcon_core.environment:checking '/home/agustin/Proyectos/Proyecto-Integrador-de-Competencias-2/codigo/ros/install/descripcion_brazo/lib'
[3.913s] Level 1:colcon.colcon_core.environment:checking '/home/agustin/Proyectos/Proyecto-Integrador-de-Competencias-2/codigo/ros/install/descripcion_brazo/bin'
[3.913s] Level 1:colcon.colcon_core.environment:checking '/home/agustin/Proyectos/Proyecto-Integrador-de-Competencias-2/codigo/ros/install/descripcion_brazo/lib/pkgconfig/descripcion_brazo.pc'
[3.914s] Level 1:colcon.colcon_core.environment:checking '/home/agustin/Proyectos/Proyecto-Integrador-de-Competencias-2/codigo/ros/install/descripcion_brazo/lib/python3.12/site-packages'
[3.914s] Level 1:colcon.colcon_core.shell:create_environment_hook('descripcion_brazo', 'pythonpath')
[3.914s] INFO:colcon.colcon_core.shell:Creating environment hook '/home/agustin/Proyectos/Proyecto-Integrador-de-Competencias-2/codigo/ros/install/descripcion_brazo/share/descripcion_brazo/hook/pythonpath.ps1'
[3.915s] INFO:colcon.colcon_core.shell:Creating environment descriptor '/home/agustin/Proyectos/Proyecto-Integrador-de-Competencias-2/codigo/ros/install/descripcion_brazo/share/descripcion_brazo/hook/pythonpath.dsv'
[3.916s] INFO:colcon.colcon_core.shell:Creating environment hook '/home/agustin/Proyectos/Proyecto-Integrador-de-Competencias-2/codigo/ros/install/descripcion_brazo/share/descripcion_brazo/hook/pythonpath.sh'
[3.918s] Level 1:colcon.colcon_core.environment:checking '/home/agustin/Proyectos/Proyecto-Integrador-de-Competencias-2/codigo/ros/install/descripcion_brazo/bin'
[3.918s] Level 1:colcon.colcon_core.environment:create_environment_scripts_only(descripcion_brazo)
[3.918s] INFO:colcon.colcon_core.shell:Creating package script '/home/agustin/Proyectos/Proyecto-Integrador-de-Competencias-2/codigo/ros/install/descripcion_brazo/share/descripcion_brazo/package.ps1'
[3.921s] INFO:colcon.colcon_core.shell:Creating package descriptor '/home/agustin/Proyectos/Proyecto-Integrador-de-Competencias-2/codigo/ros/install/descripcion_brazo/share/descripcion_brazo/package.dsv'
[3.922s] INFO:colcon.colcon_core.shell:Creating package script '/home/agustin/Proyectos/Proyecto-Integrador-de-Competencias-2/codigo/ros/install/descripcion_brazo/share/descripcion_brazo/package.sh'
[3.924s] INFO:colcon.colcon_core.shell:Creating package script '/home/agustin/Proyectos/Proyecto-Integrador-de-Competencias-2/codigo/ros/install/descripcion_brazo/share/descripcion_brazo/package.bash'
[3.925s] INFO:colcon.colcon_core.shell:Creating package script '/home/agustin/Proyectos/Proyecto-Integrador-de-Competencias-2/codigo/ros/install/descripcion_brazo/share/descripcion_brazo/package.zsh'
[3.926s] Level 1:colcon.colcon_core.environment:create_file_with_runtime_dependencies(/home/agustin/Proyectos/Proyecto-Integrador-de-Competencias-2/codigo/ros/install/descripcion_brazo/share/colcon-core/packages/descripcion_brazo)
[13.664s] DEBUG:colcon.colcon_core.event_handler.log_command:Invoked command in '/home/agustin/Proyectos/Proyecto-Integrador-de-Competencias-2/codigo/ros/build/control_brazo' returned '0': CMAKE_PREFIX_PATH=${CMAKE_PREFIX_PATH}:/home/agustin/Proyectos/Proyecto-Integrador-de-Competencias-2/codigo/ros/install/descripcion_brazo:/opt/ros/jazzy DEBUGINFOD_URLS=https://debuginfod.archlinux.org /usr/bin/cmake --build /home/agustin/Proyectos/Proyecto-Integrador-de-Competencias-2/codigo/ros/build/control_brazo -- -j2 -l2
[13.683s] DEBUG:colcon.colcon_core.event_handler.log_command:Invoking command in '/home/agustin/Proyectos/Proyecto-Integrador-de-Competencias-2/codigo/ros/build/control_brazo': CMAKE_PREFIX_PATH=${CMAKE_PREFIX_PATH}:/home/agustin/Proyectos/Proyecto-Integrador-de-Competencias-2/codigo/ros/install/descripcion_brazo:/opt/ros/jazzy DEBUGINFOD_URLS=https://debuginfod.archlinux.org /usr/bin/cmake --install /home/agustin/Proyectos/Proyecto-Integrador-de-Competencias-2/codigo/ros/build/control_brazo
[13.814s] Level 1:colcon.colcon_core.environment:create_environment_scripts_only(control_brazo)
[13.815s] Level 1:colcon.colcon_core.environment:checking '/home/agustin/Proyectos/Proyecto-Integrador-de-Competencias-2/codigo/ros/install/control_brazo' for CMake module files
[13.816s] DEBUG:colcon.colcon_core.event_handler.log_command:Invoked command in '/home/agustin/Proyectos/Proyecto-Integrador-de-Competencias-2/codigo/ros/build/control_brazo' returned '0': CMAKE_PREFIX_PATH=${CMAKE_PREFIX_PATH}:/home/agustin/Proyectos/Proyecto-Integrador-de-Competencias-2/codigo/ros/install/descripcion_brazo:/opt/ros/jazzy DEBUGINFOD_URLS=https://debuginfod.archlinux.org /usr/bin/cmake --install /home/agustin/Proyectos/Proyecto-Integrador-de-Competencias-2/codigo/ros/build/control_brazo
[13.818s] Level 1:colcon.colcon_core.environment:checking '/home/agustin/Proyectos/Proyecto-Integrador-de-Competencias-2/codigo/ros/install/control_brazo' for CMake config files
[13.819s] Level 1:colcon.colcon_core.shell:create_environment_hook('control_brazo', 'cmake_prefix_path')
[13.819s] INFO:colcon.colcon_core.shell:Creating environment hook '/home/agustin/Proyectos/Proyecto-Integrador-de-Competencias-2/codigo/ros/install/control_brazo/share/control_brazo/hook/cmake_prefix_path.ps1'
[13.820s] INFO:colcon.colcon_core.shell:Creating environment descriptor '/home/agustin/Proyectos/Proyecto-Integrador-de-Competencias-2/codigo/ros/install/control_brazo/share/control_brazo/hook/cmake_prefix_path.dsv'
[13.821s] INFO:colcon.colcon_core.shell:Creating environment hook '/home/agustin/Proyectos/Proyecto-Integrador-de-Competencias-2/codigo/ros/install/control_brazo/share/control_brazo/hook/cmake_prefix_path.sh'
[13.822s] Level 1:colcon.colcon_core.environment:checking '/home/agustin/Proyectos/Proyecto-Integrador-de-Competencias-2/codigo/ros/install/control_brazo/lib'
[13.822s] Level 1:colcon.colcon_core.shell:create_environment_hook('control_brazo', 'ld_library_path_lib')
[13.823s] INFO:colcon.colcon_core.shell:Creating environment hook '/home/agustin/Proyectos/Proyecto-Integrador-de-Competencias-2/codigo/ros/install/control_brazo/share/control_brazo/hook/ld_library_path_lib.ps1'
[13.823s] INFO:colcon.colcon_core.shell:Creating environment descriptor '/home/agustin/Proyectos/Proyecto-Integrador-de-Competencias-2/codigo/ros/install/control_brazo/share/control_brazo/hook/ld_library_path_lib.dsv'
[13.824s] INFO:colcon.colcon_core.shell:Creating environment hook '/home/agustin/Proyectos/Proyecto-Integrador-de-Competencias-2/codigo/ros/install/control_brazo/share/control_brazo/hook/ld_library_path_lib.sh'
[13.825s] Level 1:colcon.colcon_core.environment:checking '/home/agustin/Proyectos/Proyecto-Integrador-de-Competencias-2/codigo/ros/install/control_brazo/bin'
[13.825s] Level 1:colcon.colcon_core.environment:checking '/home/agustin/Proyectos/Proyecto-Integrador-de-Competencias-2/codigo/ros/install/control_brazo/lib/pkgconfig/control_brazo.pc'
[13.826s] Level 1:colcon.colcon_core.environment:checking '/home/agustin/Proyectos/Proyecto-Integrador-de-Competencias-2/codigo/ros/install/control_brazo/lib/python3.12/site-packages'
[13.826s] Level 1:colcon.colcon_core.shell:create_environment_hook('control_brazo', 'pythonpath')
[13.826s] INFO:colcon.colcon_core.shell:Creating environment hook '/home/agustin/Proyectos/Proyecto-Integrador-de-Competencias-2/codigo/ros/install/control_brazo/share/control_brazo/hook/pythonpath.ps1'
[13.827s] INFO:colcon.colcon_core.shell:Creating environment descriptor '/home/agustin/Proyectos/Proyecto-Integrador-de-Competencias-2/codigo/ros/install/control_brazo/share/control_brazo/hook/pythonpath.dsv'
[13.828s] INFO:colcon.colcon_core.shell:Creating environment hook '/home/agustin/Proyectos/Proyecto-Integrador-de-Competencias-2/codigo/ros/install/control_brazo/share/control_brazo/hook/pythonpath.sh'
[13.829s] Level 1:colcon.colcon_core.environment:checking '/home/agustin/Proyectos/Proyecto-Integrador-de-Competencias-2/codigo/ros/install/control_brazo/bin'
[13.830s] INFO:colcon.colcon_core.shell:Creating package script '/home/agustin/Proyectos/Proyecto-Integrador-de-Competencias-2/codigo/ros/install/control_brazo/share/control_brazo/package.ps1'
[13.832s] INFO:colcon.colcon_core.shell:Creating package descriptor '/home/agustin/Proyectos/Proyecto-Integrador-de-Competencias-2/codigo/ros/install/control_brazo/share/control_brazo/package.dsv'
[13.833s] INFO:colcon.colcon_core.shell:Creating package script '/home/agustin/Proyectos/Proyecto-Integrador-de-Competencias-2/codigo/ros/install/control_brazo/share/control_brazo/package.sh'
[13.834s] INFO:colcon.colcon_core.shell:Creating package script '/home/agustin/Proyectos/Proyecto-Integrador-de-Competencias-2/codigo/ros/install/control_brazo/share/control_brazo/package.bash'
[13.834s] INFO:colcon.colcon_core.shell:Creating package script '/home/agustin/Proyectos/Proyecto-Integrador-de-Competencias-2/codigo/ros/install/control_brazo/share/control_brazo/package.zsh'
[13.835s] Level 1:colcon.colcon_core.environment:create_file_with_runtime_dependencies(/home/agustin/Proyectos/Proyecto-Integrador-de-Competencias-2/codigo/ros/install/control_brazo/share/colcon-core/packages/control_brazo)
[13.836s] Level 1:colcon.colcon_core.environment:create_environment_scripts_only(control_brazo)
[13.836s] Level 1:colcon.colcon_core.environment:checking '/home/agustin/Proyectos/Proyecto-Integrador-de-Competencias-2/codigo/ros/install/control_brazo' for CMake module files
[13.838s] Level 1:colcon.colcon_core.environment:checking '/home/agustin/Proyectos/Proyecto-Integrador-de-Competencias-2/codigo/ros/install/control_brazo' for CMake config files
[13.839s] Level 1:colcon.colcon_core.shell:create_environment_hook('control_brazo', 'cmake_prefix_path')
[13.839s] INFO:colcon.colcon_core.shell:Creating environment hook '/home/agustin/Proyectos/Proyecto-Integrador-de-Competencias-2/codigo/ros/install/control_brazo/share/control_brazo/hook/cmake_prefix_path.ps1'
[13.840s] INFO:colcon.colcon_core.shell:Creating environment descriptor '/home/agustin/Proyectos/Proyecto-Integrador-de-Competencias-2/codigo/ros/install/control_brazo/share/control_brazo/hook/cmake_prefix_path.dsv'
[13.841s] INFO:colcon.colcon_core.shell:Creating environment hook '/home/agustin/Proyectos/Proyecto-Integrador-de-Competencias-2/codigo/ros/install/control_brazo/share/control_brazo/hook/cmake_prefix_path.sh'
[13.842s] Level 1:colcon.colcon_core.environment:checking '/home/agustin/Proyectos/Proyecto-Integrador-de-Competencias-2/codigo/ros/install/control_brazo/lib'
[13.842s] Level 1:colcon.colcon_core.shell:create_environment_hook('control_brazo', 'ld_library_path_lib')
[13.842s] INFO:colcon.colcon_core.shell:Creating environment hook '/home/agustin/Proyectos/Proyecto-Integrador-de-Competencias-2/codigo/ros/install/control_brazo/share/control_brazo/hook/ld_library_path_lib.ps1'
[13.843s] INFO:colcon.colcon_core.shell:Creating environment descriptor '/home/agustin/Proyectos/Proyecto-Integrador-de-Competencias-2/codigo/ros/install/control_brazo/share/control_brazo/hook/ld_library_path_lib.dsv'
[13.844s] INFO:colcon.colcon_core.shell:Creating environment hook '/home/agustin/Proyectos/Proyecto-Integrador-de-Competencias-2/codigo/ros/install/control_brazo/share/control_brazo/hook/ld_library_path_lib.sh'
[13.844s] Level 1:colcon.colcon_core.environment:checking '/home/agustin/Proyectos/Proyecto-Integrador-de-Competencias-2/codigo/ros/install/control_brazo/bin'
[13.845s] Level 1:colcon.colcon_core.environment:checking '/home/agustin/Proyectos/Proyecto-Integrador-de-Competencias-2/codigo/ros/install/control_brazo/lib/pkgconfig/control_brazo.pc'
[13.845s] Level 1:colcon.colcon_core.environment:checking '/home/agustin/Proyectos/Proyecto-Integrador-de-Competencias-2/codigo/ros/install/control_brazo/lib/python3.12/site-packages'
[13.845s] Level 1:colcon.colcon_core.shell:create_environment_hook('control_brazo', 'pythonpath')
[13.846s] INFO:colcon.colcon_core.shell:Creating environment hook '/home/agustin/Proyectos/Proyecto-Integrador-de-Competencias-2/codigo/ros/install/control_brazo/share/control_brazo/hook/pythonpath.ps1'
[13.846s] INFO:colcon.colcon_core.shell:Creating environment descriptor '/home/agustin/Proyectos/Proyecto-Integrador-de-Competencias-2/codigo/ros/install/control_brazo/share/control_brazo/hook/pythonpath.dsv'
[13.847s] INFO:colcon.colcon_core.shell:Creating environment hook '/home/agustin/Proyectos/Proyecto-Integrador-de-Competencias-2/codigo/ros/install/control_brazo/share/control_brazo/hook/pythonpath.sh'
[13.849s] Level 1:colcon.colcon_core.environment:checking '/home/agustin/Proyectos/Proyecto-Integrador-de-Competencias-2/codigo/ros/install/control_brazo/bin'
[13.850s] INFO:colcon.colcon_core.shell:Creating package script '/home/agustin/Proyectos/Proyecto-Integrador-de-Competencias-2/codigo/ros/install/control_brazo/share/control_brazo/package.ps1'
[13.851s] INFO:colcon.colcon_core.shell:Creating package descriptor '/home/agustin/Proyectos/Proyecto-Integrador-de-Competencias-2/codigo/ros/install/control_brazo/share/control_brazo/package.dsv'
[13.852s] INFO:colcon.colcon_core.shell:Creating package script '/home/agustin/Proyectos/Proyecto-Integrador-de-Competencias-2/codigo/ros/install/control_brazo/share/control_brazo/package.sh'
[13.853s] INFO:colcon.colcon_core.shell:Creating package script '/home/agustin/Proyectos/Proyecto-Integrador-de-Competencias-2/codigo/ros/install/control_brazo/share/control_brazo/package.bash'
[13.854s] INFO:colcon.colcon_core.shell:Creating package script '/home/agustin/Proyectos/Proyecto-Integrador-de-Competencias-2/codigo/ros/install/control_brazo/share/control_brazo/package.zsh'
[13.855s] Level 1:colcon.colcon_core.environment:create_file_with_runtime_dependencies(/home/agustin/Proyectos/Proyecto-Integrador-de-Competencias-2/codigo/ros/install/control_brazo/share/colcon-core/packages/control_brazo)
[13.856s] DEBUG:colcon.colcon_parallel_executor.executor.parallel:closing loop
[13.856s] DEBUG:colcon.colcon_parallel_executor.executor.parallel:loop closed
[13.856s] DEBUG:colcon.colcon_parallel_executor.executor.parallel:run_until_complete finished with '0'
[13.857s] DEBUG:colcon.colcon_core.event_reactor:joining thread
[13.870s] INFO:colcon.colcon_core.plugin_system:Skipping extension 'colcon_notification.desktop_notification.notify_send': Could not find 'notify-send'
[13.870s] INFO:colcon.colcon_core.plugin_system:Skipping extension 'colcon_notification.desktop_notification.terminal_notifier': Not used on non-Darwin systems
[13.870s] INFO:colcon.colcon_core.plugin_system:Skipping extension 'colcon_notification.desktop_notification.win32': Not used on non-Windows systems
[13.870s] INFO:colcon.colcon_notification.desktop_notification:Sending desktop notification using 'notify2'
[13.872s] DEBUG:colcon.colcon_notification.desktop_notification.notify2:Failed to initialize notify2: org.freedesktop.DBus.Error.ServiceUnknown: The name is not activatable
[13.872s] DEBUG:colcon.colcon_core.event_reactor:joined thread
[13.872s] INFO:colcon.colcon_core.shell:Creating prefix script '/home/agustin/Proyectos/Proyecto-Integrador-de-Competencias-2/codigo/ros/install/local_setup.ps1'
[13.874s] INFO:colcon.colcon_core.shell:Creating prefix util module '/home/agustin/Proyectos/Proyecto-Integrador-de-Competencias-2/codigo/ros/install/_local_setup_util_ps1.py'
[13.876s] INFO:colcon.colcon_core.shell:Creating prefix chain script '/home/agustin/Proyectos/Proyecto-Integrador-de-Competencias-2/codigo/ros/install/setup.ps1'
[13.878s] INFO:colcon.colcon_core.shell:Creating prefix script '/home/agustin/Proyectos/Proyecto-Integrador-de-Competencias-2/codigo/ros/install/local_setup.sh'
[13.880s] INFO:colcon.colcon_core.shell:Creating prefix util module '/home/agustin/Proyectos/Proyecto-Integrador-de-Competencias-2/codigo/ros/install/_local_setup_util_sh.py'
[13.881s] INFO:colcon.colcon_core.shell:Creating prefix chain script '/home/agustin/Proyectos/Proyecto-Integrador-de-Competencias-2/codigo/ros/install/setup.sh'
[13.883s] INFO:colcon.colcon_core.shell:Creating prefix script '/home/agustin/Proyectos/Proyecto-Integrador-de-Competencias-2/codigo/ros/install/local_setup.bash'
[13.884s] INFO:colcon.colcon_core.shell:Creating prefix chain script '/home/agustin/Proyectos/Proyecto-Integrador-de-Competencias-2/codigo/ros/install/setup.bash'
[13.886s] INFO:colcon.colcon_core.shell:Creating prefix script '/home/agustin/Proyectos/Proyecto-Integrador-de-Competencias-2/codigo/ros/install/local_setup.zsh'
[13.887s] INFO:colcon.colcon_core.shell:Creating prefix chain script '/home/agustin/Proyectos/Proyecto-Integrador-de-Competencias-2/codigo/ros/install/setup.zsh'
